2026-09-02 10:20:25,511 [WARNING] src.timeline.project_io: メディアの実体が見つかりません (1 件)。該当クリップを無効化します: m1
2026-09-02 10:20:25,515 [INFO] src.timeline.project_io: プロジェクト読込: D:/develop/autoedit/output/20260827_UglyEnthusiasticAntRaccAttack-zIokKKm2BqYKuZQH_portrait.timeline.json
2026-09-02 10:20:25,522 [INFO] src.modules.subtitle_generator: 縦動画のため字幕設定を縦用へ上書き (font/改行/配置/余白)
2026-09-02 10:55:32,392 [INFO] src.archive.clip_writer: clip1 prepare 完了 (字幕 2 件)
2026-09-02 10:55:32,406 [INFO] src.archive.clip_writer: clip1 prepare 完了 (字幕 2 件)
2026-09-02 10:55:32,406 [INFO] src.archive.clip_writer: 編集点準備: 残す区間 2 件 / 想定尺 10.00s (素材 30.00s)
2026-09-02 10:55:32,406 [INFO] src.archive.clip_writer: clip1 prepare 完了 (字幕 2 件 / 実カットなし)
2026-09-02 10:55:32,406 [INFO] src.archive.clip_writer: 編集点準備: 残す区間 2 件 / 想定尺 10.00s (素材 30.00s)
2026-09-02 10:55:32,406 [INFO] src.archive.clip_writer: clip1 prepare 完了 (字幕 2 件 / 実カットなし)
2026-09-02 10:55:32,406 [INFO] src.archive.clip_writer: 編集点準備: 残す区間 2 件 / 想定尺 10.00s (素材 30.00s)
2026-09-02 10:55:32,406 [INFO] src.archive.clip_writer: clip1 prepare 完了 (字幕 2 件 / 実カットなし)
2026-09-02 10:55:32,406 [INFO] src.archive.clip_writer: 編集点準備: 残す区間 2 件 / 想定尺 10.00s (素材 30.00s)
2026-09-02 10:55:32,406 [INFO] src.archive.clip_writer: clip1 prepare 完了 (字幕 2 件 / 実カットなし)
2026-09-02 10:55:32,406 [INFO] src.archive.clip_writer: 編集点準備: 残す区間 2 件 / 想定尺 10.00s (素材 30.00s)
2026-09-02 10:55:32,406 [INFO] src.archive.clip_writer: clip1 prepare 完了 (字幕 2 件 / 実カットなし)
2026-09-02 10:55:32,406 [INFO] src.archive.clip_writer: 編集点準備: 残す区間 2 件 / 想定尺 10.00s (素材 30.00s)
2026-09-02 10:55:32,406 [INFO] src.archive.clip_writer: clip1 prepare 完了 (字幕 2 件 / 実カットなし)
2026-09-02 10:55:32,406 [INFO] src.archive.clip_writer: 編集点準備: 残す区間 2 件 / 想定尺 10.00s (素材 30.00s)
2026-09-02 10:55:32,406 [INFO] src.archive.clip_writer: clip1 prepare 完了 (字幕 0 件 / 実カットなし)
2026-09-02 10:55:32,406 [INFO] src.archive.clip_writer: 編集点準備: 残す区間 2 件 / 想定尺 10.00s (素材 30.00s)
2026-09-02 10:55:32,421 [INFO] src.timeline.project_io: プロジェクト保存: C:\Users\evolu\AppData\Local\Temp\archive_resume_78d707f5\vod.archive.timeline.json
2026-09-02 10:55:32,437 [INFO] src.timeline.project_io: プロジェクト読込: C:\Users\evolu\AppData\Local\Temp\archive_resume_78d707f5\vod.archive.timeline.json
2026-09-02 10:55:32,453 [INFO] src.timeline.project_io: プロジェクト保存: C:\Users\evolu\AppData\Local\Temp\archive_resume_348s2ipw\vod.archive.timeline.json
2026-09-02 10:55:32,456 [INFO] src.timeline.project_io: プロジェクト保存: C:\Users\evolu\AppData\Local\Temp\archive_resume_348s2ipw\clip.timeline.json
2026-09-02 10:55:32,456 [INFO] src.archive.project_resume: ==================================================
2026-09-02 10:55:32,456 [INFO] src.archive.project_resume: 保存済みアーカイブプロジェクトから再開: C:\Users\evolu\AppData\Local\Temp\archive_resume_348s2ipw\clip.timeline.json
2026-09-02 10:55:32,469 [INFO] src.timeline.project_io: プロジェクト読込: C:\Users\evolu\AppData\Local\Temp\archive_resume_348s2ipw\clip.timeline.json
2026-09-02 10:55:32,469 [INFO] src.timeline.project_io: プロジェクト保存: C:\Users\evolu\AppData\Local\Temp\archive_resume_k3ofuca9\vod.archive.timeline.json
2026-09-02 10:55:32,490 [INFO] src.timeline.project_io: プロジェクト読込: C:\Users\evolu\AppData\Local\Temp\archive_resume_k3ofuca9\vod.archive.timeline.json
2026-09-02 10:55:32,492 [INFO] src.archive.project_resume: 音声サイドカーが無いため clip1 の正規化をやり直します
2026-09-02 10:55:32,493 [INFO] src.archive.project_resume: 音声サイドカーが無いため clip2 の正規化をやり直します
2026-09-02 10:55:32,498 [INFO] src.timeline.project_io: プロジェクト保存: C:\Users\evolu\AppData\Local\Temp\archive_resume_vd4d2ut3\vod.archive.timeline.json
2026-09-02 10:55:32,520 [INFO] src.timeline.project_io: プロジェクト読込: C:\Users\evolu\AppData\Local\Temp\archive_resume_vd4d2ut3\vod.archive.timeline.json
2026-09-02 10:55:32,520 [INFO] src.archive.project_resume: 音声サイドカーが無いため clip1 の正規化をやり直します
2026-09-02 10:55:32,520 [INFO] src.archive.project_resume: 音声サイドカーが無いため clip2 の正規化をやり直します
2026-09-02 10:55:32,530 [INFO] src.timeline.project_io: プロジェクト保存: C:\Users\evolu\AppData\Local\Temp\archive_resume_7fqfxgm6\vod.archive.timeline.json
2026-09-02 10:55:32,532 [INFO] src.archive.project_resume: ==================================================
2026-09-02 10:55:32,532 [INFO] src.archive.project_resume: 保存済みアーカイブプロジェクトから再開: C:\Users\evolu\AppData\Local\Temp\archive_resume_7fqfxgm6\no_such.timeline.json
2026-09-02 10:55:32,532 [INFO] src.timeline.project_io: プロジェクト保存: C:\Users\evolu\AppData\Local\Temp\archive_resume_tajiie0b\vod.archive.timeline.json
2026-09-02 10:55:32,556 [INFO] src.timeline.project_io: プロジェクト読込: C:\Users\evolu\AppData\Local\Temp\archive_resume_tajiie0b\vod.archive.timeline.json
2026-09-02 10:55:32,571 [INFO] src.timeline.project_io: プロジェクト保存: C:\Users\evolu\AppData\Local\Temp\archive_resume_kbify8gk\vod.archive.timeline.json
2026-09-02 10:55:32,595 [INFO] src.timeline.project_io: プロジェクト読込: C:\Users\evolu\AppData\Local\Temp\archive_resume_kbify8gk\vod.archive.timeline.json
2026-09-02 10:55:32,597 [INFO] src.archive.project_resume: 設定に従い切り出したままの音量で使います: clip1
2026-09-02 10:55:32,597 [INFO] src.archive.project_resume: 設定に従い切り出したままの音量で使います: clip2
2026-09-02 10:55:32,600 [WARNING] src.timeline.media_sidecar: 音声サイドカーの尺が保存値と合いません (100.00s / 期待 103.00s) → 使いません
2026-09-02 10:55:32,600 [INFO] src.archive.timeline_builder: アーカイブ Timeline 構築: 2 クリップ / V1 2 本 / S1 0 件 / 全長 200.0s
2026-09-02 10:55:32,600 [INFO] src.archive.timeline_builder: セクション追加: clip3 を 200.00s へ挿入 (VOD 900.0-950.0 / 尺 50.00s)
2026-09-02 10:55:32,600 [INFO] src.archive.timeline_builder: アーカイブ Timeline 構築: 2 クリップ / V1 2 本 / S1 0 件 / 全長 200.0s
2026-09-02 10:55:32,601 [INFO] src.timeline.commands: 貼り付けの割り込み: V1 の 0.000s へ 50.00s を確保 / 移動 2 件・分割 0 件・切詰 0 件
2026-09-02 10:55:32,601 [INFO] src.timeline.commands: 貼り付けの割り込み: S1 の 0.000s へ 50.00s を確保 / 移動 0 件・分割 0 件・切詰 0 件
2026-09-02 10:55:32,601 [INFO] src.archive.timeline_builder: セクション追加: clip3 を 0.00s へ挿入 (VOD 0.0-50.0 / 尺 50.00s)
2026-09-02 10:55:32,601 [INFO] src.archive.timeline_builder: アーカイブ Timeline 構築: 2 クリップ / V1 2 本 / S1 0 件 / 全長 200.0s
2026-09-02 10:55:32,601 [INFO] src.timeline.commands: 貼り付けの割り込み: V1 の 100.000s へ 50.00s を確保 / 移動 1 件・分割 0 件・切詰 0 件
2026-09-02 10:55:32,601 [INFO] src.timeline.commands: 貼り付けの割り込み: S1 の 100.000s へ 50.00s を確保 / 移動 0 件・分割 0 件・切詰 0 件
2026-09-02 10:55:32,601 [INFO] src.archive.timeline_builder: セクション追加: clip3 を 100.00s へ挿入 (VOD 250.0-300.0 / 尺 50.00s)
2026-09-02 10:55:32,601 [INFO] src.archive.timeline_builder: アーカイブ Timeline 構築: 3 クリップ / V1 3 本 / S1 0 件 / 全長 300.0s
2026-09-02 10:55:32,601 [INFO] src.timeline.commands: 貼り付けの割り込み: V1 の 100.000s へ 50.00s を確保 / 移動 2 件・分割 0 件・切詰 0 件
2026-09-02 10:55:32,601 [INFO] src.timeline.commands: 貼り付けの割り込み: S1 の 100.000s へ 50.00s を確保 / 移動 0 件・分割 0 件・切詰 0 件
2026-09-02 10:55:32,601 [INFO] src.archive.timeline_builder: セクション追加: clip4 を 100.00s へ挿入 (VOD 250.0-300.0 / 尺 50.00s)
2026-09-02 10:55:32,602 [INFO] src.timeline.commands: 貼り付けの割り込み: V1 の 0.000s へ 50.00s を確保 / 移動 4 件・分割 0 件・切詰 0 件
2026-09-02 10:55:32,602 [INFO] src.timeline.commands: 貼り付けの割り込み: S1 の 0.000s へ 50.00s を確保 / 移動 0 件・分割 0 件・切詰 0 件
2026-09-02 10:55:32,602 [INFO] src.archive.timeline_builder: セクション追加: clip5 を 0.00s へ挿入 (VOD 0.0-50.0 / 尺 50.00s)
2026-09-02 10:55:32,602 [INFO] src.archive.timeline_builder: セクション追加: clip6 を 400.00s へ挿入 (VOD 900.0-950.0 / 尺 50.00s)
2026-09-02 10:55:32,602 [INFO] src.archive.timeline_builder: アーカイブ Timeline 構築: 1 クリップ / V1 1 本 / S1 0 件 / 全長 100.0s
2026-09-02 10:55:32,602 [INFO] src.archive.timeline_builder: セクション追加: clip2 を 100.00s へ挿入 (VOD 300.0-400.0 / 尺 100.00s)
2026-09-02 10:55:32,602 [INFO] src.archive.timeline_builder: アーカイブ Timeline 構築: 3 クリップ / V1 3 本 / S1 0 件 / 全長 300.0s
2026-09-02 10:55:32,602 [INFO] src.timeline.commands: 貼り付けの割り込み: V1 の 100.000s へ 50.00s を確保 / 移動 2 件・分割 0 件・切詰 0 件
2026-09-02 10:55:32,602 [INFO] src.timeline.commands: 貼り付けの割り込み: S1 の 100.000s へ 50.00s を確保 / 移動 0 件・分割 0 件・切詰 0 件
2026-09-02 10:55:32,602 [INFO] src.archive.timeline_builder: セクション追加: clip4 を 100.00s へ挿入 (VOD 250.0-300.0 / 尺 50.00s)
2026-09-02 10:55:32,603 [INFO] src.archive.timeline_builder: アーカイブ Timeline 構築: 2 クリップ / V1 2 本 / S1 0 件 / 全長 200.0s
2026-09-02 10:55:32,603 [INFO] src.archive.timeline_builder: セクション追加: clip3 を 200.00s へ挿入 (VOD 900.0-950.0 / 尺 50.00s)
2026-09-02 10:55:32,603 [INFO] src.archive.timeline_builder: アーカイブ Timeline 構築: 2 クリップ / V1 2 本 / S1 0 件 / 全長 200.0s
2026-09-02 10:55:32,603 [INFO] src.archive.timeline_builder: アーカイブ Timeline 構築: 1 クリップ / V1 1 本 / S1 0 件 / 全長 100.0s
2026-09-02 10:55:32,603 [INFO] src.archive.timeline_builder: セクション追加: clip2 を 100.00s へ挿入 (VOD 450.0-600.0 / 尺 150.00s)
2026-09-02 10:55:32,603 [INFO] src.archive.timeline_builder: アーカイブ Timeline 構築: 2 クリップ / V1 2 本 / S1 0 件 / 全長 200.0s
2026-09-02 10:55:32,603 [INFO] src.archive.timeline_builder: セクション追加: clip3 を 200.00s へ挿入 (VOD 500.0-600.0 / 尺 100.00s)
2026-09-02 10:55:32,603 [INFO] src.archive.timeline_builder: セクション統合: clip2 へ 1 件を畳み込み (VOD 400.0-600.0)
2026-09-02 10:55:32,604 [INFO] src.archive.timeline_builder: アーカイブ Timeline 構築: 2 クリップ / V1 2 本 / S1 0 件 / 全長 200.0s
2026-09-02 10:55:32,604 [INFO] src.archive.timeline_builder: セクション追加: clip3 を 200.00s へ挿入 (VOD 500.0-600.0 / 尺 100.00s)
2026-09-02 10:55:32,604 [INFO] src.archive.timeline_builder: セクション統合: clip2 へ 1 件を畳み込み (VOD 400.0-600.0)
2026-09-02 10:55:32,604 [INFO] src.archive.timeline_builder: アーカイブ Timeline 構築: 3 クリップ / V1 3 本 / S1 0 件 / 全長 300.0s
2026-09-02 10:55:32,604 [INFO] src.timeline.commands: 貼り付けの割り込み: V1 の 200.000s へ 100.00s を確保 / 移動 1 件・分割 0 件・切詰 0 件
2026-09-02 10:55:32,604 [INFO] src.timeline.commands: 貼り付けの割り込み: S1 の 200.000s へ 100.00s を確保 / 移動 0 件・分割 0 件・切詰 0 件
2026-09-02 10:55:32,604 [INFO] src.archive.timeline_builder: セクション追加: clip4 を 200.00s へ挿入 (VOD 500.0-600.0 / 尺 100.00s)
2026-09-02 10:55:32,604 [INFO] src.archive.timeline_builder: セクション統合: clip2 へ 1 件を畳み込み (VOD 400.0-600.0)
2026-09-02 10:55:32,604 [INFO] src.archive.timeline_builder: アーカイブ Timeline 構築: 3 クリップ / V1 3 本 / S1 0 件 / 全長 300.0s
2026-09-02 10:55:32,604 [INFO] src.timeline.commands: 貼り付けの割り込み: V1 の 100.000s へ 200.00s を確保 / 移動 2 件・分割 0 件・切詰 0 件
2026-09-02 10:55:32,604 [INFO] src.timeline.commands: 貼り付けの割り込み: S1 の 100.000s へ 200.00s を確保 / 移動 0 件・分割 0 件・切詰 0 件
2026-09-02 10:55:32,604 [INFO] src.archive.timeline_builder: セクション追加: clip4 を 100.00s へ挿入 (VOD 200.0-400.0 / 尺 200.00s)
2026-09-02 10:55:32,605 [INFO] src.timeline.commands: 貼り付けの割り込み: V1 の 400.000s へ 200.00s を確保 / 移動 1 件・分割 0 件・切詰 0 件
2026-09-02 10:55:32,605 [INFO] src.timeline.commands: 貼り付けの割り込み: S1 の 400.000s へ 200.00s を確保 / 移動 0 件・分割 0 件・切詰 0 件
2026-09-02 10:55:32,605 [INFO] src.archive.timeline_builder: セクション追加: clip5 を 400.00s へ挿入 (VOD 500.0-700.0 / 尺 200.00s)
2026-09-02 10:55:32,605 [INFO] src.archive.timeline_builder: セクション統合: clip1 へ 4 件を畳み込み (VOD 100.0-800.0)
2026-09-02 10:55:32,605 [INFO] src.archive.timeline_builder: アーカイブ Timeline 構築: 1 クリップ / V1 1 本 / S1 0 件 / 全長 100.0s
2026-09-02 10:55:32,605 [INFO] src.archive.timeline_builder: セクション追加: clip2 を 100.00s へ挿入 (VOD 200.0-300.0 / 尺 100.00s)
2026-09-02 10:55:32,605 [INFO] src.archive.timeline_builder: セクション統合: clip1 へ 1 件を畳み込み (VOD 100.0-300.0)
2026-09-02 10:55:32,605 [INFO] src.archive.timeline_builder: アーカイブ Timeline 構築: 2 クリップ / V1 2 本 / S1 0 件 / 全長 200.0s
2026-09-02 10:55:32,605 [INFO] src.timeline.commands: 貼り付けの割り込み: V1 の 100.000s へ 50.00s を確保 / 移動 1 件・分割 0 件・切詰 0 件
2026-09-02 10:55:32,605 [INFO] src.timeline.commands: 貼り付けの割り込み: S1 の 100.000s へ 50.00s を確保 / 移動 0 件・分割 0 件・切詰 0 件
2026-09-02 10:55:32,605 [INFO] src.archive.timeline_builder: セクション追加: clip3 を 100.00s へ挿入 (VOD 250.0-300.0 / 尺 50.00s)
2026-09-02 10:55:32,606 [INFO] src.archive.timeline_builder: アーカイブ Timeline 構築: 2 クリップ / V1 2 本 / S1 0 件 / 全長 200.0s
2026-09-02 10:55:32,606 [INFO] src.archive.timeline_builder: セクション追加: clip3 を 200.00s へ挿入 (VOD 500.0-600.0 / 尺 100.00s)
2026-09-02 10:55:32,606 [INFO] src.archive.timeline_builder: セクション統合: clip2 へ 1 件を畳み込み (VOD 400.0-600.0)
2026-09-02 10:55:32,606 [INFO] src.archive.timeline_builder: アーカイブ Timeline 構築: 3 クリップ / V1 3 本 / S1 0 件 / 全長 300.0s
2026-09-02 10:55:32,606 [INFO] src.timeline.commands: 貼り付けの割り込み: V1 の 100.000s へ 50.00s を確保 / 移動 2 件・分割 0 件・切詰 0 件
2026-09-02 10:55:32,606 [INFO] src.timeline.commands: 貼り付けの割り込み: S1 の 100.000s へ 50.00s を確保 / 移動 0 件・分割 0 件・切詰 0 件
2026-09-02 10:55:32,606 [INFO] src.archive.timeline_builder: セクション追加: clip4 を 100.00s へ挿入 (VOD 250.0-300.0 / 尺 50.00s)
2026-09-02 10:55:32,606 [INFO] src.archive.timeline_builder: アーカイブ Timeline 構築: 1 クリップ / V1 1 本 / S1 0 件 / 全長 30.0s
2026-09-02 10:55:32,606 [INFO] src.archive.timeline_builder: アーカイブ Timeline 構築: 1 クリップ / V1 1 本 / S1 0 件 / 全長 30.0s
2026-09-02 10:55:32,607 [INFO] src.archive.timeline_builder: アーカイブ Timeline 構築: 1 クリップ / V1 1 本 / S1 0 件 / 全長 30.0s
2026-09-02 10:55:32,607 [INFO] src.archive.timeline_builder: アーカイブ Timeline 構築: 1 クリップ / V1 1 本 / S1 0 件 / 全長 30.0s
2026-09-02 10:55:32,607 [INFO] src.archive.timeline_builder: アーカイブ Timeline 構築: 1 クリップ / V1 1 本 / S1 0 件 / 全長 30.0s
2026-09-02 10:55:32,607 [INFO] src.archive.timeline_builder: アーカイブ Timeline 構築: 3 クリップ / V1 6 本 / S1 6 件 / 全長 30.0s
2026-09-02 10:55:32,607 [INFO] src.archive.timeline_builder: アーカイブ Timeline 構築: 3 クリップ / V1 6 本 / S1 6 件 / 全長 30.0s
2026-09-02 10:55:32,608 [INFO] src.archive.timeline_builder: アーカイブ Timeline 構築: 3 クリップ / V1 6 本 / S1 6 件 / 全長 30.0s
2026-09-02 10:55:32,608 [INFO] src.archive.timeline_builder: アーカイブ Timeline 構築: 3 クリップ / V1 6 本 / S1 6 件 / 全長 30.0s
2026-09-02 10:55:32,608 [INFO] src.archive.timeline_builder: アーカイブ Timeline 構築: 3 クリップ / V1 6 本 / S1 6 件 / 全長 30.0s
2026-09-02 10:55:32,608 [INFO] src.archive.timeline_builder: アーカイブ Timeline 構築: 3 クリップ / V1 6 本 / S1 6 件 / 全長 30.0s
2026-09-02 10:55:32,608 [INFO] src.archive.timeline_builder: アーカイブ Timeline 構築: 3 クリップ / V1 6 本 / S1 6 件 / 全長 30.0s
2026-09-02 10:55:32,609 [INFO] src.archive.timeline_builder: アーカイブ Timeline 構築: 3 クリップ / V1 6 本 / S1 6 件 / 全長 30.0s
2026-09-02 10:55:32,609 [INFO] src.archive.timeline_builder: アーカイブ Timeline 構築: 3 クリップ / V1 6 本 / S1 6 件 / 全長 30.0s
2026-09-02 10:55:32,609 [INFO] src.archive.timeline_builder: アーカイブ Timeline 構築: 1 クリップ / V1 1 本 / S1 2 件 / 全長 30.0s
2026-09-02 10:55:32,609 [INFO] src.archive.timeline_builder: clip1: クリップ終端で打ち切った字幕 1 件 / 載せなかった字幕 0 件
2026-09-02 10:55:32,609 [INFO] src.archive.timeline_builder: clip2: クリップ終端で打ち切った字幕 1 件 / 載せなかった字幕 0 件
2026-09-02 10:55:32,609 [INFO] src.archive.timeline_builder: clip3: クリップ終端で打ち切った字幕 1 件 / 載せなかった字幕 0 件
2026-09-02 10:55:32,609 [INFO] src.archive.timeline_builder: アーカイブ Timeline 構築: 3 クリップ / V1 6 本 / S1 3 件 / 全長 30.0s
2026-09-02 10:55:32,609 [INFO] src.archive.timeline_builder: clip1: クリップ終端で打ち切った字幕 1 件 / 載せなかった字幕 0 件
2026-09-02 10:55:32,609 [INFO] src.archive.timeline_builder: アーカイブ Timeline 構築: 2 クリップ / V1 4 本 / S1 3 件 / 全長 20.0s
2026-09-02 10:55:32,609 [INFO] src.archive.timeline_builder: clip1: クリップ終端で打ち切った字幕 1 件 / 載せなかった字幕 1 件
2026-09-02 10:55:32,609 [INFO] src.archive.timeline_builder: アーカイブ Timeline 構築: 2 クリップ / V1 4 本 / S1 2 件 / 全長 20.0s
2026-09-02 10:55:32,609 [INFO] src.archive.timeline_builder: clip1: クリップ終端で打ち切った字幕 1 件 / 載せなかった字幕 0 件
2026-09-02 10:55:32,609 [INFO] src.archive.timeline_builder: clip2: クリップ終端で打ち切った字幕 1 件 / 載せなかった字幕 0 件
2026-09-02 10:55:32,609 [INFO] src.archive.timeline_builder: アーカイブ Timeline 構築: 2 クリップ / V1 4 本 / S1 2 件 / 全長 20.0s
2026-09-02 10:55:32,609 [INFO] src.archive.timeline_builder: アーカイブ Timeline 構築: 3 クリップ / V1 6 本 / S1 6 件 / 全長 30.0s
2026-09-02 10:55:32,609 [INFO] src.archive.timeline_builder: アーカイブ Timeline 構築: 3 クリップ / V1 6 本 / S1 6 件 / 全長 30.0s
2026-09-02 10:55:32,609 [INFO] src.archive.timeline_builder: アーカイブ Timeline 構築: 3 クリップ / V1 6 本 / S1 6 件 / 全長 30.0s
2026-09-02 10:55:32,609 [INFO] src.archive.timeline_builder: アーカイブ Timeline 構築: 3 クリップ / V1 6 本 / S1 6 件 / 全長 30.0s
2026-09-02 10:55:32,609 [INFO] src.archive.timeline_builder: アーカイブ Timeline 構築: 3 クリップ / V1 6 本 / S1 6 件 / 全長 30.0s
2026-09-02 10:55:32,609 [INFO] src.archive.timeline_builder: アーカイブ Timeline 構築: 3 クリップ / V1 6 本 / S1 6 件 / 全長 30.0s
2026-09-02 10:55:32,609 [INFO] src.archive.timeline_builder: アーカイブ Timeline 構築: 3 クリップ / V1 6 本 / S1 6 件 / 全長 30.0s
2026-09-02 10:55:32,609 [INFO] src.archive.timeline_builder: clip2 は使用しないため書き出しから除外します
2026-09-02 10:55:32,609 [INFO] src.archive.timeline_builder: アーカイブ Timeline 構築: 3 クリップ / V1 6 本 / S1 6 件 / 全長 30.0s
2026-09-02 10:55:32,609 [INFO] src.archive.timeline_builder: アーカイブ Timeline 構築: 3 クリップ / V1 6 本 / S1 6 件 / 全長 30.0s
2026-09-02 10:55:32,609 [INFO] src.archive.timeline_builder: アーカイブ Timeline 構築: 3 クリップ / V1 6 本 / S1 6 件 / 全長 30.0s
2026-09-02 10:55:32,609 [INFO] src.archive.timeline_builder: アーカイブ Timeline 構築: 3 クリップ / V1 6 本 / S1 6 件 / 全長 30.0s
2026-09-02 10:55:32,609 [INFO] src.archive.timeline_builder: アーカイブ Timeline 構築: 3 クリップ / V1 6 本 / S1 6 件 / 全長 30.0s
2026-09-02 10:55:32,609 [INFO] src.archive.timeline_builder: アーカイブ Timeline 構築: 3 クリップ / V1 6 本 / S1 6 件 / 全長 30.0s
2026-09-02 10:55:32,609 [INFO] src.modules.subtitle_generator: 縦動画のため字幕設定を縦用へ上書き (font/改行/配置/余白)
2026-09-02 10:55:32,609 [WARNING] src.modules.comment_decor: コメント背景がキャンバスに収まらないため詰めました (推定幅 1181px / 使える幅 1080px)。font_size か max_line_length を下げると解消します
2026-09-02 10:55:32,609 [INFO] src.modules.comment_decor: コメントアイコン: 2 件 / 位置 2 種類
2026-09-02 10:55:32,609 [INFO] src.modules.comment_decor: コメントアイコン: 2 件 / 位置 1 種類
2026-09-02 10:55:32,609 [INFO] src.modules.comment_decor: コメントアイコン: 1 件 / 位置 1 種類
2026-09-02 10:55:32,609 [INFO] src.modules.subtitle_generator: 縦動画のため字幕設定を縦用へ上書き (font/改行/配置/余白)
2026-09-02 10:55:32,609 [WARNING] src.modules.comment_decor: コメントアイコンがキャンバスに収まらないため位置を詰めました (要求 x=-190.0 y=465.0 → x=0.0 y=465.0)。subtitle.comment_margin_l を大きくすると解消します
2026-09-02 10:55:32,619 [INFO] src.modules.subtitle_generator: コメント背景: 1 件
2026-09-02 10:55:32,648 [WARNING] src.modules.subtitle_generator: コメントの Layer が逆転しているため本文を 6 へ引き上げます (背景=5 / 本文=1)
2026-09-02 10:55:32,648 [INFO] src.modules.subtitle_generator: コメント背景: 1 件
2026-09-02 10:55:32,733 [WARNING] src.modules.subtitle_generator: コメントの配置は左寄せ (1/4/7) のみ対応のため 4 を使用します: 2
2026-09-02 10:55:32,749 [INFO] src.modules.subtitle_generator: 縦動画のため字幕設定を縦用へ上書き (font/改行/配置/余白)
2026-09-02 10:55:32,749 [WARNING] src.export.fcpxml_builder: タイムライン終端を超える字幕をクリップ末尾へクランプしました (丸め誤差の端数など)。
2026-09-02 10:55:32,749 [INFO] src.modules.loudness_normalizer: 入力ラウドネス: I=-9.2 LUFS / TP=-0.3 dBTP / LRA=5.1 LU → 目標 I=-14.0 LUFS / TP=-1.0 dBTP (offset 0.4 dB)
2026-09-02 10:55:32,749 [ERROR] src.modules.loudness_normalizer: ラウドネス正規化の適用に失敗 (元音声のまま継続): in.mp4
Traceback (most recent call last):
  File "D:\develop\autoedit\src\modules\loudness_normalizer.py", line 219, in normalize_file
    ffmpeg_runner.execute(
  File "C:\Users\evolu\AppData\Local\Programs\Python\Python312\Lib\unittest\mock.py", line 1139, in __call__
    return self._mock_call(*args, **kwargs)
           ^^^^^^^^^^^^^^^^^^^^^^^^^^^^^^^^
  File "C:\Users\evolu\AppData\Local\Programs\Python\Python312\Lib\unittest\mock.py", line 1143, in _mock_call
    return self._execute_mock_call(*args, **kwargs)
           ^^^^^^^^^^^^^^^^^^^^^^^^^^^^^^^^^^^^^^^^
  File "C:\Users\evolu\AppData\Local\Programs\Python\Python312\Lib\unittest\mock.py", line 1198, in _execute_mock_call
    raise effect
src.exceptions.FFmpegError: 失敗
2026-09-02 10:55:32,749 [INFO] src.modules.loudness_normalizer: ラウドネス正規化は無効のためスキップ
2026-09-02 10:55:32,749 [WARNING] src.modules.loudness_normalizer: ラウドネス測定に失敗したため正規化をスキップ (元音声のまま継続): in.mp4
2026-09-02 10:55:32,749 [INFO] src.modules.loudness_normalizer: 音声ストリームが無いためラウドネス正規化をスキップ: in.mp4
2026-09-02 10:55:32,765 [INFO] src.modules.loudness_normalizer: ラウドネス正規化 完了: out.mp4
2026-09-02 10:55:32,765 [INFO] src.modules.loudness_normalizer: 入力ラウドネス: I=-9.2 LUFS / TP=-0.3 dBTP / LRA=5.1 LU → 目標 I=-14.0 LUFS / TP=-1.0 dBTP (offset 0.4 dB)
2026-09-02 10:55:32,780 [INFO] src.modules.loudness_normalizer: ラウドネス正規化 完了: out.mp4
2026-09-02 10:55:32,780 [INFO] src.timeline.media_recovery: 本編素材を元動画から作り直します: C:\Users\evolu\AppData\Local\Temp\media_recovery_test_pau3mi3t\sample.mp4
2026-09-02 10:55:32,780 [WARNING] src.timeline.media_recovery: 素材が見つかりません: m2 (C:\Users\evolu\AppData\Local\Temp\media_recovery_test__aiga0nm\gone.png)
2026-09-02 10:55:32,780 [INFO] src.timeline.media_recovery: 素材を差し替え済みのフォルダで見つけました: m3 → C:\Users\evolu\AppData\Local\Temp\media_recovery_test_4ktpgznj\moved\logo2.png
2026-09-02 10:55:32,780 [INFO] src.timeline.media_recovery: 本編素材を元動画から作り直します: C:\Users\evolu\AppData\Local\Temp\media_recovery_test_c38ruqvo\sample.mp4
2026-09-02 10:55:32,790 [WARNING] src.timeline.media_recovery: 元動画が見つからないため本編素材を復旧できません: C:\Users\evolu\AppData\Local\Temp\media_recovery_test_xff9p0de\no_such_input.mp4
2026-09-02 10:55:32,790 [WARNING] src.timeline.media_recovery: 素材が見つかりません: m1 (C:\Users\evolu\AppData\Local\Temp\media_recovery_test_xff9p0de\work\loudness_normalized.mp4)
2026-09-02 10:55:32,790 [INFO] src.timeline.media_recovery: 本編素材は元動画そのものだったため、そのまま使います: C:\Users\evolu\AppData\Local\Temp\media_recovery_test_6detchyi\sample.mp4
2026-09-02 10:55:32,792 [INFO] src.timeline.media_recovery: 素材を相対パスで見つけました: m2 → C:\Users\evolu\AppData\Local\Temp\media_recovery_test_5x3lfsyc\assets\logo.png
2026-09-02 10:55:32,792 [INFO] src.timeline.media_recovery: 設定に従い元動画をそのまま使います (音量は正規化前): C:\Users\evolu\AppData\Local\Temp\media_recovery_test_ajl3pg98\sample.mp4
2026-09-02 10:55:32,814 [WARNING] src.timeline.builder: フレーム間引きの設定が不正なため none を使用します: 'all'
2026-09-02 10:55:32,821 [INFO] src.timeline.project_io: プロジェクト保存: C:\Users\evolu\AppData\Local\Temp\library_summary_xodd5c4_\vod.archive.timeline.json
2026-09-02 10:55:32,843 [WARNING] src.timeline.project_io: プロジェクトの概要を読めませんでした: C:\Users\evolu\AppData\Local\Temp\library_summary_pigrzt7k\broken.timeline.json
2026-09-02 10:55:32,856 [INFO] src.timeline.project_io: プロジェクト保存: C:\Users\evolu\AppData\Local\Temp\library_summary_yqhsfc4f\sample.timeline.json
2026-09-02 10:55:32,874 [INFO] src.timeline.project_io: プロジェクト保存: C:\Users\evolu\AppData\Local\Temp\library_summary_ci3_r_5c\sample.timeline.json
2026-09-02 10:55:32,884 [INFO] src.timeline.project_io: プロジェクト保存: C:\Users\evolu\AppData\Local\Temp\library_rename_k6tlirxk\old.timeline.json
2026-09-02 10:55:32,884 [INFO] src.timeline.project_io: プロジェクト保存: C:\Users\evolu\AppData\Local\Temp\library_rename_0lmjk11a\old.timeline.json
2026-09-02 10:55:32,890 [INFO] src.timeline.project_io: プロジェクト保存: C:\Users\evolu\AppData\Local\Temp\library_rename_0vwa5i6k\old.timeline.json
2026-09-02 10:55:32,900 [INFO] src.timeline.project_io: プロジェクトを改名しました: old.timeline.json → new.timeline.json
2026-09-02 10:55:32,928 [INFO] src.timeline.project_io: プロジェクト保存: C:\Users\evolu\AppData\Local\Temp\library_rename_epmogp2c\old.timeline.json
2026-09-02 10:55:32,936 [INFO] src.timeline.project_io: プロジェクトを改名しました: old.timeline.json → new.timeline.json
2026-09-02 10:55:32,948 [INFO] src.timeline.project_io: プロジェクト保存: C:\Users\evolu\AppData\Local\Temp\library_rename_qer92fl8\old.timeline.json
2026-09-02 10:55:32,952 [INFO] src.timeline.project_io: プロジェクトが 5 件見つかりました (新しい 2 件を表示します)
2026-09-02 10:55:32,968 [WARNING] src.export.resolve_export: ソース総尺の取得に失敗 (タイムライン全長で代用): C:\Users\evolu\AppData\Local\Temp\resolve_export_test_f0r6j1i0\sample.mp4
2026-09-02 10:55:32,968 [WARNING] src.export.resolve_export: ソース総尺の取得に失敗 (タイムライン全長で代用): C:\Users\evolu\AppData\Local\Temp\resolve_export_test_k2u6ly8n\sample.mp4
2026-09-02 10:55:32,984 [WARNING] src.export.resolve_export: ソース総尺の取得に失敗 (タイムライン全長で代用): C:\Users\evolu\AppData\Local\Temp\resolve_export_test_2iu0efsf\sample.mp4
2026-09-02 10:55:32,993 [WARNING] src.export.resolve_export: ソース総尺の取得に失敗 (タイムライン全長で代用): C:\Users\evolu\AppData\Local\Temp\resolve_export_test_rc9hy_04\sample.mp4
2026-09-02 10:55:32,993 [WARNING] src.export.resolve_export: テーマ演出はテキストと区間のみを出力します (ブラー・黒帯などの映像エフェクトは FCPXML で表現できません)。
2026-09-02 10:55:32,994 [WARNING] src.export.resolve_export: 字幕位置は配置(alignment)＋余白からの近似です。Resolve 取り込み時に位置が中央へ戻る場合があります (フォント/サイズ/色は保持)。
2026-09-02 10:55:33,002 [WARNING] src.export.resolve_export: ソース総尺の取得に失敗 (タイムライン全長で代用): C:\Users\evolu\AppData\Local\Temp\resolve_export_test_69pp58ja\sample.mp4
2026-09-02 10:55:33,010 [WARNING] src.export.resolve_export: ソース総尺の取得に失敗 (タイムライン全長で代用): C:\Users\evolu\AppData\Local\Temp\resolve_export_test_5nt43wdj\sample.mp4
2026-09-02 10:55:33,016 [WARNING] src.export.resolve_export: ソース総尺の取得に失敗 (タイムライン全長で代用): C:\Users\evolu\AppData\Local\Temp\resolve_export_test_10l2_0qo\sample.mp4
2026-09-02 10:55:33,020 [WARNING] src.export.resolve_export: ソース総尺の取得に失敗 (タイムライン全長で代用): C:\Users\evolu\AppData\Local\Temp\resolve_export_test_10l2_0qo\sample.mp4
2026-09-02 10:55:33,033 [WARNING] src.export.resolve_export: ソース総尺の取得に失敗 (タイムライン全長で代用): C:\Users\evolu\AppData\Local\Temp\resolve_export_test_8yt3957r\sample.mp4
2026-09-02 10:55:33,033 [WARNING] src.export.resolve_export: 未対応の字幕出力方式 export.resolve.subtitle.mode=bogus のため caption で出力します
2026-09-02 10:55:33,040 [WARNING] src.export.resolve_export: ソース総尺の取得に失敗 (タイムライン全長で代用): C:\Users\evolu\AppData\Local\Temp\resolve_export_test_lye3ml1p\sample.mp4
2026-09-02 10:55:33,045 [WARNING] src.export.resolve_export: ソース総尺の取得に失敗 (タイムライン全長で代用): C:\Users\evolu\AppData\Local\Temp\resolve_export_test_v3l8p8v0\sample.mp4
2026-09-02 10:55:33,057 [WARNING] src.export.resolve_export: ソース総尺の取得に失敗 (タイムライン全長で代用): C:\Users\evolu\AppData\Local\Temp\resolve_export_test_wt602djd\sample.mp4
2026-09-02 10:55:33,065 [WARNING] src.export.resolve_export: ソース総尺の取得に失敗 (タイムライン全長で代用): C:\Users\evolu\AppData\Local\Temp\resolve_export_test_1_iuhen9\sample.mp4
2026-09-02 10:55:33,073 [WARNING] src.export.resolve_export: ソース総尺の取得に失敗 (タイムライン全長で代用): C:\Users\evolu\AppData\Local\Temp\resolve_export_test_1bao944u\sample.mp4
2026-09-02 10:55:33,079 [WARNING] src.export.resolve_export: ソース総尺の取得に失敗 (タイムライン全長で代用): C:\Users\evolu\AppData\Local\Temp\resolve_export_test_5kfx3f2k\sample.mp4
2026-09-02 10:55:33,087 [WARNING] src.export.resolve_export: ソース総尺の取得に失敗 (タイムライン全長で代用): C:\Users\evolu\AppData\Local\Temp\resolve_export_test_r4wyessx\sample.mp4
2026-09-02 10:55:33,094 [WARNING] src.export.resolve_export: ソース総尺の取得に失敗 (タイムライン全長で代用): C:\Users\evolu\AppData\Local\Temp\resolve_export_test_ie9tr_se\sample.mp4
2026-09-02 10:55:33,100 [WARNING] src.export.resolve_export: ソース総尺の取得に失敗 (タイムライン全長で代用): C:\Users\evolu\AppData\Local\Temp\resolve_export_test_k4doz9cm\sample.mp4
2026-09-02 10:55:33,100 [INFO] src.export.resolve_export: 編集点が無いため全長 1 クリップとして出力します
2026-09-02 10:55:33,108 [WARNING] src.export.resolve_export: ソース総尺の取得に失敗 (タイムライン全長で代用): C:\Users\evolu\AppData\Local\Temp\resolve_export_test_zoi74nhu\sample.mp4
2026-09-02 10:55:33,108 [INFO] src.export.resolve_export: Resolve 出力開始: C:\Users\evolu\AppData\Local\Temp\resolve_export_test_zoi74nhu\out2.fcpxml (クリップ 1 件 / 字幕 caption 1 件 / title・テーマ 0 件 / 1920x1080 60fps)
2026-09-02 10:55:33,108 [INFO] src.export.resolve_export: 字幕トラックのスタイルは Resolve の字幕トラックヘッダー選択 → インスペクタ → Track Style で一括設定できます (Resolve 19 以降は Text+ スタイルも指定可)。
2026-09-02 10:55:33,108 [INFO] src.export.resolve_export: Resolve 出力完了: C:\Users\evolu\AppData\Local\Temp\resolve_export_test_zoi74nhu\out2.fcpxml (タイムライン尺 5.00s)
2026-09-02 10:55:33,108 [WARNING] src.export.resolve_export: ソース総尺の取得に失敗 (タイムライン全長で代用): C:\Users\evolu\AppData\Local\Temp\resolve_export_test_fy2j_nrl\sample.mp4
2026-09-02 10:55:33,108 [INFO] src.export.resolve_export: Resolve 出力開始: C:\Users\evolu\AppData\Local\Temp\resolve_export_test_fy2j_nrl\out3.fcpxml (クリップ 1 件 / 字幕 caption 0 件 / title・テーマ 0 件 / 1920x1080 60fps)
2026-09-02 10:55:33,108 [INFO] src.export.resolve_export: Resolve 出力完了: C:\Users\evolu\AppData\Local\Temp\resolve_export_test_fy2j_nrl\out3.fcpxml (タイムライン尺 5.00s)
2026-09-02 10:55:33,129 [WARNING] src.export.resolve_export: ソース総尺の取得に失敗 (タイムライン全長で代用): C:\Users\evolu\AppData\Local\Temp\resolve_export_test_egi8beal\sample.mp4
2026-09-02 10:55:33,129 [INFO] src.export.resolve_export: Resolve 出力開始: C:\Users\evolu\AppData\Local\Temp\resolve_export_test_egi8beal\out.fcpxml (クリップ 1 件 / 字幕 caption 1 件 / title・テーマ 0 件 / 1920x1080 60fps)
2026-09-02 10:55:33,132 [INFO] src.export.resolve_export: SRT サイドカー出力: C:\Users\evolu\AppData\Local\Temp\resolve_export_test_egi8beal\out.srt (1 件)
2026-09-02 10:55:33,132 [INFO] src.export.resolve_export: Resolve 出力完了: C:\Users\evolu\AppData\Local\Temp\resolve_export_test_egi8beal\out.fcpxml / C:\Users\evolu\AppData\Local\Temp\resolve_export_test_egi8beal\out.srt (タイムライン尺 5.00s)
2026-09-02 10:55:33,149 [INFO] src.export.resolve_export: Resolve 出力を中止 (上書きしない): C:\Users\evolu\AppData\Local\Temp\resolve_export_test_egi8beal\out.fcpxml
2026-09-02 10:55:33,151 [INFO] src.modules.subtitle_generator: 縦動画のため字幕設定を縦用へ上書き (font/改行/配置/余白)
2026-09-02 10:55:33,155 [INFO] src.modules.subtitle_generator: テロップ個別指定 フォント 0 件 / サイズ 0 件 / 文字色 1 件 / 縁の色 0 件
2026-09-02 10:55:33,155 [INFO] src.modules.subtitle_generator: テロップ個別指定 フォント 0 件 / サイズ 0 件 / 文字色 1 件 / 縁の色 0 件
2026-09-02 10:55:33,218 [INFO] src.modules.subtitle_generator: テロップ個別指定 フォント 0 件 / サイズ 0 件 / 文字色 0 件 / 縁の色 1 件
2026-09-02 10:55:33,235 [INFO] src.modules.subtitle_generator: テロップ個別指定 フォント 0 件 / サイズ 0 件 / 文字色 0 件 / 縁の色 1 件
2026-09-02 10:55:33,254 [INFO] src.modules.subtitle_generator: テロップ個別指定 フォント 1 件 / サイズ 1 件 / 文字色 1 件 / 縁の色 1 件
2026-09-02 10:55:33,269 [INFO] src.timeline.commands: コメント用の字幕トラックを作成しました: S2
2026-09-02 10:55:33,271 [INFO] src.timeline.commands: 移動先 S2 が空いていないため役割だけ変更しました: s1
2026-09-02 10:55:33,271 [INFO] src.timeline.commands: コメント用の字幕トラックを作成しました: S2
2026-09-02 10:55:33,271 [INFO] src.timeline.commands: コメント用の字幕トラックを作成しました: S2
2026-09-02 10:55:33,271 [INFO] src.timeline.commands: コメント用の字幕トラックを作成しました: S2
2026-09-02 10:55:33,271 [INFO] src.timeline.project_io: プロジェクト保存: C:\Users\evolu\AppData\Local\Temp\tmp4eq03adz\sample.timeline.json
2026-09-02 10:55:33,291 [INFO] src.modules.subtitle_generator: VAD フィルタ有効 (min_silence=500ms, speech_pad=100ms, condition_on_previous_text=False)
2026-09-02 10:55:33,291 [WARNING] src.modules.subtitle_generator: VAD 付き認識に失敗したため VAD 無しで再試行します: VAD の初期化に失敗しました (テスト)
2026-09-02 10:55:33,291 [INFO] src.modules.subtitle_generator: VAD フィルタ有効 (min_silence=800ms, speech_pad=100ms, condition_on_previous_text=False)
2026-09-02 10:55:33,291 [INFO] src.modules.subtitle_generator: VAD フィルタ有効 (min_silence=500ms, speech_pad=100ms, condition_on_previous_text=False)
2026-09-02 10:55:33,300 [INFO] src.timeline.commands: 貼り付けの割り込み: V1 の 5.000s へ 10.00s を確保 / 移動 2 件・分割 1 件・切詰 0 件
2026-09-02 10:55:33,300 [INFO] src.timeline.commands: 貼り付けの割り込み: V2 の 5.000s へ 10.00s を確保 / 移動 2 件・分割 0 件・切詰 0 件
2026-09-02 10:55:33,300 [INFO] src.timeline.commands: 貼り付けの割り込み: S1 の 5.000s へ 10.00s を確保 / 移動 1 件・分割 0 件・切詰 0 件
2026-09-02 10:55:33,300 [INFO] src.timeline.commands: 貼り付けの割り込み: V1 の 5.000s へ 10.00s を確保 / 移動 2 件・分割 1 件・切詰 0 件
2026-09-02 10:55:33,300 [INFO] src.timeline.commands: 貼り付けの割り込み: V2 の 5.000s へ 10.00s を確保 / 移動 2 件・分割 0 件・切詰 0 件
2026-09-02 10:55:33,300 [INFO] src.timeline.commands: 貼り付けの割り込み: S1 の 5.000s へ 10.00s を確保 / 移動 1 件・分割 0 件・切詰 0 件
2026-09-02 10:55:33,300 [INFO] src.timeline.commands: 貼り付けの割り込み: V1 の 5.000s へ 10.00s を確保 / 移動 2 件・分割 1 件・切詰 0 件
2026-09-02 10:55:33,300 [INFO] src.timeline.commands: 貼り付けの割り込み: V2 の 5.000s へ 10.00s を確保 / 移動 2 件・分割 0 件・切詰 0 件
2026-09-02 10:55:33,300 [INFO] src.timeline.commands: 貼り付けの割り込み: S1 の 5.000s へ 10.00s を確保 / 移動 1 件・分割 0 件・切詰 0 件
2026-09-02 10:55:33,300 [INFO] src.timeline.commands: 貼り付けの割り込み: V1 の 5.000s へ 15.00s を確保 / 移動 3 件・分割 0 件・切詰 0 件
2026-09-02 10:55:33,300 [INFO] src.timeline.commands: 貼り付けの割り込み: V2 の 5.000s へ 15.00s を確保 / 移動 2 件・分割 0 件・切詰 0 件
2026-09-02 10:55:33,300 [INFO] src.timeline.commands: 貼り付けの割り込み: S1 の 5.000s へ 15.00s を確保 / 移動 1 件・分割 0 件・切詰 0 件
2026-09-02 10:55:33,300 [INFO] src.timeline.commands: 貼り付けの割り込み: V1 の 10.020s へ 10.02s を確保 / 移動 2 件・分割 0 件・切詰 0 件
2026-09-02 10:55:33,300 [INFO] src.timeline.commands: 貼り付けの割り込み: V2 の 10.020s へ 10.02s を確保 / 移動 1 件・分割 0 件・切詰 0 件
2026-09-02 10:55:33,300 [INFO] src.timeline.commands: 貼り付けの割り込み: S1 の 10.020s へ 10.02s を確保 / 移動 1 件・分割 0 件・切詰 0 件
2026-09-02 10:55:33,300 [INFO] src.timeline.commands: 貼り付けの割り込み: V1 の 19.980s へ 9.98s を確保 / 移動 1 件・分割 0 件・切詰 1 件
2026-09-02 10:55:33,300 [INFO] src.timeline.commands: 貼り付けの割り込み: V2 の 19.980s へ 9.98s を確保 / 移動 1 件・分割 0 件・切詰 0 件
2026-09-02 10:55:33,300 [INFO] src.timeline.commands: 貼り付けの割り込み: S1 の 19.980s へ 9.98s を確保 / 移動 0 件・分割 0 件・切詰 0 件
2026-09-02 10:55:33,302 [WARNING] src.timeline.commands: 素材が見つからないため貼り付けません: D:\develop\autoedit\tests\存在しない素材.mp4
2026-09-02 10:55:33,302 [INFO] src.timeline.commands: 貼り付けの割り込み: V1 の 5.000s へ 10.00s を確保 / 移動 2 件・分割 1 件・切詰 0 件
2026-09-02 10:55:33,302 [INFO] src.timeline.commands: 貼り付けの割り込み: V2 の 5.000s へ 10.00s を確保 / 移動 2 件・分割 0 件・切詰 0 件
2026-09-02 10:55:33,302 [INFO] src.timeline.commands: 貼り付けの割り込み: S1 の 5.000s へ 10.00s を確保 / 移動 1 件・分割 0 件・切詰 0 件
2026-09-02 10:55:33,302 [INFO] src.timeline.commands: 貼り付けの割り込み: V1 の 5.000s へ 10.00s を確保 / 移動 2 件・分割 1 件・切詰 0 件
2026-09-02 10:55:33,302 [INFO] src.timeline.commands: 貼り付けの割り込み: V2 の 5.000s へ 10.00s を確保 / 移動 2 件・分割 0 件・切詰 0 件
2026-09-02 10:55:33,302 [INFO] src.timeline.commands: 貼り付けの割り込み: S1 の 5.000s へ 10.00s を確保 / 移動 1 件・分割 0 件・切詰 0 件
2026-09-02 10:55:33,302 [INFO] src.timeline.commands: 貼り付けの割り込み: V1 の 5.000s へ 10.00s を確保 / 移動 2 件・分割 1 件・切詰 0 件
2026-09-02 10:55:33,302 [INFO] src.timeline.commands: 貼り付けの割り込み: V2 の 5.000s へ 10.00s を確保 / 移動 2 件・分割 0 件・切詰 0 件
2026-09-02 10:55:33,302 [INFO] src.timeline.commands: 貼り付けの割り込み: S1 の 5.000s へ 10.00s を確保 / 移動 1 件・分割 0 件・切詰 0 件
2026-09-02 10:55:33,302 [INFO] src.timeline.commands: 貼り付けの割り込み: V1 の 5.000s へ 10.00s を確保 / 移動 2 件・分割 1 件・切詰 0 件
2026-09-02 10:55:33,302 [INFO] src.timeline.commands: 貼り付けの割り込み: V2 の 5.000s へ 10.00s を確保 / 移動 2 件・分割 0 件・切詰 0 件
2026-09-02 10:55:33,302 [INFO] src.timeline.commands: 貼り付けの割り込み: S1 の 5.000s へ 10.00s を確保 / 移動 1 件・分割 0 件・切詰 0 件
2026-09-02 10:55:33,302 [INFO] src.timeline.commands: 貼り付けの割り込み: V1 の 5.000s へ 10.00s を確保 / 移動 2 件・分割 1 件・切詰 0 件
2026-09-02 10:55:33,302 [INFO] src.timeline.commands: 貼り付けの割り込み: V2 の 5.000s へ 10.00s を確保 / 移動 2 件・分割 0 件・切詰 0 件
2026-09-02 10:55:33,302 [INFO] src.timeline.commands: 貼り付けの割り込み: S1 の 5.000s へ 10.00s を確保 / 移動 1 件・分割 0 件・切詰 0 件
2026-09-02 10:55:33,302 [INFO] src.timeline.commands: 貼り付けの割り込み: V2 の 4.000s へ 2.00s を確保 / 移動 2 件・分割 0 件・切詰 0 件
2026-09-02 10:55:33,302 [INFO] src.timeline.commands: 貼り付けの割り込み: V2 の 4.000s へ 2.00s を確保 / 移動 2 件・分割 0 件・切詰 0 件
2026-09-02 10:55:33,302 [INFO] src.timeline.commands: 貼り付けの割り込み: V2 の 4.000s へ 2.00s を確保 / 移動 2 件・分割 0 件・切詰 0 件
2026-09-02 10:55:33,302 [INFO] src.timeline.clipboard: Timeline のノードをコピーしました: 1 件
2026-09-02 10:55:33,302 [INFO] src.timeline.clipboard: Timeline のノードをコピーしました: 1 件
2026-09-02 10:55:33,304 [INFO] src.timeline.commands: 貼り付けの割り込み: V1 の 4.000s へ 2.00s を確保 / 移動 2 件・分割 1 件・切詰 0 件
2026-09-02 10:55:33,304 [INFO] src.timeline.commands: 貼り付けの割り込み: V2 の 4.000s へ 2.00s を確保 / 移動 2 件・分割 0 件・切詰 0 件
2026-09-02 10:55:33,304 [INFO] src.timeline.commands: 貼り付けの割り込み: S1 の 4.000s へ 2.00s を確保 / 移動 1 件・分割 0 件・切詰 0 件
2026-09-02 10:55:33,304 [INFO] src.timeline.commands: 貼り付けの割り込み: V2 の 4.000s へ 2.00s を確保 / 移動 2 件・分割 0 件・切詰 0 件
2026-09-02 10:55:33,304 [INFO] src.timeline.commands: 貼り付けの割り込み: V1 の 5.000s へ 10.00s を確保 / 移動 2 件・分割 1 件・切詰 0 件
2026-09-02 10:55:33,304 [INFO] src.timeline.commands: 貼り付けの割り込み: V2 の 5.000s へ 10.00s を確保 / 移動 2 件・分割 0 件・切詰 0 件
2026-09-02 10:55:33,304 [INFO] src.timeline.commands: 貼り付けの割り込み: V1 の 5.000s へ 10.00s を確保 / 移動 2 件・分割 1 件・切詰 0 件
2026-09-02 10:55:33,304 [WARNING] src.timeline.builder: 貼り付けの設定が不正なため既定 base_syncs_all を使用します: 'なにか'
2026-09-02 10:55:33,304 [WARNING] src.timeline.builder: 貼り付けの設定が不正なため既定 split を使用します: 123
2026-09-02 10:55:33,304 [INFO] src.timeline.commands: 貼り付けの割り込み: V1 の 5.000s へ 10.00s を確保 / 移動 2 件・分割 1 件・切詰 0 件
2026-09-02 10:55:33,304 [INFO] src.timeline.commands: 貼り付けの割り込み: V2 の 5.000s へ 10.00s を確保 / 移動 2 件・分割 0 件・切詰 0 件
2026-09-02 10:55:33,304 [INFO] src.timeline.commands: 貼り付けの割り込み: S1 の 5.000s へ 10.00s を確保 / 移動 1 件・分割 0 件・切詰 0 件
2026-09-02 10:55:33,304 [WARNING] src.timeline.commands: 映像トラックの上限 (3) に達しているため追加できません
2026-09-02 10:55:33,306 [INFO] src.timeline.commands: 字幕を追加できる空きがありません (2.000 秒)
2026-09-02 10:55:33,306 [INFO] src.timeline.commands: 字幕を追加できる空きがありません (0.990 秒)
2026-09-02 10:55:33,306 [INFO] src.timeline.commands: リップル: 10.000〜20.000s (10.00s) を除去 / 削除 1 件・短縮 0 件・移動 1 件
2026-09-02 10:55:33,306 [INFO] src.timeline.commands: リップル: 10.000〜20.000s (10.00s) を除去 / 削除 1 件・短縮 0 件・移動 1 件
2026-09-02 10:55:33,306 [INFO] src.timeline.commands: リップル: 10.000〜20.000s (10.00s) を除去 / 削除 1 件・短縮 0 件・移動 1 件
2026-09-02 10:55:33,306 [INFO] src.timeline.commands: リップル: 0.000〜10.000s (10.00s) を除去 / 削除 2 件・短縮 0 件・移動 1 件
2026-09-02 10:55:33,306 [INFO] src.timeline.commands: リップル: 10.000〜20.000s (10.00s) を除去 / 削除 1 件・短縮 0 件・移動 1 件
2026-09-02 10:55:33,308 [INFO] src.timeline.commands: リップル: 10.000〜20.000s (10.00s) を除去 / 削除 2 件・短縮 1 件・移動 2 件
2026-09-02 10:55:33,308 [INFO] src.timeline.commands: リップル: 10.000〜20.000s (10.00s) を除去 / 削除 2 件・短縮 1 件・移動 2 件
2026-09-02 10:55:33,308 [INFO] src.timeline.commands: リップル: 10.000〜20.000s (10.00s) を除去 / 削除 2 件・短縮 1 件・移動 2 件
2026-09-02 10:55:33,308 [INFO] src.timeline.commands: リップル: 10.000〜20.000s (10.00s) を除去 / 削除 2 件・短縮 1 件・移動 2 件
2026-09-02 10:55:33,308 [INFO] src.timeline.commands: リップル: 10.000〜20.000s (10.00s) を除去 / 削除 2 件・短縮 1 件・移動 2 件
2026-09-02 10:55:33,308 [INFO] src.timeline.commands: リップル: 10.000〜20.000s (10.00s) を除去 / 削除 2 件・短縮 1 件・移動 2 件
2026-09-02 10:55:33,308 [INFO] src.timeline.commands: リップル: 10.000〜20.000s (10.00s) を除去 / 削除 2 件・短縮 0 件・移動 3 件
2026-09-02 10:55:33,308 [INFO] src.timeline.commands: リップル: 10.000〜20.000s (10.00s) を除去 / 削除 1 件・短縮 0 件・移動 1 件
2026-09-02 10:55:33,308 [INFO] src.timeline.commands: リップル: 10.000〜20.000s (10.00s) を除去 / 削除 2 件・短縮 1 件・移動 2 件
2026-09-02 10:55:33,308 [INFO] src.timeline.commands: 残り尺が下限を割るためクリップごとリップル削除しました: c2
2026-09-02 10:55:33,308 [INFO] src.timeline.commands: リップル: 10.000〜20.000s (10.00s) を除去 / 削除 1 件・短縮 0 件・移動 2 件
2026-09-02 10:55:33,308 [INFO] src.timeline.commands: リップル: 15.000〜20.000s (5.00s) を除去 / 削除 0 件・短縮 1 件・移動 2 件
2026-09-02 10:55:33,308 [INFO] src.timeline.commands: リップル: 10.000〜15.000s (5.00s) を除去 / 削除 0 件・短縮 1 件・移動 2 件
2026-09-02 10:55:33,308 [INFO] src.timeline.commands: リップル: 15.000〜20.000s (5.00s) を除去 / 削除 0 件・短縮 1 件・移動 2 件
2026-09-02 10:55:33,308 [INFO] src.timeline.commands: リップル: 15.000〜20.000s (5.00s) を除去 / 削除 0 件・短縮 1 件・移動 2 件
2026-09-02 10:55:33,308 [INFO] src.timeline.commands: リップル: 26.000〜27.000s (1.00s) を除去 / 削除 0 件・短縮 2 件・移動 0 件
2026-09-02 10:55:33,310 [INFO] src.timeline.commands: リップル: 10.000〜20.000s (10.00s) を除去 / 削除 1 件・短縮 0 件・移動 1 件
2026-09-02 10:55:33,310 [INFO] src.timeline.commands: リップル: 10.000〜20.000s (10.00s) を除去 / 削除 1 件・短縮 0 件・移動 1 件
2026-09-02 10:55:33,310 [INFO] src.timeline.commands: リップル: 10.000〜20.000s (10.00s) を除去 / 削除 1 件・短縮 0 件・移動 1 件
2026-09-02 10:55:33,312 [INFO] src.timeline.project_io: プロジェクト保存: C:\Users\evolu\AppData\Local\Temp\timeline_io_test_4x8pkr7b\sample.timeline.json
2026-09-02 10:55:33,328 [INFO] src.timeline.project_io: プロジェクト読込: C:\Users\evolu\AppData\Local\Temp\timeline_io_test_4x8pkr7b\sample.timeline.json
2026-09-02 10:55:33,331 [INFO] src.timeline.project_io: プロジェクト保存: C:\Users\evolu\AppData\Local\Temp\timeline_io_test_4x8pkr7b\sample.timeline.json
2026-09-02 10:55:33,331 [INFO] src.timeline.project_io: プロジェクト読込: C:\Users\evolu\AppData\Local\Temp\timeline_io_test_4x8pkr7b\sample.timeline.json
2026-09-02 10:55:33,334 [INFO] src.timeline.project_io: プロジェクト保存: C:\Users\evolu\AppData\Local\Temp\timeline_io_test_z1bfky99\sample.timeline.json
2026-09-02 10:55:33,344 [INFO] src.timeline.project_io: プロジェクト読込: C:\Users\evolu\AppData\Local\Temp\timeline_io_test_z1bfky99\sample.timeline.json
2026-09-02 10:55:33,363 [INFO] src.timeline.project_io: プロジェクト保存: C:\Users\evolu\AppData\Local\Temp\timeline_io_test_ryy7c_c2\sample.timeline.json
2026-09-02 10:55:33,373 [WARNING] src.timeline.project_io: メディアの実体が見つかりません (1 件)。該当クリップを無効化します: m1
2026-09-02 10:55:33,389 [INFO] src.timeline.project_io: プロジェクト保存: C:\Users\evolu\AppData\Local\Temp\timeline_io_test_izdjxbtc\sample.timeline.json
2026-09-02 10:55:33,411 [INFO] src.timeline.project_io: プロジェクト保存: C:\Users\evolu\AppData\Local\Temp\timeline_io_test_oojazebc\sample.timeline.json
2026-09-02 10:55:33,415 [WARNING] src.timeline.project_io: 編集点の区間が不正なため無視します: 20.000→15.000
2026-09-02 10:55:33,415 [WARNING] src.timeline.project_io: メディアの実体が見つかりません (1 件)。該当クリップを無効化します: m1
2026-09-02 10:55:33,417 [WARNING] src.timeline.project_io: 音声クリップ a1 のリンク先 no_such_clip が存在しないため除外します (該当区間は無音になります)
2026-09-02 10:55:33,417 [WARNING] src.timeline.project_io: トラック V1 でクリップ c2 が重複しているため 12.480 へ移動します
2026-09-02 10:55:33,428 [WARNING] src.timeline.project_io: クリップ c2 の尺 (0.001s) が下限 (0.050s) 未満のため除外します
2026-09-02 10:55:33,428 [WARNING] src.timeline.project_io: 音声クリップ a2 のリンク先 c2 が存在しないため除外します (該当区間は無音になります)
2026-09-02 10:55:33,531 [INFO] src.utils.trash: ゴミ箱へ移動しました (2 件)
2026-09-02 10:55:33,533 [WARNING] src.timeline.builder: 寸法の設定が不正なため既定 8000 を使用します: 0
