2026-08-12 08:10:51,184 [INFO] src.utils.updater: 非凍結実行のため更新チェックをスキップ
2026-08-12 08:12:16,979 [INFO] src.archive.twitch_auth: Twitch 認証ページを開きます (ポート3737)
2026-08-12 08:12:19,823 [INFO] src.archive.twitch_auth: Twitch ログイン成功
2026-08-12 08:12:27,612 [INFO] src.gui.archive_tab: 無音カット: ON (アーカイブタブの選択)
2026-08-12 08:12:30,558 [INFO] src.archive.twitch_source: 利用できる画質: 1080p60, 720p60, 360p, Audio Only
2026-08-12 08:12:30,559 [INFO] src.archive.twitch_source: source 画質が無いため 1080p60 で取得します (利用可能: 1080p60, 720p60, 360p, Audio Only)
2026-08-12 08:12:30,561 [INFO] src.archive.twitch_source: twitch-dl 実行: C:\Users\evolu\AppData\Local\Programs\Python\Python312\Scripts\twitch-dl.EXE download …
2026-08-12 08:12:31,375 [INFO] src.archive.twitch_source: VOD 取得完了: D:\develop\autoedit\src\settings\archive_work\vod_2833484601.mp4 (画質 1080p60)
2026-08-12 08:12:31,386 [INFO] src.archive.twitch_source: twitch-dl 実行: C:\Users\evolu\AppData\Local\Programs\Python\Python312\Scripts\twitch-dl.EXE chat …
2026-08-12 08:12:35,002 [INFO] src.archive.twitch_source: コメント取得完了: D:\develop\autoedit\src\settings\archive_work\chat_2833484601.json
2026-08-12 08:12:35,016 [INFO] src.archive.comment_source: チャット読み込み: 285件 (D:\develop\autoedit\src\settings\archive_work\chat_2833484601.json)
2026-08-12 08:12:35,020 [INFO] src.archive.pipeline: アーカイブ採点開始: D:\develop\autoedit\src\settings\archive_work\vod_2833484601.mp4 (窓180s/スライド45s, コメント285件)
2026-08-12 08:33:00,284 [INFO] src.archive.pipeline: コメント集計: 285件 / 平均2.41件/分
2026-08-12 08:33:00,288 [INFO] src.archive.pipeline: 採点完了: 窓155件 → TOP10抽出
2026-08-12 08:33:00,289 [INFO] src.archive.pipeline:   clip1: 945.0-1125.0 点=58.4 (感情98.1/コメント10.0)
2026-08-12 08:33:00,289 [INFO] src.archive.pipeline:   clip2: 1170.0-1350.0 点=60.0 (感情100.0/コメント11.0)
2026-08-12 08:33:00,289 [INFO] src.archive.pipeline:   clip3: 1485.0-1665.0 点=61.8 (感情100.0/コメント15.0)
2026-08-12 08:33:00,289 [INFO] src.archive.pipeline:   clip4: 1890.0-2070.0 点=52.1 (感情86.5/コメント10.0)
2026-08-12 08:33:00,289 [INFO] src.archive.pipeline:   clip5: 2880.0-3060.0 点=54.9 (感情99.8/コメント0.0)
2026-08-12 08:33:00,290 [INFO] src.archive.pipeline:   clip6: 3105.0-3285.0 点=56.5 (感情93.7/コメント11.0)
2026-08-12 08:33:00,290 [INFO] src.archive.pipeline:   clip7: 3645.0-3825.0 点=54.8 (感情97.1/コメント3.0)
2026-08-12 08:33:00,290 [INFO] src.archive.pipeline:   clip8: 4680.0-4860.0 点=52.9 (感情88.0/コメント10.0)
2026-08-12 08:33:00,290 [INFO] src.archive.pipeline:   clip9: 6255.0-6435.0 点=61.8 (感情100.0/コメント15.0)
2026-08-12 08:33:00,290 [INFO] src.archive.pipeline:   clip10: 6840.0-7020.0 点=52.1 (感情86.5/コメント10.0)
2026-08-12 08:33:05,610 [INFO] src.modules.loudness_normalizer: 入力ラウドネス: I=-19.7 LUFS / TP=-0.1 dBTP / LRA=17.6 LU → 目標 I=-14.0 LUFS / TP=-1.0 dBTP (offset 0.2 dB)
2026-08-12 08:33:13,323 [INFO] src.modules.loudness_normalizer: ラウドネス正規化 完了: C:\Users\evolu\AppData\Local\Temp\archive_clips_e9e_8wr9\clip1\normalized.mp4
2026-08-12 08:33:38,061 [INFO] src.modules.volume_analyzer: 発話区間の最低dB=-23 (mean, 測定 25/25 区間)
2026-08-12 08:33:38,061 [INFO] src.archive.clip_writer: clip1: 音量解析によりカット閾値 -23 dB を採用 (測定 25/25 区間・ダイアログ無し)
2026-08-12 08:33:38,157 [INFO] src.modules.output_profile: 横動画と判定 (入力=1920x1080)
2026-08-12 08:33:51,845 [INFO] src.modules.silence_cutter: 編集点検出: 無音 38 件 / 残す区間 38 件 (閾値=-23dB, 最小無音=0.60s, 総尺=181.1s)
2026-08-12 08:33:57,138 [INFO] src.modules.silence_cutter: 認識用音声を抽出: 38 区間 → 54.4s (元 181.1s)
2026-08-12 08:34:30,163 [INFO] src.modules.subtitle_generator: 音声認識開始 (model=large-v3, device=cpu, compute_type=int8, 設定=cpu)
2026-08-12 08:34:30,163 [INFO] src.modules.subtitle_generator: 音声認識実行 (device=cpu, compute_type=int8)
2026-08-12 08:34:36,892 [INFO] src.modules.subtitle_generator: VAD フィルタ有効 (min_silence=500ms, condition_on_previous_text=False)
2026-08-12 08:37:06,673 [INFO] src.modules.subtitle_generator: 音声認識完了 (36 セグメント)
2026-08-12 08:37:06,813 [INFO] src.modules.subtitle_generator: テロップ表示タイミング整形: 36 → 36 区間 (max_hold=2.0s, min_dur=0.5s)
2026-08-12 08:37:06,813 [INFO] src.modules.subtitle_generator: 音声認識完了 (Timeline 用 36 件)
2026-08-12 08:37:06,813 [INFO] src.archive.clip_writer: 編集点準備: 残す区間 38 件 / 想定尺 54.38s (素材 181.10s)
2026-08-12 08:37:06,813 [INFO] src.archive.clip_writer: clip1 prepare 完了 (字幕 36 件 / 実カットなし)
2026-08-12 08:37:13,813 [INFO] src.modules.loudness_normalizer: 入力ラウドネス: I=-20.9 LUFS / TP=-0.5 dBTP / LRA=12.6 LU → 目標 I=-14.0 LUFS / TP=-1.0 dBTP (offset -0.2 dB)
2026-08-12 08:37:25,205 [INFO] src.modules.loudness_normalizer: ラウドネス正規化 完了: C:\Users\evolu\AppData\Local\Temp\archive_clips_e9e_8wr9\clip2\normalized.mp4
2026-08-12 08:38:01,193 [INFO] src.modules.volume_analyzer: 発話区間の最低dB=-23 (mean, 測定 37/37 区間)
2026-08-12 08:38:01,193 [INFO] src.archive.clip_writer: clip2: 音量解析によりカット閾値 -23 dB を採用 (測定 37/37 区間・ダイアログ無し)
2026-08-12 08:38:01,875 [INFO] src.modules.output_profile: 横動画と判定 (入力=1920x1080)
2026-08-12 08:38:19,327 [INFO] src.modules.silence_cutter: 編集点検出: 無音 39 件 / 残す区間 40 件 (閾値=-23dB, 最小無音=0.60s, 総尺=182.1s)
2026-08-12 08:38:25,907 [INFO] src.modules.silence_cutter: 認識用音声を抽出: 40 区間 → 80.2s (元 182.1s)
2026-08-12 08:38:25,909 [INFO] src.modules.subtitle_generator: 音声認識開始 (model=large-v3, device=cpu, compute_type=int8, 設定=cpu)
2026-08-12 08:38:25,909 [INFO] src.modules.subtitle_generator: 音声認識実行 (device=cpu, compute_type=int8)
2026-08-12 08:38:32,240 [INFO] src.modules.subtitle_generator: VAD フィルタ有効 (min_silence=500ms, condition_on_previous_text=False)
2026-08-12 08:41:00,594 [INFO] src.modules.subtitle_generator: 音声認識完了 (49 セグメント)
2026-08-12 08:41:00,702 [INFO] src.modules.subtitle_generator: テロップ表示タイミング整形: 49 → 49 区間 (max_hold=2.0s, min_dur=0.5s)
2026-08-12 08:41:00,702 [INFO] src.modules.subtitle_generator: 音声認識完了 (Timeline 用 49 件)
2026-08-12 08:41:00,702 [INFO] src.archive.clip_writer: 編集点準備: 残す区間 40 件 / 想定尺 80.19s (素材 182.10s)
2026-08-12 08:41:00,702 [INFO] src.archive.clip_writer: clip2 prepare 完了 (字幕 49 件 / 実カットなし)
2026-08-12 08:41:05,660 [INFO] src.modules.loudness_normalizer: 入力ラウドネス: I=-20.5 LUFS / TP=-0.1 dBTP / LRA=10.5 LU → 目標 I=-14.0 LUFS / TP=-1.0 dBTP (offset 0.7 dB)
2026-08-12 08:41:13,746 [INFO] src.modules.loudness_normalizer: ラウドネス正規化 完了: C:\Users\evolu\AppData\Local\Temp\archive_clips_e9e_8wr9\clip3\normalized.mp4
2026-08-12 08:41:44,408 [INFO] src.modules.volume_analyzer: 発話区間の最低dB=-25 (mean, 測定 41/41 区間)
2026-08-12 08:41:44,408 [INFO] src.archive.clip_writer: clip3: 音量解析によりカット閾値 -25 dB を採用 (測定 41/41 区間・ダイアログ無し)
2026-08-12 08:41:44,503 [INFO] src.modules.output_profile: 横動画と判定 (入力=1920x1080)
2026-08-12 08:41:57,995 [INFO] src.modules.silence_cutter: 編集点検出: 無音 50 件 / 残す区間 50 件 (閾値=-25dB, 最小無音=0.60s, 総尺=181.1s)
2026-08-12 08:42:05,505 [INFO] src.modules.silence_cutter: 認識用音声を抽出: 50 区間 → 98.1s (元 178.2s)
2026-08-12 08:42:05,505 [INFO] src.modules.subtitle_generator: 音声認識開始 (model=large-v3, device=cpu, compute_type=int8, 設定=cpu)
2026-08-12 08:42:05,505 [INFO] src.modules.subtitle_generator: 音声認識実行 (device=cpu, compute_type=int8)
2026-08-12 08:42:11,281 [INFO] src.modules.subtitle_generator: VAD フィルタ有効 (min_silence=500ms, condition_on_previous_text=False)
2026-08-12 08:45:14,486 [INFO] src.modules.subtitle_generator: 音声認識完了 (55 セグメント)
2026-08-12 08:45:14,596 [INFO] src.modules.subtitle_generator: テロップ表示タイミング整形: 55 → 55 区間 (max_hold=2.0s, min_dur=0.5s)
2026-08-12 08:45:14,596 [INFO] src.modules.subtitle_generator: 音声認識完了 (Timeline 用 55 件)
2026-08-12 08:45:14,596 [INFO] src.archive.clip_writer: 編集点準備: 残す区間 50 件 / 想定尺 98.13s (素材 181.10s)
2026-08-12 08:45:14,596 [INFO] src.archive.clip_writer: clip3 prepare 完了 (字幕 55 件 / 実カットなし)
2026-08-12 08:45:19,344 [INFO] src.modules.loudness_normalizer: 入力ラウドネス: I=-21.7 LUFS / TP=-0.4 dBTP / LRA=11.7 LU → 目標 I=-14.0 LUFS / TP=-1.0 dBTP (offset 0.2 dB)
2026-08-12 08:45:27,650 [INFO] src.modules.loudness_normalizer: ラウドネス正規化 完了: C:\Users\evolu\AppData\Local\Temp\archive_clips_e9e_8wr9\clip4\normalized.mp4
2026-08-12 08:45:54,077 [INFO] src.modules.volume_analyzer: 発話区間の最低dB=-19 (mean, 測定 35/35 区間)
2026-08-12 08:45:54,077 [INFO] src.archive.clip_writer: clip4: 音量解析によりカット閾値 -19 dB を採用 (測定 35/35 区間・ダイアログ無し)
2026-08-12 08:45:54,185 [INFO] src.modules.output_profile: 横動画と判定 (入力=1920x1080)
2026-08-12 08:46:07,803 [INFO] src.modules.silence_cutter: 編集点検出: 無音 44 件 / 残す区間 44 件 (閾値=-19dB, 最小無音=0.60s, 総尺=182.1s)
2026-08-12 08:46:14,294 [INFO] src.modules.silence_cutter: 認識用音声を抽出: 44 区間 → 76.8s (元 182.1s)
2026-08-12 08:46:14,294 [INFO] src.modules.subtitle_generator: 音声認識開始 (model=large-v3, device=cpu, compute_type=int8, 設定=cpu)
2026-08-12 08:46:14,294 [INFO] src.modules.subtitle_generator: 音声認識実行 (device=cpu, compute_type=int8)
2026-08-12 08:46:20,206 [INFO] src.modules.subtitle_generator: VAD フィルタ有効 (min_silence=500ms, condition_on_previous_text=False)
2026-08-12 08:48:53,300 [INFO] src.modules.subtitle_generator: 音声認識完了 (57 セグメント)
2026-08-12 08:48:53,390 [INFO] src.modules.subtitle_generator: テロップ表示タイミング整形: 57 → 57 区間 (max_hold=2.0s, min_dur=0.5s)
2026-08-12 08:48:53,407 [INFO] src.modules.subtitle_generator: 音声認識完了 (Timeline 用 57 件)
2026-08-12 08:48:53,407 [INFO] src.archive.clip_writer: 編集点準備: 残す区間 44 件 / 想定尺 76.80s (素材 182.10s)
2026-08-12 08:48:53,407 [INFO] src.archive.clip_writer: clip4 prepare 完了 (字幕 57 件 / 実カットなし)
2026-08-12 08:48:58,235 [INFO] src.modules.loudness_normalizer: 入力ラウドネス: I=-21.0 LUFS / TP=0.1 dBTP / LRA=13.2 LU → 目標 I=-14.0 LUFS / TP=-1.0 dBTP (offset 0.2 dB)
2026-08-12 08:49:05,802 [INFO] src.modules.loudness_normalizer: ラウドネス正規化 完了: C:\Users\evolu\AppData\Local\Temp\archive_clips_e9e_8wr9\clip5\normalized.mp4
2026-08-12 08:49:30,781 [INFO] src.modules.volume_analyzer: 発話区間の最低dB=-20 (mean, 測定 35/35 区間)
2026-08-12 08:49:30,781 [INFO] src.archive.clip_writer: clip5: 音量解析によりカット閾値 -20 dB を採用 (測定 35/35 区間・ダイアログ無し)
2026-08-12 08:49:30,876 [INFO] src.modules.output_profile: 横動画と判定 (入力=1920x1080)
2026-08-12 08:49:45,836 [INFO] src.modules.silence_cutter: 編集点検出: 無音 49 件 / 残す区間 48 件 (閾値=-20dB, 最小無音=0.60s, 総尺=182.1s)
2026-08-12 08:49:52,031 [INFO] src.modules.silence_cutter: 認識用音声を抽出: 48 区間 → 72.3s (元 179.6s)
2026-08-12 08:49:52,031 [INFO] src.modules.subtitle_generator: 音声認識開始 (model=large-v3, device=cpu, compute_type=int8, 設定=cpu)
2026-08-12 08:49:52,031 [INFO] src.modules.subtitle_generator: 音声認識実行 (device=cpu, compute_type=int8)
2026-08-12 08:49:57,923 [INFO] src.modules.subtitle_generator: VAD フィルタ有効 (min_silence=500ms, condition_on_previous_text=False)
2026-08-12 08:52:27,178 [INFO] src.modules.subtitle_generator: 音声認識完了 (50 セグメント)
2026-08-12 08:52:27,283 [INFO] src.modules.subtitle_generator: テロップ表示タイミング整形: 50 → 50 区間 (max_hold=2.0s, min_dur=0.5s)
2026-08-12 08:52:27,283 [INFO] src.modules.subtitle_generator: 音声認識完了 (Timeline 用 50 件)
2026-08-12 08:52:27,283 [INFO] src.archive.clip_writer: 編集点準備: 残す区間 48 件 / 想定尺 72.32s (素材 182.10s)
2026-08-12 08:52:27,283 [INFO] src.archive.clip_writer: clip5 prepare 完了 (字幕 50 件 / 実カットなし)
2026-08-12 08:52:32,164 [INFO] src.modules.loudness_normalizer: 入力ラウドネス: I=-22.8 LUFS / TP=0.1 dBTP / LRA=10.6 LU → 目標 I=-14.0 LUFS / TP=-1.0 dBTP (offset 0.2 dB)
2026-08-12 08:52:40,266 [INFO] src.modules.loudness_normalizer: ラウドネス正規化 完了: C:\Users\evolu\AppData\Local\Temp\archive_clips_e9e_8wr9\clip6\normalized.mp4
2026-08-12 08:53:09,125 [INFO] src.modules.volume_analyzer: 発話区間の最低dB=-21 (mean, 測定 42/42 区間)
2026-08-12 08:53:09,125 [INFO] src.archive.clip_writer: clip6: 音量解析によりカット閾値 -21 dB を採用 (測定 42/42 区間・ダイアログ無し)
2026-08-12 08:53:09,219 [INFO] src.modules.output_profile: 横動画と判定 (入力=1920x1080)
2026-08-12 08:53:22,391 [INFO] src.modules.silence_cutter: 編集点検出: 無音 49 件 / 残す区間 48 件 (閾値=-21dB, 最小無音=0.60s, 総尺=181.1s)
2026-08-12 08:53:29,290 [INFO] src.modules.silence_cutter: 認識用音声を抽出: 48 区間 → 81.4s (元 180.0s)
2026-08-12 08:53:29,290 [INFO] src.modules.subtitle_generator: 音声認識開始 (model=large-v3, device=cpu, compute_type=int8, 設定=cpu)
2026-08-12 08:53:29,290 [INFO] src.modules.subtitle_generator: 音声認識実行 (device=cpu, compute_type=int8)
2026-08-12 08:53:35,028 [INFO] src.modules.subtitle_generator: VAD フィルタ有効 (min_silence=500ms, condition_on_previous_text=False)
2026-08-12 08:56:00,093 [INFO] src.modules.subtitle_generator: 音声認識完了 (41 セグメント)
2026-08-12 08:56:00,192 [INFO] src.modules.subtitle_generator: テロップ表示タイミング整形: 41 → 41 区間 (max_hold=2.0s, min_dur=0.5s)
2026-08-12 08:56:00,203 [INFO] src.modules.subtitle_generator: 音声認識完了 (Timeline 用 41 件)
2026-08-12 08:56:00,203 [INFO] src.archive.clip_writer: 編集点準備: 残す区間 48 件 / 想定尺 81.45s (素材 181.10s)
2026-08-12 08:56:00,203 [INFO] src.archive.clip_writer: clip6 prepare 完了 (字幕 41 件 / 実カットなし)
2026-08-12 08:56:04,951 [INFO] src.modules.loudness_normalizer: 入力ラウドネス: I=-21.6 LUFS / TP=-0.5 dBTP / LRA=19.9 LU → 目標 I=-14.0 LUFS / TP=-1.0 dBTP (offset 0.6 dB)
2026-08-12 08:56:12,001 [INFO] src.modules.loudness_normalizer: ラウドネス正規化 完了: C:\Users\evolu\AppData\Local\Temp\archive_clips_e9e_8wr9\clip7\normalized.mp4
2026-08-12 08:56:38,646 [INFO] src.modules.volume_analyzer: 発話区間の最低dB=-22 (mean, 測定 33/33 区間)
2026-08-12 08:56:38,647 [INFO] src.archive.clip_writer: clip7: 音量解析によりカット閾値 -22 dB を採用 (測定 33/33 区間・ダイアログ無し)
2026-08-12 08:56:38,743 [INFO] src.modules.output_profile: 横動画と判定 (入力=1920x1080)
2026-08-12 08:56:53,546 [INFO] src.modules.silence_cutter: 編集点検出: 無音 36 件 / 残す区間 35 件 (閾値=-22dB, 最小無音=0.60s, 総尺=181.1s)
2026-08-12 08:56:58,732 [INFO] src.modules.silence_cutter: 認識用音声を抽出: 35 区間 → 66.5s (元 179.1s)
2026-08-12 08:56:58,732 [INFO] src.modules.subtitle_generator: 音声認識開始 (model=large-v3, device=cpu, compute_type=int8, 設定=cpu)
2026-08-12 08:56:58,732 [INFO] src.modules.subtitle_generator: 音声認識実行 (device=cpu, compute_type=int8)
2026-08-12 08:57:04,716 [INFO] src.modules.subtitle_generator: VAD フィルタ有効 (min_silence=500ms, condition_on_previous_text=False)
2026-08-12 09:01:01,690 [INFO] src.modules.subtitle_generator: 音声認識完了 (59 セグメント)
2026-08-12 09:01:01,792 [INFO] src.modules.subtitle_generator: テロップ表示タイミング整形: 59 → 59 区間 (max_hold=2.0s, min_dur=0.5s)
2026-08-12 09:01:01,792 [INFO] src.modules.subtitle_generator: 音声認識完了 (Timeline 用 59 件)
2026-08-12 09:01:01,792 [INFO] src.archive.clip_writer: 編集点準備: 残す区間 35 件 / 想定尺 66.49s (素材 181.10s)
2026-08-12 09:01:01,792 [INFO] src.archive.clip_writer: clip7 prepare 完了 (字幕 59 件 / 実カットなし)
2026-08-12 09:01:06,656 [INFO] src.modules.loudness_normalizer: 入力ラウドネス: I=-22.1 LUFS / TP=0.1 dBTP / LRA=12.0 LU → 目標 I=-14.0 LUFS / TP=-1.0 dBTP (offset -0.2 dB)
2026-08-12 09:01:14,256 [INFO] src.modules.loudness_normalizer: ラウドネス正規化 完了: C:\Users\evolu\AppData\Local\Temp\archive_clips_e9e_8wr9\clip8\normalized.mp4
2026-08-12 09:01:40,562 [INFO] src.modules.volume_analyzer: 発話区間の最低dB=-19 (mean, 測定 30/30 区間)
2026-08-12 09:01:40,562 [INFO] src.archive.clip_writer: clip8: 音量解析によりカット閾値 -19 dB を採用 (測定 30/30 区間・ダイアログ無し)
2026-08-12 09:01:40,663 [INFO] src.modules.output_profile: 横動画と判定 (入力=1920x1080)
2026-08-12 09:01:54,063 [INFO] src.modules.silence_cutter: 編集点検出: 無音 33 件 / 残す区間 32 件 (閾値=-19dB, 最小無音=0.60s, 総尺=182.1s)
2026-08-12 09:01:58,808 [INFO] src.modules.silence_cutter: 認識用音声を抽出: 32 区間 → 71.5s (元 164.9s)
2026-08-12 09:01:58,808 [INFO] src.modules.subtitle_generator: 音声認識開始 (model=large-v3, device=cpu, compute_type=int8, 設定=cpu)
2026-08-12 09:01:58,808 [INFO] src.modules.subtitle_generator: 音声認識実行 (device=cpu, compute_type=int8)
2026-08-12 09:02:04,758 [INFO] src.modules.subtitle_generator: VAD フィルタ有効 (min_silence=500ms, condition_on_previous_text=False)
2026-08-12 09:04:05,862 [INFO] src.modules.subtitle_generator: 音声認識完了 (34 セグメント)
2026-08-12 09:04:05,966 [INFO] src.modules.subtitle_generator: テロップ表示タイミング整形: 34 → 34 区間 (max_hold=2.0s, min_dur=0.5s)
2026-08-12 09:04:05,966 [INFO] src.modules.subtitle_generator: 音声認識完了 (Timeline 用 34 件)
2026-08-12 09:04:05,966 [INFO] src.archive.clip_writer: 編集点準備: 残す区間 32 件 / 想定尺 71.49s (素材 182.10s)
2026-08-12 09:04:05,966 [INFO] src.archive.clip_writer: clip8 prepare 完了 (字幕 34 件 / 実カットなし)
2026-08-12 09:04:10,752 [INFO] src.modules.loudness_normalizer: 入力ラウドネス: I=-22.6 LUFS / TP=0.1 dBTP / LRA=10.6 LU → 目標 I=-14.0 LUFS / TP=-1.0 dBTP (offset -0.3 dB)
2026-08-12 09:04:19,056 [INFO] src.modules.loudness_normalizer: ラウドネス正規化 完了: C:\Users\evolu\AppData\Local\Temp\archive_clips_e9e_8wr9\clip9\normalized.mp4
2026-08-12 09:04:50,331 [INFO] src.modules.volume_analyzer: 発話区間の最低dB=-22 (mean, 測定 44/44 区間)
2026-08-12 09:04:50,332 [INFO] src.archive.clip_writer: clip9: 音量解析によりカット閾値 -22 dB を採用 (測定 44/44 区間・ダイアログ無し)
2026-08-12 09:04:50,425 [INFO] src.modules.output_profile: 横動画と判定 (入力=1920x1080)
2026-08-12 09:05:05,974 [INFO] src.modules.silence_cutter: 編集点検出: 無音 36 件 / 残す区間 37 件 (閾値=-22dB, 最小無音=0.60s, 総尺=181.1s)
2026-08-12 09:05:12,944 [INFO] src.modules.silence_cutter: 認識用音声を抽出: 37 区間 → 101.4s (元 181.1s)
2026-08-12 09:05:12,944 [INFO] src.modules.subtitle_generator: 音声認識開始 (model=large-v3, device=cpu, compute_type=int8, 設定=cpu)
2026-08-12 09:05:12,944 [INFO] src.modules.subtitle_generator: 音声認識実行 (device=cpu, compute_type=int8)
2026-08-12 09:05:18,792 [INFO] src.modules.subtitle_generator: VAD フィルタ有効 (min_silence=500ms, condition_on_previous_text=False)
2026-08-12 09:08:12,276 [INFO] src.modules.subtitle_generator: 音声認識完了 (54 セグメント)
2026-08-12 09:08:12,371 [INFO] src.modules.subtitle_generator: テロップ表示タイミング整形: 54 → 54 区間 (max_hold=2.0s, min_dur=0.5s)
2026-08-12 09:08:12,371 [INFO] src.modules.subtitle_generator: 音声認識完了 (Timeline 用 54 件)
2026-08-12 09:08:12,371 [INFO] src.archive.clip_writer: 編集点準備: 残す区間 37 件 / 想定尺 101.37s (素材 181.10s)
2026-08-12 09:08:12,371 [INFO] src.archive.clip_writer: clip9 prepare 完了 (字幕 54 件 / 実カットなし)
2026-08-12 09:08:17,152 [INFO] src.modules.loudness_normalizer: 入力ラウドネス: I=-22.3 LUFS / TP=-0.0 dBTP / LRA=11.3 LU → 目標 I=-14.0 LUFS / TP=-1.0 dBTP (offset 0.1 dB)
2026-08-12 09:08:25,103 [INFO] src.modules.loudness_normalizer: ラウドネス正規化 完了: C:\Users\evolu\AppData\Local\Temp\archive_clips_e9e_8wr9\clip10\normalized.mp4
2026-08-12 09:08:49,401 [INFO] src.modules.volume_analyzer: 発話区間の最低dB=-20 (mean, 測定 27/27 区間)
2026-08-12 09:08:49,401 [INFO] src.archive.clip_writer: clip10: 音量解析によりカット閾値 -20 dB を採用 (測定 27/27 区間・ダイアログ無し)
2026-08-12 09:08:49,494 [INFO] src.modules.output_profile: 横動画と判定 (入力=1920x1080)
2026-08-12 09:09:04,938 [INFO] src.modules.silence_cutter: 編集点検出: 無音 37 件 / 残す区間 37 件 (閾値=-20dB, 最小無音=0.60s, 総尺=182.1s)
2026-08-12 09:09:10,282 [INFO] src.modules.silence_cutter: 認識用音声を抽出: 37 区間 → 64.9s (元 182.1s)
2026-08-12 09:09:10,282 [INFO] src.modules.subtitle_generator: 音声認識開始 (model=large-v3, device=cpu, compute_type=int8, 設定=cpu)
2026-08-12 09:09:10,282 [INFO] src.modules.subtitle_generator: 音声認識実行 (device=cpu, compute_type=int8)
2026-08-12 09:09:16,237 [INFO] src.modules.subtitle_generator: VAD フィルタ有効 (min_silence=500ms, condition_on_previous_text=False)
2026-08-12 09:11:19,807 [INFO] src.modules.subtitle_generator: 音声認識完了 (37 セグメント)
2026-08-12 09:11:19,911 [INFO] src.modules.subtitle_generator: テロップ表示タイミング整形: 37 → 37 区間 (max_hold=2.0s, min_dur=0.5s)
2026-08-12 09:11:19,912 [INFO] src.modules.subtitle_generator: 音声認識完了 (Timeline 用 37 件)
2026-08-12 09:11:19,912 [INFO] src.archive.clip_writer: 編集点準備: 残す区間 37 件 / 想定尺 64.94s (素材 182.10s)
2026-08-12 09:11:19,912 [INFO] src.archive.clip_writer: clip10 prepare 完了 (字幕 37 件 / 実カットなし)
2026-08-12 09:11:20,744 [INFO] src.archive.timeline_builder: アーカイブ Timeline 構築: 10 クリップ / V1 409 本 / S1 472 件 / 全長 770.6s
2026-08-12 20:36:30,668 [INFO] src.archive.clip_writer: 結果画面でキャンセル → 出力なし
