2026-09-25 11:51:08,664 [INFO] src.utils.updater: 非凍結実行のため更新チェックをスキップ
2026-09-25 11:51:14,791 [INFO] src.archive.twitch_auth: Twitch 認証ページを開きます (ポート3737)
2026-09-25 11:51:16,852 [INFO] src.archive.twitch_auth: Twitch ログイン成功
2026-09-25 11:51:33,339 [INFO] src.archive.project_resume: ==================================================
2026-09-25 11:51:33,340 [INFO] src.archive.project_resume: 保存済みアーカイブプロジェクトから再開: D:\develop\autoedit\output\vod_2881981221.archive.timeline.json
2026-09-25 11:51:33,349 [INFO] src.timeline.project_io: プロジェクト読込: D:\develop\autoedit\output\vod_2881981221.archive.timeline.json
2026-09-25 11:51:36,430 [WARNING] src.timeline.project_io: クリップ c49 の尺 (0.013s) が下限 (0.050s) 未満のため除外します
2026-09-25 11:51:36,430 [WARNING] src.timeline.project_io: 音声クリップ a49 のリンク先 c49 が存在しないため除外します (該当区間は無音になります)
2026-09-25 11:51:36,431 [INFO] src.archive.project_resume: 素材の復元: 音声サイドカー 6 件 / 再正規化 0 件 / 切り出しのまま 0 件
2026-09-25 11:52:23,960 [INFO] src.archive.project_resume: ==================================================
2026-09-25 11:52:23,960 [INFO] src.archive.project_resume: 保存済みアーカイブプロジェクトから再開: D:\develop\autoedit\output\vod_2881981221.archive.timeline.json
2026-09-25 11:52:23,971 [INFO] src.timeline.project_io: プロジェクト読込: D:\develop\autoedit\output\vod_2881981221.archive.timeline.json
2026-09-25 11:52:26,604 [WARNING] src.timeline.project_io: クリップ c49 の尺 (0.013s) が下限 (0.050s) 未満のため除外します
2026-09-25 11:52:26,604 [WARNING] src.timeline.project_io: 音声クリップ a49 のリンク先 c49 が存在しないため除外します (該当区間は無音になります)
2026-09-25 11:52:26,604 [INFO] src.archive.project_resume: 素材の復元: 音声サイドカー 6 件 / 再正規化 0 件 / 切り出しのまま 0 件
2026-09-25 12:27:33,982 [INFO] src.gui.timeline.archive_timeline_dialog: セクション準備開始: 1 区間 / 合計 995.0s
2026-09-25 12:27:58,825 [INFO] src.modules.loudness_normalizer: 入力ラウドネス: I=-40.9 LUFS / TP=-15.8 dBTP / LRA=14.6 LU → 目標 I=-14.0 LUFS / TP=-1.0 dBTP (offset 1.9 dB)
2026-09-25 12:28:38,480 [INFO] src.modules.loudness_normalizer: ラウドネス正規化 完了: C:\Users\evolu\AppData\Local\Temp\archive_clips_p8xyg6m4\clip7\normalized.mp4
2026-09-25 12:29:06,417 [INFO] src.modules.volume_analyzer: 発話区間の最低dB=-18 (mean, 測定 1/1 区間)
2026-09-25 12:29:06,417 [INFO] src.archive.clip_writer: clip7: 音量解析によりカット閾値 -18 dB を採用 (測定 1/1 区間・ダイアログ無し)
2026-09-25 12:29:06,525 [INFO] src.modules.output_profile: 横動画と判定 (入力=960x540)
2026-09-25 12:29:20,416 [INFO] src.modules.silence_cutter: 編集点検出: 無音 59 件 / 残す区間 58 件 (閾値=-18dB, 最小無音=0.60s, 総尺=996.9s)
2026-09-25 12:29:44,995 [INFO] src.modules.silence_cutter: 認識用音声を抽出: 58 区間 → 947.5s (元 996.9s)
2026-09-25 12:30:09,332 [INFO] src.modules.subtitle_generator: 音声認識開始 (model=large-v3, device=cpu, compute_type=int8, 設定=cpu)
2026-09-25 12:30:09,332 [INFO] src.modules.subtitle_generator: 音声認識実行 (device=cpu, compute_type=int8)
2026-09-25 12:30:18,864 [INFO] src.modules.subtitle_generator: VAD フィルタ有効 (min_silence=500ms, speech_pad=100ms, condition_on_previous_text=False)
2026-09-25 12:54:10,442 [INFO] src.modules.subtitle_generator: 音声認識完了 (368 セグメント)
2026-09-25 12:54:10,575 [INFO] src.modules.subtitle_generator: 字幕時刻を Timeline の軸へ写像: 368 → 368 件 (カット区間のため 0 件除外)
2026-09-25 12:54:10,576 [INFO] src.modules.subtitle_generator: テロップ表示タイミング整形: 368 → 368 区間 (max_hold=2.0s, min_dur=0.5s)
2026-09-25 12:54:10,577 [INFO] src.modules.subtitle_generator: 音声認識完了 (Timeline 用 368 件)
2026-09-25 12:54:10,577 [INFO] src.archive.clip_writer: 編集点準備: 残す区間 58 件 / 想定尺 947.47s (素材 996.91s)
2026-09-25 12:54:10,577 [INFO] src.archive.clip_writer: clip7 prepare 完了 (字幕 368 件 / 実カットなし)
2026-09-25 12:54:10,684 [INFO] src.timeline.commands: 貼り付けの割り込み: V1 の 527.352s へ 947.47s を確保 / 移動 32 件・分割 0 件・切詰 0 件
2026-09-25 12:54:10,685 [INFO] src.timeline.commands: 貼り付けの割り込み: S1 の 527.352s へ 947.47s を確保 / 移動 456 件・分割 0 件・切詰 0 件
2026-09-25 12:54:10,718 [INFO] src.archive.timeline_builder: clip7: クリップ終端で打ち切った字幕 1 件 / 載せなかった字幕 0 件
2026-09-25 12:54:10,718 [INFO] src.archive.timeline_builder: セクション追加: clip7 を 527.35s へ挿入 (VOD 760.0-1755.0 / 尺 947.47s)
2026-09-25 12:54:10,719 [INFO] src.archive.timeline_builder: セクション統合: clip3 へ 1 件を畳み込み (VOD 760.0-1935.0)
2026-09-25 13:12:31,419 [INFO] src.timeline.commands: リップル: 9.900〜14.500s (4.60s) を除去 / 削除 3 件・短縮 0 件・移動 1105 件
2026-09-25 13:13:02,232 [INFO] src.timeline.commands: リップル: 9.900〜53.108s (43.21s) を除去 / 削除 25 件・短縮 0 件・移動 1080 件
2026-09-25 13:20:05,064 [INFO] src.timeline.commands: リップル: 42.808〜43.804s (1.00s) を除去 / 削除 0 件・短縮 1 件・移動 1064 件
2026-09-25 13:20:38,980 [INFO] src.timeline.commands: コメント用の字幕トラックを作成しました: S2
2026-09-25 13:22:28,449 [INFO] src.timeline.commands: リップル: 52.869〜54.892s (2.02s) を除去 / 削除 0 件・短縮 2 件・移動 1061 件
2026-09-25 13:28:53,981 [INFO] src.modules.subtitle_generator: テロップ個別指定 フォント 0 件 / サイズ 0 件 / 文字色 1 件 / 縁の色 0 件
2026-09-25 13:29:00,230 [INFO] src.modules.subtitle_generator: テロップ個別指定 フォント 0 件 / サイズ 0 件 / 文字色 1 件 / 縁の色 0 件
2026-09-25 13:29:05,483 [INFO] src.modules.subtitle_generator: テロップ個別指定 フォント 0 件 / サイズ 0 件 / 文字色 1 件 / 縁の色 0 件
2026-09-25 13:29:10,996 [INFO] src.modules.subtitle_generator: テロップ個別指定 フォント 0 件 / サイズ 0 件 / 文字色 1 件 / 縁の色 0 件
2026-09-25 13:30:26,073 [INFO] src.timeline.commands: リップル: 69.156〜95.695s (26.54s) を除去 / 削除 8 件・短縮 0 件・移動 1046 件
2026-09-25 13:35:37,918 [INFO] src.timeline.media_sidecar: 音声サイドカーを保存しました: D:\develop\autoedit\output\vod_2881981221.archive.media\m7_audio.m4a (23.1 MB)
2026-09-25 13:35:37,918 [INFO] src.gui.timeline.timeline_editor_dialog: 音声サイドカーを 7 件保存しました: D:\develop\autoedit\output\vod_2881981221.archive.media
2026-09-25 13:35:37,948 [INFO] src.timeline.project_io: プロジェクト保存: D:/develop/autoedit/output/vod_2881981221.archive.timeline.json
2026-09-25 13:47:07,505 [INFO] src.pipeline.pipeline_runner: ==================================================
2026-09-25 13:47:07,506 [INFO] src.pipeline.pipeline_runner: パイプライン開始: C:/Users/evolu/Downloads/20260925_TsundereVictoriousFalconCeilingCat-ZI4i9qA8U1THf9hl_portrait.mp4
2026-09-25 13:47:07,557 [INFO] src.modules.output_profile: 縦動画と判定 (入力=540x960 → 出力=1080x1920)
2026-09-25 13:47:08,054 [INFO] src.modules.loudness_normalizer: 入力ラウドネス: I=-31.1 LUFS / TP=-14.6 dBTP / LRA=4.7 LU → 目標 I=-14.0 LUFS / TP=-1.0 dBTP (offset 0.9 dB)
2026-09-25 13:47:08,703 [INFO] src.modules.loudness_normalizer: ラウドネス正規化 完了: C:\Users\evolu\AppData\Local\Temp\autoedit_ttz8_2z8\loudness_normalized.mp4
2026-09-25 13:47:09,057 [INFO] src.modules.volume_analyzer: 発話区間の最低dB=-18 (mean, 測定 1/1 区間)
2026-09-25 13:47:10,324 [INFO] src.pipeline.pipeline_runner: カット閾値を更新し保存: -18 dB
2026-09-25 13:47:10,544 [INFO] src.modules.silence_cutter: 編集点検出: 無音 0 件 / 残す区間 1 件 (閾値=-18dB, 最小無音=0.60s, 総尺=15.9s)
2026-09-25 13:47:10,545 [INFO] src.modules.subtitle_generator: 縦動画のため字幕設定を縦用へ上書き (font/改行/配置/余白)
2026-09-25 13:47:10,929 [INFO] src.modules.silence_cutter: 認識用音声を抽出: 1 区間 → 15.9s (元 15.9s)
2026-09-25 13:47:10,939 [INFO] src.modules.subtitle_generator: 音声認識開始 (model=large-v3, device=cpu, compute_type=int8, 設定=cpu)
2026-09-25 13:47:10,939 [INFO] src.modules.subtitle_generator: 音声認識実行 (device=cpu, compute_type=int8)
2026-09-25 13:47:17,272 [INFO] src.modules.subtitle_generator: VAD フィルタ有効 (min_silence=500ms, speech_pad=100ms, condition_on_previous_text=False)
2026-09-25 13:47:38,153 [INFO] src.modules.subtitle_generator: 音声認識完了 (4 セグメント)
2026-09-25 13:47:38,259 [INFO] src.modules.subtitle_generator: 字幕時刻を Timeline の軸へ写像: 4 → 4 件 (カット区間のため 0 件除外)
2026-09-25 13:47:38,259 [INFO] src.modules.subtitle_generator: テロップ表示タイミング整形: 4 → 4 区間 (max_hold=2.0s, min_dur=0.5s)
2026-09-25 13:47:38,259 [INFO] src.modules.subtitle_generator: 音声認識完了 (Timeline 用 4 件)
2026-09-25 13:47:38,336 [INFO] src.timeline.builder: オープニング配置スキップ (縦動画のため)
2026-09-25 13:47:38,336 [INFO] src.timeline.builder: エンディング配置スキップ (縦動画のため)
2026-09-25 13:47:38,337 [INFO] src.timeline.builder: Timeline 構築: V1 1 クリップ (OP=無 / ED=無) / S1 4 字幕 / S2(コメント) 0 字幕 / 全長 17.7s / 60fps 1080x1920
2026-09-25 13:47:38,339 [INFO] src.timeline.project_io: プロジェクト保存: D:/develop/autoedit/output\20260925_TsundereVictoriousFalconCeilingCat-ZI4i9qA8U1THf9hl_portrait.timeline.json
2026-09-25 13:47:38,340 [INFO] src.modules.subtitle_generator: 縦動画のため字幕設定を縦用へ上書き (font/改行/配置/余白)
2026-09-25 13:47:38,341 [INFO] src.timeline.audio_source: プレビュー音声に認識用音声を再利用します (未編集)
2026-09-25 13:48:05,152 [INFO] src.timeline.commands: リップル: 14.400〜15.900s (1.50s) を除去 / 削除 0 件・短縮 1 件・移動 1 件
2026-09-25 13:49:24,735 [INFO] src.modules.subtitle_generator: テロップ個別指定 フォント 0 件 / サイズ 0 件 / 文字色 1 件 / 縁の色 0 件
2026-09-25 13:51:39,907 [INFO] src.modules.subtitle_generator: テロップ個別指定 フォント 1 件 / サイズ 1 件 / 文字色 1 件 / 縁の色 0 件
2026-09-25 13:51:53,881 [INFO] src.modules.subtitle_generator: テロップ個別指定 フォント 0 件 / サイズ 0 件 / 文字色 1 件 / 縁の色 0 件
2026-09-25 13:52:06,333 [INFO] src.modules.subtitle_generator: テロップ個別指定 フォント 1 件 / サイズ 1 件 / 文字色 1 件 / 縁の色 0 件
2026-09-25 13:52:11,688 [INFO] src.modules.subtitle_generator: テロップ個別指定 フォント 1 件 / サイズ 1 件 / 文字色 1 件 / 縁の色 0 件
2026-09-25 13:53:35,607 [INFO] src.modules.subtitle_generator: テロップ個別指定 フォント 0 件 / サイズ 0 件 / 文字色 1 件 / 縁の色 0 件
2026-09-25 13:53:41,420 [INFO] src.modules.subtitle_generator: テロップ個別指定 フォント 0 件 / サイズ 0 件 / 文字色 1 件 / 縁の色 0 件
2026-09-25 13:53:45,728 [INFO] src.modules.subtitle_generator: テロップ個別指定 フォント 0 件 / サイズ 0 件 / 文字色 1 件 / 縁の色 0 件
2026-09-25 13:53:51,867 [INFO] src.modules.subtitle_generator: テロップ個別指定 フォント 1 件 / サイズ 1 件 / 文字色 1 件 / 縁の色 0 件
2026-09-25 13:53:56,652 [INFO] src.modules.subtitle_generator: テロップ個別指定 フォント 0 件 / サイズ 0 件 / 文字色 1 件 / 縁の色 0 件
2026-09-25 13:54:03,911 [INFO] src.modules.subtitle_generator: テロップ個別指定 フォント 0 件 / サイズ 0 件 / 文字色 1 件 / 縁の色 0 件
2026-09-25 13:54:51,138 [INFO] src.modules.subtitle_generator: テロップ個別指定 フォント 0 件 / サイズ 0 件 / 文字色 1 件 / 縁の色 0 件
2026-09-25 13:55:28,501 [INFO] src.modules.subtitle_generator: テロップ個別指定 フォント 1 件 / サイズ 1 件 / 文字色 1 件 / 縁の色 0 件
2026-09-25 13:56:25,350 [INFO] src.gui.timeline.timeline_editor_dialog: Timeline 編集確定: V 3 クリップ / オーバーレイ 0 件 / 字幕 7 件（使用 7 件）/ ギャップ 0 件
2026-09-25 13:56:25,368 [INFO] src.timeline.project_io: プロジェクト保存: D:/develop/autoedit/output\20260925_TsundereVictoriousFalconCeilingCat-ZI4i9qA8U1THf9hl_portrait.timeline.json
2026-09-25 13:56:25,369 [INFO] src.timeline.renderer: ベース映像構築: 3 クリップ / ギャップ 0 件 / 合計 14.4s
2026-09-25 13:56:25,372 [INFO] src.timeline.renderer: 素材を正規化: loudness_normalized.mp4 (540x960 30fps → 1080x1920 60fps)
2026-09-25 13:56:33,850 [INFO] src.timeline.renderer: ベース映像の尺: モデル 14.400s / 実測 14.400s (差 +0.000s / 3 部品)
2026-09-25 13:56:33,883 [INFO] src.blur.mask_builder: ぼかす指定が無いためマスクを作りません
2026-09-25 13:56:33,883 [INFO] src.modules.subtitle_generator: 縦動画のため字幕設定を縦用へ上書き (font/改行/配置/余白)
2026-09-25 13:56:33,883 [INFO] src.modules.subtitle_generator: テロップ個別指定 フォント 2 件 / サイズ 2 件 / 文字色 6 件 / 縁の色 0 件
2026-09-25 13:56:33,884 [INFO] src.timeline.renderer: 字幕焼き込み: 7 件
2026-09-25 13:56:33,884 [INFO] src.modules.subtitle_generator: 縦動画のため字幕設定を縦用へ上書き (font/改行/配置/余白)
2026-09-25 13:56:43,925 [INFO] src.modules.output_writer: 出力完了: D:/develop/autoedit/output\20260925_TsundereVictoriousFalconCeilingCat-ZI4i9qA8U1THf9hl_portrait_edited.mp4
2026-09-25 13:56:43,925 [INFO] src.pipeline.pipeline_runner: パイプライン正常終了: D:/develop/autoedit/output\20260925_TsundereVictoriousFalconCeilingCat-ZI4i9qA8U1THf9hl_portrait_edited.mp4
2026-09-25 14:08:53,716 [INFO] src.utils.updater: 非凍結実行のため更新チェックをスキップ
2026-09-25 14:09:00,496 [INFO] src.archive.twitch_auth: Twitch 認証ページを開きます (ポート3737)
2026-09-25 14:09:02,714 [INFO] src.archive.twitch_auth: Twitch ログイン成功
2026-09-25 14:09:24,514 [INFO] src.archive.project_resume: ==================================================
2026-09-25 14:09:24,515 [INFO] src.archive.project_resume: 保存済みアーカイブプロジェクトから再開: D:\develop\autoedit\output\vod_2881981221.archive.timeline.json
2026-09-25 14:09:24,529 [INFO] src.timeline.project_io: プロジェクト読込: D:\develop\autoedit\output\vod_2881981221.archive.timeline.json
2026-09-25 14:09:28,393 [INFO] src.archive.project_resume: 素材の復元: 音声サイドカー 7 件 / 再正規化 0 件 / 切り出しのまま 0 件
2026-09-25 14:28:05,163 [INFO] src.archive.project_resume: ==================================================
2026-09-25 14:28:05,163 [INFO] src.archive.project_resume: 保存済みアーカイブプロジェクトから再開: D:/develop/autoedit/output/vod_2881981221.archive.timeline.json
2026-09-25 14:28:05,176 [INFO] src.timeline.project_io: プロジェクト読込: D:/develop/autoedit/output/vod_2881981221.archive.timeline.json
2026-09-25 14:28:09,224 [INFO] src.archive.project_resume: 素材の復元: 音声サイドカー 7 件 / 再正規化 0 件 / 切り出しのまま 0 件
2026-09-25 14:31:17,170 [INFO] src.archive.project_resume: ==================================================
2026-09-25 14:31:17,171 [INFO] src.archive.project_resume: 保存済みアーカイブプロジェクトから再開: D:/develop/autoedit/output/vod_2881981221.archive.timeline.json
2026-09-25 14:31:17,182 [INFO] src.timeline.project_io: プロジェクト読込: D:/develop/autoedit/output/vod_2881981221.archive.timeline.json
2026-09-25 14:31:21,181 [INFO] src.archive.project_resume: 素材の復元: 音声サイドカー 7 件 / 再正規化 0 件 / 切り出しのまま 0 件
2026-09-25 14:33:12,420 [INFO] src.timeline.commands: リップル: 73.834〜75.526s (1.69s) を除去 / 削除 0 件・短縮 2 件・移動 1043 件
2026-09-25 14:33:58,284 [INFO] src.modules.subtitle_generator: テロップ個別指定 フォント 0 件 / サイズ 0 件 / 文字色 1 件 / 縁の色 0 件
2026-09-25 14:34:56,661 [INFO] src.timeline.commands: リップル: 80.961〜170.221s (89.26s) を除去 / 削除 25 件・短縮 1 件・移動 1016 件
2026-09-25 14:36:50,646 [INFO] src.timeline.commands: リップル: 90.806〜109.680s (18.87s) を除去 / 削除 4 件・短縮 0 件・移動 1011 件
2026-09-25 14:36:54,933 [INFO] src.timeline.commands: リップル: 90.806〜109.331s (18.53s) を除去 / 削除 9 件・短縮 0 件・移動 1002 件
2026-09-25 14:36:57,605 [INFO] src.timeline.commands: リップル: 90.806〜92.032s (1.23s) を除去 / 削除 1 件・短縮 1 件・移動 1000 件
2026-09-25 14:36:59,662 [INFO] src.timeline.commands: リップル: 90.807〜91.092s (0.28s) を除去 / 削除 2 件・短縮 0 件・移動 999 件
2026-09-25 14:37:03,273 [INFO] src.timeline.commands: リップル: 90.807〜112.434s (21.63s) を除去 / 削除 8 件・短縮 0 件・移動 991 件
2026-09-25 14:37:08,984 [INFO] src.timeline.commands: リップル: 90.807〜95.348s (4.54s) を除去 / 削除 3 件・短縮 0 件・移動 988 件
2026-09-25 14:37:12,023 [INFO] src.timeline.commands: リップル: 90.807〜118.226s (27.42s) を除去 / 削除 9 件・短縮 0 件・移動 979 件
2026-09-25 14:37:21,707 [INFO] src.timeline.commands: リップル: 90.807〜213.828s (123.02s) を除去 / 削除 41 件・短縮 0 件・移動 938 件
2026-09-25 14:37:58,907 [INFO] src.timeline.commands: リップル: 90.807〜116.757s (25.95s) を除去 / 削除 14 件・短縮 0 件・移動 924 件
2026-09-25 14:38:03,958 [INFO] src.timeline.commands: リップル: 90.807〜92.985s (2.18s) を除去 / 削除 2 件・短縮 0 件・移動 922 件
2026-09-25 14:38:44,138 [INFO] src.timeline.commands: リップル: 90.808〜112.695s (21.89s) を除去 / 削除 4 件・短縮 0 件・移動 918 件
2026-09-25 14:38:48,189 [INFO] src.timeline.commands: リップル: 90.808〜92.163s (1.36s) を除去 / 削除 2 件・短縮 0 件・移動 916 件
2026-09-25 14:38:50,394 [INFO] src.timeline.commands: リップル: 90.808〜92.147s (1.34s) を除去 / 削除 2 件・短縮 0 件・移動 914 件
2026-09-25 14:39:09,170 [INFO] src.timeline.commands: リップル: 90.808〜93.770s (2.96s) を除去 / 削除 2 件・短縮 0 件・移動 912 件
2026-09-25 14:40:30,949 [INFO] src.gui.timeline.timeline_editor_dialog: 音声サイドカーを 7 件保存しました: D:\develop\autoedit\output\vod_2881981221.archive.media
2026-09-25 14:40:30,949 [INFO] src.timeline.project_io: 使われていない素材 1 件を保存対象から外しました
2026-09-25 14:40:30,967 [INFO] src.timeline.project_io: プロジェクト保存: D:/develop/autoedit/output/vod_2881981221.archive.timeline.json
2026-09-25 14:40:32,820 [INFO] src.gui.timeline.timeline_editor_dialog: 音声サイドカーを 7 件保存しました: D:\develop\autoedit\output\vod_2881981221.archive.media
2026-09-25 14:40:32,820 [INFO] src.timeline.project_io: 使われていない素材 1 件を保存対象から外しました
2026-09-25 14:40:32,845 [INFO] src.timeline.project_io: プロジェクト保存: D:/develop/autoedit/output/vod_2881981221.archive.timeline.json
2026-09-25 14:42:11,949 [INFO] src.timeline.commands: リップル: 90.808〜100.978s (10.17s) を除去 / 削除 0 件・短縮 1 件・移動 909 件
2026-09-25 14:48:16,780 [INFO] src.timeline.commands: リップル: 110.144〜129.974s (19.83s) を除去 / 削除 5 件・短縮 0 件・移動 901 件
2026-09-25 14:49:36,951 [INFO] src.timeline.clipboard: Timeline のノードをコピーしました: 1 件
2026-09-25 14:52:00,681 [INFO] src.modules.subtitle_generator: テロップ個別指定 フォント 0 件 / サイズ 0 件 / 文字色 1 件 / 縁の色 0 件
2026-09-25 14:52:35,445 [INFO] src.timeline.commands: リップル: 121.719〜128.439s (6.72s) を除去 / 削除 3 件・短縮 1 件・移動 891 件
2026-09-25 15:45:25,237 [INFO] src.timeline.commands: リップル: 136.597〜145.990s (9.39s) を除去 / 削除 4 件・短縮 0 件・移動 880 件
2026-09-25 15:45:34,361 [INFO] src.timeline.commands: リップル: 136.597〜148.406s (11.81s) を除去 / 削除 4 件・短縮 0 件・移動 876 件
2026-09-25 15:45:52,855 [INFO] src.timeline.commands: リップル: 136.597〜137.739s (1.14s) を除去 / 削除 1 件・短縮 1 件・移動 874 件
2026-09-25 15:55:35,727 [INFO] src.modules.subtitle_generator: テロップ個別指定 フォント 1 件 / サイズ 0 件 / 文字色 1 件 / 縁の色 0 件
2026-09-25 15:56:09,673 [INFO] src.modules.subtitle_generator: テロップ個別指定 フォント 1 件 / サイズ 0 件 / 文字色 1 件 / 縁の色 0 件
2026-09-25 15:56:17,471 [INFO] src.modules.subtitle_generator: テロップ個別指定 フォント 1 件 / サイズ 0 件 / 文字色 1 件 / 縁の色 0 件
2026-09-25 15:57:01,871 [INFO] src.timeline.clipboard: Timeline のノードをコピーしました: 1 件
2026-09-25 15:57:39,630 [INFO] src.modules.subtitle_generator: テロップ個別指定 フォント 0 件 / サイズ 0 件 / 文字色 1 件 / 縁の色 0 件
2026-09-25 15:57:46,316 [INFO] src.modules.subtitle_generator: テロップ個別指定 フォント 0 件 / サイズ 0 件 / 文字色 1 件 / 縁の色 0 件
2026-09-25 15:57:51,632 [INFO] src.modules.subtitle_generator: テロップ個別指定 フォント 0 件 / サイズ 0 件 / 文字色 1 件 / 縁の色 0 件
2026-09-25 15:57:56,168 [INFO] src.modules.subtitle_generator: テロップ個別指定 フォント 0 件 / サイズ 0 件 / 文字色 1 件 / 縁の色 0 件
2026-09-25 16:01:07,935 [INFO] src.modules.subtitle_generator: テロップ個別指定 フォント 0 件 / サイズ 0 件 / 文字色 1 件 / 縁の色 0 件
2026-09-25 16:01:45,998 [INFO] src.timeline.commands: リップル: 176.069〜182.144s (6.08s) を除去 / 削除 2 件・短縮 1 件・移動 846 件
2026-09-25 16:02:13,650 [INFO] src.timeline.commands: リップル: 176.069〜182.894s (6.82s) を除去 / 削除 3 件・短縮 0 件・移動 843 件
2026-09-25 16:02:14,917 [INFO] src.timeline.commands: リップル: 176.069〜179.734s (3.66s) を除去 / 削除 1 件・短縮 1 件・移動 841 件
2026-09-25 16:03:23,365 [INFO] src.timeline.clipboard: Timeline のノードをコピーしました: 1 件
2026-09-25 16:04:08,315 [INFO] src.modules.subtitle_generator: テロップ個別指定 フォント 0 件 / サイズ 0 件 / 文字色 1 件 / 縁の色 0 件
2026-09-25 16:04:14,727 [INFO] src.modules.subtitle_generator: テロップ個別指定 フォント 0 件 / サイズ 0 件 / 文字色 1 件 / 縁の色 0 件
2026-09-25 16:04:21,517 [INFO] src.modules.subtitle_generator: テロップ個別指定 フォント 0 件 / サイズ 0 件 / 文字色 1 件 / 縁の色 0 件
2026-09-25 16:05:23,315 [INFO] src.timeline.commands: リップル: 181.350〜183.761s (2.41s) を除去 / 削除 1 件・短縮 0 件・移動 839 件
2026-09-25 16:05:24,486 [INFO] src.timeline.commands: リップル: 181.351〜184.993s (3.64s) を除去 / 削除 1 件・短縮 1 件・移動 837 件
2026-09-25 16:05:25,462 [INFO] src.timeline.commands: リップル: 181.351〜188.883s (7.53s) を除去 / 削除 4 件・短縮 0 件・移動 834 件
2026-09-25 16:05:29,688 [INFO] src.timeline.commands: リップル: 181.351〜196.355s (15.00s) を除去 / 削除 7 件・短縮 0 件・移動 827 件
2026-09-25 16:05:32,961 [INFO] src.timeline.commands: リップル: 181.351〜187.952s (6.60s) を除去 / 削除 6 件・短縮 0 件・移動 821 件
2026-09-25 16:06:18,790 [INFO] src.timeline.commands: リップル: 181.351〜219.621s (38.27s) を除去 / 削除 22 件・短縮 0 件・移動 799 件
2026-09-25 16:06:47,168 [INFO] src.timeline.commands: リップル: 181.351〜185.096s (3.75s) を除去 / 削除 3 件・短縮 0 件・移動 796 件
2026-09-25 16:06:49,445 [INFO] src.timeline.commands: リップル: 181.351〜181.708s (0.36s) を除去 / 削除 1 件・短縮 1 件・移動 794 件
2026-09-25 16:06:50,718 [INFO] src.timeline.commands: リップル: 181.352〜208.347s (27.00s) を除去 / 削除 10 件・短縮 0 件・移動 785 件
2026-09-25 16:10:53,119 [INFO] src.timeline.commands: リップル: 198.204〜199.370s (1.17s) を除去 / 削除 1 件・短縮 1 件・移動 771 件
2026-09-25 16:15:30,491 [INFO] src.timeline.commands: リップル: 213.770〜223.657s (9.89s) を除去 / 削除 7 件・短縮 1 件・移動 750 件
2026-09-25 16:18:17,404 [INFO] src.timeline.commands: リップル: 227.645〜265.958s (38.31s) を除去 / 削除 11 件・短縮 0 件・移動 733 件
2026-09-25 16:18:48,500 [INFO] src.timeline.commands: リップル: 227.645〜270.411s (42.77s) を除去 / 削除 12 件・短縮 0 件・移動 721 件
2026-09-25 16:19:33,433 [INFO] src.timeline.commands: リップル: 227.645〜232.028s (4.38s) を除去 / 削除 1 件・短縮 1 件・移動 719 件
2026-09-25 16:20:35,254 [INFO] src.timeline.commands: リップル: 231.451〜240.195s (8.74s) を除去 / 削除 3 件・短縮 2 件・移動 714 件
2026-09-25 16:20:53,178 [INFO] src.timeline.commands: リップル: 231.451〜237.292s (5.84s) を除去 / 削除 4 件・短縮 1 件・移動 709 件
2026-09-25 16:27:38,286 [INFO] src.timeline.commands: リップル: 236.494〜247.460s (10.97s) を除去 / 削除 2 件・短縮 0 件・移動 706 件
2026-09-25 16:27:50,116 [INFO] src.timeline.commands: リップル: 236.494〜253.159s (16.66s) を除去 / 削除 4 件・短縮 0 件・移動 702 件
2026-09-25 16:28:02,114 [INFO] src.timeline.commands: リップル: 236.494〜249.058s (12.56s) を除去 / 削除 5 件・短縮 0 件・移動 697 件
2026-09-25 16:28:27,649 [INFO] src.timeline.commands: リップル: 236.494〜238.994s (2.50s) を除去 / 削除 3 件・短縮 0 件・移動 694 件
2026-09-25 16:28:29,287 [INFO] src.timeline.commands: リップル: 236.494〜240.428s (3.93s) を除去 / 削除 2 件・短縮 0 件・移動 692 件
2026-09-25 16:28:40,437 [INFO] src.timeline.commands: リップル: 236.494〜260.806s (24.31s) を除去 / 削除 5 件・短縮 0 件・移動 687 件
2026-09-25 16:29:20,266 [INFO] src.timeline.commands: リップル: 247.619〜251.854s (4.23s) を除去 / 削除 0 件・短縮 1 件・移動 678 件
2026-09-25 16:29:25,015 [INFO] src.timeline.clipboard: Timeline のノードをコピーしました: 1 件
2026-09-25 16:29:36,829 [INFO] src.timeline.commands: リップル: 236.494〜247.619s (11.12s) を除去 / 削除 4 件・短縮 0 件・移動 679 件
2026-09-25 16:35:54,914 [INFO] src.modules.subtitle_generator: テロップ個別指定 フォント 0 件 / サイズ 0 件 / 文字色 1 件 / 縁の色 0 件
2026-09-25 16:35:59,557 [INFO] src.modules.subtitle_generator: テロップ個別指定 フォント 0 件 / サイズ 0 件 / 文字色 1 件 / 縁の色 0 件
2026-09-25 16:37:43,144 [INFO] src.timeline.commands: リップル: 246.835〜248.708s (1.87s) を除去 / 削除 0 件・短縮 1 件・移動 674 件
2026-09-25 16:39:06,336 [INFO] src.timeline.commands: リップル: 250.114〜275.219s (25.11s) を除去 / 削除 14 件・短縮 2 件・移動 656 件
2026-09-25 16:45:12,171 [INFO] src.timeline.commands: リップル: 286.267〜291.920s (5.65s) を除去 / 削除 0 件・短縮 1 件・移動 633 件
2026-09-25 16:49:25,285 [INFO] src.timeline.commands: リップル: 317.573〜325.524s (7.95s) を除去 / 削除 2 件・短縮 2 件・移動 624 件
2026-09-25 16:49:30,287 [INFO] src.timeline.commands: リップル: 308.617〜317.573s (8.96s) を除去 / 削除 3 件・短縮 0 件・移動 624 件
2026-09-25 16:49:55,743 [INFO] src.timeline.commands: リップル: 308.617〜313.924s (5.31s) を除去 / 削除 0 件・短縮 1 件・移動 623 件
2026-09-25 16:50:17,463 [INFO] src.timeline.commands: リップル: 309.541〜313.586s (4.05s) を除去 / 削除 1 件・短縮 0 件・移動 621 件
2026-09-25 16:50:18,575 [INFO] src.timeline.commands: リップル: 309.541〜316.989s (7.45s) を除去 / 削除 1 件・短縮 0 件・移動 620 件
2026-09-25 16:50:19,902 [INFO] src.timeline.commands: リップル: 309.541〜314.134s (4.59s) を除去 / 削除 4 件・短縮 0 件・移動 616 件
2026-09-25 16:50:22,124 [INFO] src.timeline.commands: リップル: 309.541〜311.178s (1.64s) を除去 / 削除 1 件・短縮 0 件・移動 615 件
2026-09-25 16:50:25,196 [INFO] src.timeline.commands: リップル: 309.541〜323.390s (13.85s) を除去 / 削除 7 件・短縮 0 件・移動 608 件
2026-09-25 16:50:28,755 [INFO] src.timeline.commands: リップル: 309.541〜309.654s (0.11s) を除去 / 削除 1 件・短縮 1 件・移動 606 件
2026-09-25 16:50:31,473 [INFO] src.timeline.commands: リップル: 309.541〜314.800s (5.26s) を除去 / 削除 3 件・短縮 0 件・移動 604 件
2026-09-25 16:50:49,842 [INFO] src.timeline.commands: リップル: 309.541〜331.894s (22.35s) を除去 / 削除 13 件・短縮 0 件・移動 591 件
2026-09-25 16:51:23,287 [INFO] src.timeline.commands: リップル: 309.541〜311.525s (1.98s) を除去 / 削除 0 件・短縮 1 件・移動 589 件
2026-09-25 16:54:41,467 [INFO] src.timeline.commands: リップル: 322.292〜353.721s (31.43s) を除去 / 削除 7 件・短縮 1 件・移動 575 件
2026-09-25 16:57:40,533 [INFO] src.modules.subtitle_generator: テロップ個別指定 フォント 1 件 / サイズ 1 件 / 文字色 1 件 / 縁の色 0 件
2026-09-25 17:00:54,485 [WARNING] src.gui.timeline.preview_panel: プレビュー音声の再生エラー: Could not open file
2026-09-25 17:02:21,701 [INFO] src.modules.subtitle_generator: テロップ個別指定 フォント 0 件 / サイズ 0 件 / 文字色 1 件 / 縁の色 0 件
2026-09-25 17:06:12,906 [INFO] src.modules.subtitle_generator: テロップ個別指定 フォント 0 件 / サイズ 0 件 / 文字色 1 件 / 縁の色 0 件
2026-09-25 17:10:00,311 [INFO] src.gui.timeline.timeline_editor_dialog: 音声サイドカーを 7 件保存しました: D:\develop\autoedit\output\vod_2881981221.archive.media
2026-09-25 17:10:00,311 [INFO] src.timeline.project_io: 使われていない素材 1 件を保存対象から外しました
2026-09-25 17:10:00,327 [INFO] src.timeline.project_io: プロジェクト保存: D:/develop/autoedit/output/vod_2881981221.archive.timeline.json
2026-09-25 17:10:02,361 [INFO] src.gui.timeline.timeline_editor_dialog: 音声サイドカーを 7 件保存しました: D:\develop\autoedit\output\vod_2881981221.archive.media
2026-09-25 17:10:02,361 [INFO] src.timeline.project_io: 使われていない素材 1 件を保存対象から外しました
2026-09-25 17:10:02,374 [INFO] src.timeline.project_io: プロジェクト保存: D:/develop/autoedit/output/vod_2881981221.archive.timeline.json
2026-09-25 17:10:05,971 [INFO] src.gui.timeline.timeline_editor_dialog: 音声サイドカーを 7 件保存しました: D:\develop\autoedit\output\vod_2881981221.archive.media
2026-09-25 17:10:05,978 [INFO] src.timeline.project_io: 使われていない素材 1 件を保存対象から外しました
2026-09-25 17:10:05,994 [INFO] src.timeline.project_io: プロジェクト保存: D:/develop/autoedit/output/vod_2881981221.archive.timeline.json
2026-09-25 17:10:35,007 [INFO] src.utils.updater: 非凍結実行のため更新チェックをスキップ
