2026-08-07 11:58:01,674 [INFO] src.utils.updater: 非凍結実行のため更新チェックをスキップ
2026-08-07 11:58:15,828 [INFO] src.pipeline.pipeline_runner: ==================================================
2026-08-07 11:58:15,828 [INFO] src.pipeline.pipeline_runner: パイプライン開始: C:/Users/evolu/Downloads/すごいのが周ってきた.mp4
2026-08-07 11:58:16,031 [INFO] src.modules.output_profile: 縦動画と判定 (入力=1080x1920 → 出力=1080x1920)
2026-08-07 11:58:17,628 [INFO] src.modules.loudness_normalizer: 入力ラウドネス: I=-34.2 LUFS / TP=-14.3 dBTP / LRA=11.4 LU → 目標 I=-14.0 LUFS / TP=-1.0 dBTP (offset 1.4 dB)
2026-08-07 11:58:19,723 [INFO] src.modules.loudness_normalizer: ラウドネス正規化 完了: C:\Users\evolu\AppData\Local\Temp\autoedit_550bpuib\loudness_normalized.mp4
2026-08-07 11:58:24,001 [INFO] src.modules.volume_analyzer: 発話区間の最低dB=-18 (mean, 測定 1/1 区間)
2026-08-07 11:58:25,161 [INFO] src.pipeline.pipeline_runner: カット閾値を更新し保存: -18 dB
2026-08-07 11:58:27,458 [INFO] src.modules.silence_cutter: 編集点検出: 無音 2 件 / 残す区間 3 件 (閾値=-18dB, 最小無音=0.60s, 総尺=39.3s)
2026-08-07 11:58:27,458 [INFO] src.modules.subtitle_generator: 縦動画のため字幕設定を縦用へ上書き (font/改行/配置/余白)
2026-08-07 11:58:28,897 [INFO] src.modules.silence_cutter: 認識用音声を抽出: 3 区間 → 37.8s (元 39.3s)
2026-08-07 11:59:24,204 [INFO] src.modules.subtitle_generator: 音声認識開始 (model=large-v3, device=cpu, compute_type=int8, 設定=cpu)
2026-08-07 11:59:24,204 [INFO] src.modules.subtitle_generator: 音声認識実行 (device=cpu, compute_type=int8)
2026-08-07 11:59:33,071 [INFO] src.modules.subtitle_generator: VAD フィルタ有効 (min_silence=500ms, condition_on_previous_text=False)
2026-08-07 12:00:26,052 [INFO] src.modules.subtitle_generator: 音声認識完了 (12 セグメント)
2026-08-07 12:00:26,151 [INFO] src.modules.subtitle_generator: テロップ表示タイミング整形: 12 → 12 区間 (max_hold=2.0s, min_dur=0.5s)
2026-08-07 12:00:26,151 [INFO] src.modules.subtitle_generator: 音声認識完了 (Timeline 用 12 件)
2026-08-07 12:00:26,246 [INFO] src.timeline.builder: オープニング配置スキップ (縦動画のため)
2026-08-07 12:00:26,246 [INFO] src.timeline.builder: エンディング配置スキップ (縦動画のため)
2026-08-07 12:00:26,246 [INFO] src.timeline.builder: Timeline 構築: V1 3 クリップ (OP=無 / ED=無) / S1 12 字幕 / 全長 39.3s / 60fps 1080x1920
2026-08-07 12:00:26,246 [INFO] src.timeline.project_io: プロジェクト保存: D:/develop/autoedit/output\すごいのが周ってきた.timeline.json
2026-08-07 12:00:26,250 [INFO] src.modules.subtitle_generator: 縦動画のため字幕設定を縦用へ上書き (font/改行/配置/余白)
2026-08-07 12:00:26,250 [INFO] src.timeline.audio_source: プレビュー音声に認識用音声を再利用します (未編集)
2026-08-07 12:29:33,525 [INFO] src.pipeline.pipeline_runner: パイプライン中断: ユーザーによるキャンセル
2026-08-07 15:04:29,532 [INFO] src.utils.updater: 非凍結実行のため更新チェックをスキップ
2026-08-07 15:04:39,102 [INFO] src.pipeline.pipeline_runner: ==================================================
2026-08-07 15:04:39,102 [INFO] src.pipeline.pipeline_runner: パイプライン開始: C:/Users/evolu/Downloads/すごいのが周ってきた.mp4
2026-08-07 15:04:39,166 [INFO] src.modules.output_profile: 縦動画と判定 (入力=1080x1920 → 出力=1080x1920)
2026-08-07 15:04:40,569 [INFO] src.modules.loudness_normalizer: 入力ラウドネス: I=-34.2 LUFS / TP=-14.3 dBTP / LRA=11.4 LU → 目標 I=-14.0 LUFS / TP=-1.0 dBTP (offset 1.4 dB)
2026-08-07 15:04:42,500 [INFO] src.modules.loudness_normalizer: ラウドネス正規化 完了: C:\Users\evolu\AppData\Local\Temp\autoedit_hylecmk5\loudness_normalized.mp4
2026-08-07 15:04:46,449 [INFO] src.modules.volume_analyzer: 発話区間の最低dB=-18 (mean, 測定 1/1 区間)
2026-08-07 15:05:18,484 [INFO] src.pipeline.pipeline_runner: カット閾値を更新し保存: -18 dB
2026-08-07 15:05:21,023 [INFO] src.modules.silence_cutter: 編集点検出: 無音 2 件 / 残す区間 3 件 (閾値=-18dB, 最小無音=0.60s, 総尺=39.3s)
2026-08-07 15:05:21,023 [INFO] src.modules.subtitle_generator: 縦動画のため字幕設定を縦用へ上書き (font/改行/配置/余白)
2026-08-07 15:05:22,481 [INFO] src.modules.silence_cutter: 認識用音声を抽出: 3 区間 → 37.8s (元 39.3s)
2026-08-07 15:05:58,387 [INFO] src.modules.subtitle_generator: 音声認識開始 (model=large-v3, device=cpu, compute_type=int8, 設定=cpu)
2026-08-07 15:05:58,387 [INFO] src.modules.subtitle_generator: 音声認識実行 (device=cpu, compute_type=int8)
2026-08-07 15:06:06,002 [INFO] src.modules.subtitle_generator: VAD フィルタ有効 (min_silence=500ms, condition_on_previous_text=False)
2026-08-07 15:07:08,818 [INFO] src.modules.subtitle_generator: 音声認識完了 (12 セグメント)
2026-08-07 15:07:08,941 [INFO] src.modules.subtitle_generator: テロップ表示タイミング整形: 12 → 12 区間 (max_hold=2.0s, min_dur=0.5s)
2026-08-07 15:07:08,941 [INFO] src.modules.subtitle_generator: 音声認識完了 (Timeline 用 12 件)
2026-08-07 15:07:09,043 [INFO] src.timeline.builder: オープニング配置スキップ (縦動画のため)
2026-08-07 15:07:09,045 [INFO] src.timeline.builder: エンディング配置スキップ (縦動画のため)
2026-08-07 15:07:09,046 [INFO] src.timeline.builder: Timeline 構築: V1 3 クリップ (OP=無 / ED=無) / S1 12 字幕 / 全長 39.3s / 60fps 1080x1920
2026-08-07 15:07:09,046 [INFO] src.timeline.project_io: プロジェクト保存: D:/develop/autoedit/output\すごいのが周ってきた.timeline.json
2026-08-07 15:07:09,046 [INFO] src.modules.subtitle_generator: 縦動画のため字幕設定を縦用へ上書き (font/改行/配置/余白)
2026-08-07 15:07:09,046 [INFO] src.timeline.audio_source: プレビュー音声に認識用音声を再利用します (未編集)
2026-08-07 15:10:41,310 [INFO] src.timeline.commands: リップル: 14.180〜17.040s (2.86s) を除去 / 削除 1 件・短縮 1 件・移動 7 件
2026-08-07 15:10:51,605 [INFO] src.pipeline.pipeline_runner: パイプライン中断: ユーザーによるキャンセル
2026-08-07 15:35:41,794 [INFO] src.utils.updater: 非凍結実行のため更新チェックをスキップ
2026-08-07 15:35:50,442 [INFO] src.pipeline.pipeline_runner: ==================================================
2026-08-07 15:35:50,442 [INFO] src.pipeline.pipeline_runner: パイプライン開始: C:/Users/evolu/Downloads/すごいのが周ってきた.mp4
2026-08-07 15:35:50,599 [INFO] src.modules.output_profile: 縦動画と判定 (入力=1080x1920 → 出力=1080x1920)
2026-08-07 15:35:52,271 [INFO] src.modules.loudness_normalizer: 入力ラウドネス: I=-34.2 LUFS / TP=-14.3 dBTP / LRA=11.4 LU → 目標 I=-14.0 LUFS / TP=-1.0 dBTP (offset 1.4 dB)
2026-08-07 15:35:54,158 [INFO] src.modules.loudness_normalizer: ラウドネス正規化 完了: C:\Users\evolu\AppData\Local\Temp\autoedit_6b_mim82\loudness_normalized.mp4
2026-08-07 15:35:58,100 [INFO] src.modules.volume_analyzer: 発話区間の最低dB=-18 (mean, 測定 1/1 区間)
2026-08-07 15:36:43,012 [INFO] src.pipeline.pipeline_runner: カット閾値を更新し保存: -18 dB
2026-08-07 15:36:45,137 [INFO] src.modules.silence_cutter: 編集点検出: 無音 2 件 / 残す区間 3 件 (閾値=-18dB, 最小無音=0.60s, 総尺=39.3s)
2026-08-07 15:36:45,137 [INFO] src.modules.subtitle_generator: 縦動画のため字幕設定を縦用へ上書き (font/改行/配置/余白)
2026-08-07 15:36:46,544 [INFO] src.modules.silence_cutter: 認識用音声を抽出: 3 区間 → 37.8s (元 39.3s)
2026-08-07 15:36:50,071 [INFO] src.modules.subtitle_generator: 音声認識開始 (model=large-v3, device=cpu, compute_type=int8, 設定=cpu)
2026-08-07 15:36:50,071 [INFO] src.modules.subtitle_generator: 音声認識実行 (device=cpu, compute_type=int8)
2026-08-07 15:36:58,646 [INFO] src.modules.subtitle_generator: VAD フィルタ有効 (min_silence=500ms, condition_on_previous_text=False)
2026-08-07 15:37:49,717 [INFO] src.modules.subtitle_generator: 音声認識完了 (12 セグメント)
2026-08-07 15:37:49,826 [INFO] src.modules.subtitle_generator: テロップ表示タイミング整形: 12 → 12 区間 (max_hold=2.0s, min_dur=0.5s)
2026-08-07 15:37:49,826 [INFO] src.modules.subtitle_generator: 音声認識完了 (Timeline 用 12 件)
2026-08-07 15:37:49,928 [INFO] src.timeline.builder: オープニング配置スキップ (縦動画のため)
2026-08-07 15:37:49,928 [INFO] src.timeline.builder: エンディング配置スキップ (縦動画のため)
2026-08-07 15:37:49,928 [INFO] src.timeline.builder: Timeline 構築: V1 3 クリップ (OP=無 / ED=無) / S1 12 字幕 / 全長 39.3s / 60fps 1080x1920
2026-08-07 15:37:49,932 [INFO] src.timeline.project_io: プロジェクト保存: D:/develop/autoedit/output\すごいのが周ってきた.timeline.json
2026-08-07 15:37:49,933 [INFO] src.modules.subtitle_generator: 縦動画のため字幕設定を縦用へ上書き (font/改行/配置/余白)
2026-08-07 15:37:49,933 [INFO] src.timeline.audio_source: プレビュー音声に認識用音声を再利用します (未編集)
2026-08-07 16:32:30,259 [INFO] src.pipeline.pipeline_runner: パイプライン中断: ユーザーによるキャンセル
