2026-08-08 12:28:21,417 [INFO] src.utils.updater: 非凍結実行のため更新チェックをスキップ
2026-08-08 12:28:25,304 [INFO] src.pipeline.pipeline_runner: ==================================================
2026-08-08 12:28:25,304 [INFO] src.pipeline.pipeline_runner: パイプライン開始: C:/Users/evolu/Downloads/すごいのが周ってきた.mp4
2026-08-08 12:28:26,106 [INFO] src.modules.output_profile: 縦動画と判定 (入力=1080x1920 → 出力=1080x1920)
2026-08-08 12:28:28,475 [INFO] src.modules.loudness_normalizer: 入力ラウドネス: I=-34.2 LUFS / TP=-14.3 dBTP / LRA=11.4 LU → 目標 I=-14.0 LUFS / TP=-1.0 dBTP (offset 1.4 dB)
2026-08-08 12:28:30,553 [INFO] src.modules.loudness_normalizer: ラウドネス正規化 完了: C:\Users\evolu\AppData\Local\Temp\autoedit_puknnbfk\loudness_normalized.mp4
2026-08-08 12:28:34,729 [INFO] src.modules.volume_analyzer: 発話区間の最低dB=-18 (mean, 測定 1/1 区間)
2026-08-08 12:30:19,675 [INFO] src.pipeline.pipeline_runner: カット閾値を更新し保存: -18 dB
2026-08-08 12:30:22,036 [INFO] src.modules.silence_cutter: 編集点検出: 無音 2 件 / 残す区間 3 件 (閾値=-18dB, 最小無音=0.60s, 総尺=39.3s)
2026-08-08 12:30:22,036 [INFO] src.modules.subtitle_generator: 縦動画のため字幕設定を縦用へ上書き (font/改行/配置/余白)
2026-08-08 12:30:23,832 [INFO] src.modules.silence_cutter: 認識用音声を抽出: 3 区間 → 37.8s (元 39.3s)
2026-08-08 12:31:06,387 [INFO] src.modules.subtitle_generator: 音声認識開始 (model=large-v3, device=cpu, compute_type=int8, 設定=cpu)
2026-08-08 12:31:06,387 [INFO] src.modules.subtitle_generator: 音声認識実行 (device=cpu, compute_type=int8)
2026-08-08 12:31:15,421 [INFO] src.modules.subtitle_generator: VAD フィルタ有効 (min_silence=500ms, condition_on_previous_text=False)
2026-08-08 12:32:04,963 [INFO] src.modules.subtitle_generator: 音声認識完了 (12 セグメント)
2026-08-08 12:32:05,105 [INFO] src.modules.subtitle_generator: テロップ表示タイミング整形: 12 → 12 区間 (max_hold=2.0s, min_dur=0.5s)
2026-08-08 12:32:05,105 [INFO] src.modules.subtitle_generator: 音声認識完了 (Timeline 用 12 件)
2026-08-08 12:32:05,209 [INFO] src.timeline.builder: オープニング配置スキップ (縦動画のため)
2026-08-08 12:32:05,209 [INFO] src.timeline.builder: エンディング配置スキップ (縦動画のため)
2026-08-08 12:32:05,209 [INFO] src.timeline.builder: Timeline 構築: V1 3 クリップ (OP=無 / ED=無) / S1 12 字幕 / 全長 39.3s / 60fps 1080x1920
2026-08-08 12:32:05,209 [INFO] src.timeline.project_io: プロジェクト保存: D:/develop/autoedit/output\すごいのが周ってきた.timeline.json
2026-08-08 12:32:05,209 [INFO] src.modules.subtitle_generator: 縦動画のため字幕設定を縦用へ上書き (font/改行/配置/余白)
2026-08-08 12:32:05,209 [INFO] src.timeline.audio_source: プレビュー音声に認識用音声を再利用します (未編集)
2026-08-08 12:32:58,905 [INFO] src.pipeline.pipeline_runner: パイプライン中断: ユーザーによるキャンセル
2026-08-08 13:35:05,215 [INFO] src.utils.updater: 非凍結実行のため更新チェックをスキップ
2026-08-08 13:35:49,347 [INFO] src.pipeline.pipeline_runner: ==================================================
2026-08-08 13:35:49,354 [INFO] src.pipeline.pipeline_runner: パイプライン開始: C:/Users/evolu/Downloads/すごいのが周ってきた.mp4
2026-08-08 13:35:50,435 [INFO] src.modules.output_profile: 縦動画と判定 (入力=1080x1920 → 出力=1080x1920)
2026-08-08 13:35:53,021 [INFO] src.modules.loudness_normalizer: 入力ラウドネス: I=-34.2 LUFS / TP=-14.3 dBTP / LRA=11.4 LU → 目標 I=-14.0 LUFS / TP=-1.0 dBTP (offset 1.4 dB)
2026-08-08 13:35:55,166 [INFO] src.modules.loudness_normalizer: ラウドネス正規化 完了: C:\Users\evolu\AppData\Local\Temp\autoedit_u4vkm46h\loudness_normalized.mp4
2026-08-08 13:35:59,389 [INFO] src.modules.volume_analyzer: 発話区間の最低dB=-18 (mean, 測定 1/1 区間)
2026-08-08 13:37:23,083 [INFO] src.pipeline.pipeline_runner: カット閾値を更新し保存: -18 dB
2026-08-08 13:37:25,608 [INFO] src.modules.silence_cutter: 編集点検出: 無音 2 件 / 残す区間 3 件 (閾値=-18dB, 最小無音=0.60s, 総尺=39.3s)
2026-08-08 13:37:25,608 [INFO] src.modules.subtitle_generator: 縦動画のため字幕設定を縦用へ上書き (font/改行/配置/余白)
2026-08-08 13:37:27,173 [INFO] src.modules.silence_cutter: 認識用音声を抽出: 3 区間 → 37.8s (元 39.3s)
2026-08-08 13:38:13,870 [INFO] src.modules.subtitle_generator: 音声認識開始 (model=large-v3, device=cpu, compute_type=int8, 設定=cpu)
2026-08-08 13:38:13,870 [INFO] src.modules.subtitle_generator: 音声認識実行 (device=cpu, compute_type=int8)
2026-08-08 13:38:23,398 [INFO] src.modules.subtitle_generator: VAD フィルタ有効 (min_silence=500ms, condition_on_previous_text=False)
2026-08-08 13:39:13,998 [INFO] src.modules.subtitle_generator: 音声認識完了 (12 セグメント)
2026-08-08 13:39:14,090 [INFO] src.modules.subtitle_generator: テロップ表示タイミング整形: 12 → 12 区間 (max_hold=2.0s, min_dur=0.5s)
2026-08-08 13:39:14,090 [INFO] src.modules.subtitle_generator: 音声認識完了 (Timeline 用 12 件)
2026-08-08 13:39:14,229 [INFO] src.timeline.builder: オープニング配置スキップ (縦動画のため)
2026-08-08 13:39:14,229 [INFO] src.timeline.builder: エンディング配置スキップ (縦動画のため)
2026-08-08 13:39:14,229 [INFO] src.timeline.builder: Timeline 構築: V1 3 クリップ (OP=無 / ED=無) / S1 12 字幕 / 全長 39.3s / 60fps 1080x1920
2026-08-08 13:39:14,231 [INFO] src.timeline.project_io: プロジェクト保存: D:/develop/autoedit/output\すごいのが周ってきた.timeline.json
2026-08-08 13:39:14,231 [INFO] src.modules.subtitle_generator: 縦動画のため字幕設定を縦用へ上書き (font/改行/配置/余白)
2026-08-08 13:39:14,231 [INFO] src.timeline.audio_source: プレビュー音声に認識用音声を再利用します (未編集)
2026-08-08 13:42:10,036 [INFO] src.pipeline.pipeline_runner: パイプライン中断: ユーザーによるキャンセル
2026-08-08 13:56:50,960 [INFO] src.utils.updater: 非凍結実行のため更新チェックをスキップ
2026-08-08 14:09:03,993 [INFO] src.pipeline.pipeline_runner: ==================================================
2026-08-08 14:09:03,993 [INFO] src.pipeline.pipeline_runner: パイプライン開始: C:/Users/evolu/Downloads/すごいのが周ってきた.mp4
2026-08-08 14:09:04,106 [INFO] src.modules.output_profile: 縦動画と判定 (入力=1080x1920 → 出力=1080x1920)
2026-08-08 14:09:05,696 [INFO] src.modules.loudness_normalizer: 入力ラウドネス: I=-34.2 LUFS / TP=-14.3 dBTP / LRA=11.4 LU → 目標 I=-14.0 LUFS / TP=-1.0 dBTP (offset 1.4 dB)
2026-08-08 14:09:07,616 [INFO] src.modules.loudness_normalizer: ラウドネス正規化 完了: C:\Users\evolu\AppData\Local\Temp\autoedit_xay_ibzi\loudness_normalized.mp4
2026-08-08 14:09:11,853 [INFO] src.modules.volume_analyzer: 発話区間の最低dB=-18 (mean, 測定 1/1 区間)
2026-08-08 14:09:13,432 [INFO] src.pipeline.pipeline_runner: カット閾値を更新し保存: -18 dB
2026-08-08 14:09:15,543 [INFO] src.modules.silence_cutter: 編集点検出: 無音 2 件 / 残す区間 3 件 (閾値=-18dB, 最小無音=0.60s, 総尺=39.3s)
2026-08-08 14:09:15,543 [INFO] src.modules.subtitle_generator: 縦動画のため字幕設定を縦用へ上書き (font/改行/配置/余白)
2026-08-08 14:09:17,400 [INFO] src.modules.silence_cutter: 認識用音声を抽出: 3 区間 → 37.8s (元 39.3s)
2026-08-08 14:09:20,977 [INFO] src.modules.subtitle_generator: 音声認識開始 (model=large-v3, device=cpu, compute_type=int8, 設定=cpu)
2026-08-08 14:09:20,977 [INFO] src.modules.subtitle_generator: 音声認識実行 (device=cpu, compute_type=int8)
2026-08-08 14:09:28,965 [INFO] src.modules.subtitle_generator: VAD フィルタ有効 (min_silence=500ms, condition_on_previous_text=False)
2026-08-08 14:10:20,041 [INFO] src.modules.subtitle_generator: 音声認識完了 (12 セグメント)
2026-08-08 14:10:20,136 [INFO] src.modules.subtitle_generator: テロップ表示タイミング整形: 12 → 12 区間 (max_hold=2.0s, min_dur=0.5s)
2026-08-08 14:10:20,136 [INFO] src.modules.subtitle_generator: 音声認識完了 (Timeline 用 12 件)
2026-08-08 14:10:20,230 [INFO] src.timeline.builder: オープニング配置スキップ (縦動画のため)
2026-08-08 14:10:20,230 [INFO] src.timeline.builder: エンディング配置スキップ (縦動画のため)
2026-08-08 14:10:20,232 [INFO] src.timeline.builder: Timeline 構築: V1 3 クリップ (OP=無 / ED=無) / S1 12 字幕 / 全長 39.3s / 60fps 1080x1920
2026-08-08 14:10:20,234 [INFO] src.timeline.project_io: プロジェクト保存: D:/develop/autoedit/output\すごいのが周ってきた.timeline.json
2026-08-08 14:10:20,235 [INFO] src.modules.subtitle_generator: 縦動画のため字幕設定を縦用へ上書き (font/改行/配置/余白)
2026-08-08 14:10:20,237 [INFO] src.timeline.audio_source: プレビュー音声に認識用音声を再利用します (未編集)
2026-08-08 14:39:55,841 [INFO] src.pipeline.pipeline_runner: パイプライン中断: ユーザーによるキャンセル
2026-08-08 15:42:33,231 [INFO] src.utils.updater: 非凍結実行のため更新チェックをスキップ
2026-08-08 15:43:01,178 [INFO] src.pipeline.pipeline_runner: ==================================================
2026-08-08 15:43:01,180 [INFO] src.pipeline.pipeline_runner: パイプライン開始: C:/Users/evolu/Downloads/すごいのが周ってきた.mp4
2026-08-08 15:43:01,313 [INFO] src.modules.output_profile: 縦動画と判定 (入力=1080x1920 → 出力=1080x1920)
2026-08-08 15:43:02,831 [INFO] src.modules.loudness_normalizer: 入力ラウドネス: I=-34.2 LUFS / TP=-14.3 dBTP / LRA=11.4 LU → 目標 I=-14.0 LUFS / TP=-1.0 dBTP (offset 1.4 dB)
2026-08-08 15:43:04,839 [INFO] src.modules.loudness_normalizer: ラウドネス正規化 完了: C:\Users\evolu\AppData\Local\Temp\autoedit_c6jlq0ot\loudness_normalized.mp4
2026-08-08 15:43:08,932 [INFO] src.modules.volume_analyzer: 発話区間の最低dB=-18 (mean, 測定 1/1 区間)
2026-08-08 15:43:15,010 [INFO] src.pipeline.pipeline_runner: カット閾値を更新し保存: -18 dB
2026-08-08 15:43:17,133 [INFO] src.modules.silence_cutter: 編集点検出: 無音 2 件 / 残す区間 3 件 (閾値=-18dB, 最小無音=0.60s, 総尺=39.3s)
2026-08-08 15:43:17,133 [INFO] src.modules.subtitle_generator: 縦動画のため字幕設定を縦用へ上書き (font/改行/配置/余白)
2026-08-08 15:43:18,454 [INFO] src.modules.silence_cutter: 認識用音声を抽出: 3 区間 → 37.8s (元 39.3s)
2026-08-08 15:43:21,973 [INFO] src.modules.subtitle_generator: 音声認識開始 (model=large-v3, device=cpu, compute_type=int8, 設定=cpu)
2026-08-08 15:43:21,973 [INFO] src.modules.subtitle_generator: 音声認識実行 (device=cpu, compute_type=int8)
2026-08-08 15:43:29,700 [INFO] src.modules.subtitle_generator: VAD フィルタ有効 (min_silence=500ms, condition_on_previous_text=False)
2026-08-08 15:44:24,232 [INFO] src.modules.subtitle_generator: 音声認識完了 (12 セグメント)
2026-08-08 15:44:24,329 [INFO] src.modules.subtitle_generator: テロップ表示タイミング整形: 12 → 12 区間 (max_hold=2.0s, min_dur=0.5s)
2026-08-08 15:44:24,329 [INFO] src.modules.subtitle_generator: 音声認識完了 (Timeline 用 12 件)
2026-08-08 15:44:24,452 [INFO] src.timeline.builder: オープニング配置スキップ (縦動画のため)
2026-08-08 15:44:24,452 [INFO] src.timeline.builder: エンディング配置スキップ (縦動画のため)
2026-08-08 15:44:24,452 [INFO] src.timeline.builder: Timeline 構築: V1 3 クリップ (OP=無 / ED=無) / S1 12 字幕 / 全長 39.3s / 60fps 1080x1920
2026-08-08 15:44:24,452 [INFO] src.timeline.project_io: プロジェクト保存: D:/develop/autoedit/output\すごいのが周ってきた.timeline.json
2026-08-08 15:44:24,452 [INFO] src.modules.subtitle_generator: 縦動画のため字幕設定を縦用へ上書き (font/改行/配置/余白)
2026-08-08 15:44:24,452 [INFO] src.timeline.audio_source: プレビュー音声に認識用音声を再利用します (未編集)
2026-08-08 15:55:40,612 [INFO] src.pipeline.pipeline_runner: パイプライン中断: ユーザーによるキャンセル
2026-08-08 15:57:36,091 [INFO] src.utils.updater: 非凍結実行のため更新チェックをスキップ
2026-08-08 16:00:07,856 [INFO] src.pipeline.pipeline_runner: ==================================================
2026-08-08 16:00:07,856 [INFO] src.pipeline.pipeline_runner: パイプライン開始: C:/Users/evolu/Downloads/すごいのが周ってきた.mp4
2026-08-08 16:00:07,979 [INFO] src.modules.output_profile: 縦動画と判定 (入力=1080x1920 → 出力=1080x1920)
2026-08-08 16:00:09,581 [INFO] src.modules.loudness_normalizer: 入力ラウドネス: I=-34.2 LUFS / TP=-14.3 dBTP / LRA=11.4 LU → 目標 I=-14.0 LUFS / TP=-1.0 dBTP (offset 1.4 dB)
2026-08-08 16:00:11,581 [INFO] src.modules.loudness_normalizer: ラウドネス正規化 完了: C:\Users\evolu\AppData\Local\Temp\autoedit_lqpd0vd2\loudness_normalized.mp4
2026-08-08 16:00:15,688 [INFO] src.modules.volume_analyzer: 発話区間の最低dB=-18 (mean, 測定 1/1 区間)
2026-08-08 16:00:51,983 [INFO] src.pipeline.pipeline_runner: カット閾値を更新し保存: -18 dB
2026-08-08 16:00:54,231 [INFO] src.modules.silence_cutter: 編集点検出: 無音 2 件 / 残す区間 3 件 (閾値=-18dB, 最小無音=0.60s, 総尺=39.3s)
2026-08-08 16:00:54,231 [INFO] src.modules.subtitle_generator: 縦動画のため字幕設定を縦用へ上書き (font/改行/配置/余白)
2026-08-08 16:00:55,661 [INFO] src.modules.silence_cutter: 認識用音声を抽出: 3 区間 → 37.8s (元 39.3s)
2026-08-08 16:00:59,550 [INFO] src.modules.subtitle_generator: 音声認識開始 (model=large-v3, device=cpu, compute_type=int8, 設定=cpu)
2026-08-08 16:00:59,550 [INFO] src.modules.subtitle_generator: 音声認識実行 (device=cpu, compute_type=int8)
2026-08-08 16:01:07,303 [INFO] src.modules.subtitle_generator: VAD フィルタ有効 (min_silence=500ms, condition_on_previous_text=False)
2026-08-08 16:01:57,487 [INFO] src.modules.subtitle_generator: 音声認識完了 (12 セグメント)
2026-08-08 16:01:57,599 [INFO] src.modules.subtitle_generator: テロップ表示タイミング整形: 12 → 12 区間 (max_hold=2.0s, min_dur=0.5s)
2026-08-08 16:01:57,600 [INFO] src.modules.subtitle_generator: 音声認識完了 (Timeline 用 12 件)
2026-08-08 16:01:57,694 [INFO] src.timeline.builder: オープニング配置スキップ (縦動画のため)
2026-08-08 16:01:57,694 [INFO] src.timeline.builder: エンディング配置スキップ (縦動画のため)
2026-08-08 16:01:57,694 [INFO] src.timeline.builder: Timeline 構築: V1 3 クリップ (OP=無 / ED=無) / S1 12 字幕 / 全長 39.3s / 60fps 1080x1920
2026-08-08 16:01:57,696 [INFO] src.timeline.project_io: プロジェクト保存: D:/develop/autoedit/output\すごいのが周ってきた.timeline.json
2026-08-08 16:01:57,697 [INFO] src.modules.subtitle_generator: 縦動画のため字幕設定を縦用へ上書き (font/改行/配置/余白)
2026-08-08 16:01:57,697 [INFO] src.timeline.audio_source: プレビュー音声に認識用音声を再利用します (未編集)
2026-08-08 16:26:31,877 [INFO] src.gui.timeline.timeline_editor_dialog: Timeline 編集確定: V 3 クリップ / オーバーレイ 0 件 / 字幕 7 件（使用 7 件）/ ギャップ 0 件
2026-08-08 16:26:31,969 [INFO] src.timeline.project_io: プロジェクト保存: D:/develop/autoedit/output\すごいのが周ってきた.timeline.json
2026-08-08 16:26:31,977 [INFO] src.timeline.renderer: ベース映像構築: 3 クリップ / ギャップ 0 件 / 合計 37.8s
2026-08-08 16:27:05,837 [INFO] src.modules.subtitle_generator: 縦動画のため字幕設定を縦用へ上書き (font/改行/配置/余白)
2026-08-08 16:27:05,837 [INFO] src.timeline.renderer: 字幕焼き込み: 7 件
2026-08-08 16:27:42,579 [INFO] src.modules.output_writer: 出力完了: D:/develop/autoedit/output\すごいのが周ってきた_edited.mp4
2026-08-08 16:27:42,579 [INFO] src.pipeline.pipeline_runner: パイプライン正常終了: D:/develop/autoedit/output\すごいのが周ってきた_edited.mp4
2026-08-08 16:41:01,944 [INFO] src.utils.updater: 非凍結実行のため更新チェックをスキップ
2026-08-08 16:41:13,270 [INFO] src.pipeline.pipeline_runner: ==================================================
2026-08-08 16:41:13,270 [INFO] src.pipeline.pipeline_runner: パイプライン開始: C:/Users/evolu/Downloads/すごいのが周ってきた.mp4
2026-08-08 16:41:13,318 [INFO] src.modules.output_profile: 縦動画と判定 (入力=1080x1920 → 出力=1080x1920)
2026-08-08 16:41:14,754 [INFO] src.modules.loudness_normalizer: 入力ラウドネス: I=-34.2 LUFS / TP=-14.3 dBTP / LRA=11.4 LU → 目標 I=-14.0 LUFS / TP=-1.0 dBTP (offset 1.4 dB)
2026-08-08 16:41:16,682 [INFO] src.modules.loudness_normalizer: ラウドネス正規化 完了: C:\Users\evolu\AppData\Local\Temp\autoedit_i8mwmjek\loudness_normalized.mp4
2026-08-08 16:41:20,433 [INFO] src.modules.volume_analyzer: 発話区間の最低dB=-18 (mean, 測定 1/1 区間)
2026-08-08 16:41:41,242 [INFO] src.pipeline.pipeline_runner: カット閾値を更新し保存: -18 dB
2026-08-08 16:41:43,561 [INFO] src.modules.silence_cutter: 編集点検出: 無音 2 件 / 残す区間 3 件 (閾値=-18dB, 最小無音=0.60s, 総尺=39.3s)
2026-08-08 16:41:43,561 [INFO] src.modules.subtitle_generator: 縦動画のため字幕設定を縦用へ上書き (font/改行/配置/余白)
2026-08-08 16:41:44,900 [INFO] src.modules.silence_cutter: 認識用音声を抽出: 3 区間 → 37.8s (元 39.3s)
2026-08-08 16:41:48,493 [INFO] src.modules.subtitle_generator: 音声認識開始 (model=large-v3, device=cpu, compute_type=int8, 設定=cpu)
2026-08-08 16:41:48,494 [INFO] src.modules.subtitle_generator: 音声認識実行 (device=cpu, compute_type=int8)
2026-08-08 16:41:55,876 [INFO] src.modules.subtitle_generator: VAD フィルタ有効 (min_silence=500ms, condition_on_previous_text=False)
2026-08-08 16:42:45,207 [INFO] src.modules.subtitle_generator: 音声認識完了 (12 セグメント)
2026-08-08 16:42:45,326 [INFO] src.modules.subtitle_generator: テロップ表示タイミング整形: 12 → 12 区間 (max_hold=2.0s, min_dur=0.5s)
2026-08-08 16:42:45,326 [INFO] src.modules.subtitle_generator: 音声認識完了 (Timeline 用 12 件)
2026-08-08 16:42:45,417 [INFO] src.timeline.builder: オープニング配置スキップ (縦動画のため)
2026-08-08 16:42:45,417 [INFO] src.timeline.builder: エンディング配置スキップ (縦動画のため)
2026-08-08 16:42:45,417 [INFO] src.timeline.builder: Timeline 構築: V1 3 クリップ (OP=無 / ED=無) / S1 12 字幕 / 全長 39.3s / 60fps 1080x1920
2026-08-08 16:42:45,419 [INFO] src.timeline.project_io: プロジェクト保存: D:/develop/autoedit/output\すごいのが周ってきた.timeline.json
2026-08-08 16:42:45,419 [INFO] src.modules.subtitle_generator: 縦動画のため字幕設定を縦用へ上書き (font/改行/配置/余白)
2026-08-08 16:42:45,421 [INFO] src.timeline.audio_source: プレビュー音声に認識用音声を再利用します (未編集)
2026-08-09 11:47:15,055 [INFO] src.pipeline.pipeline_runner: パイプライン中断: ユーザーによるキャンセル
