2026-07-30 13:10:38,800 [INFO] src.utils.updater: 非凍結実行のため更新チェックをスキップ
2026-07-30 13:10:46,644 [INFO] src.archive.twitch_auth: Twitch 認証ページを開きます (ポート3737)
2026-07-30 13:10:49,703 [INFO] src.archive.twitch_auth: Twitch ログイン成功
2026-07-30 13:12:27,080 [INFO] src.gui.archive_tab: 無音カット: OFF (アーカイブタブの選択)
2026-07-30 13:12:27,553 [INFO] src.archive.twitch_source: twitch-dl 実行: C:\Users\evolu\AppData\Local\Programs\Python\Python312\Scripts\twitch-dl.EXE download …
2026-07-30 13:15:57,078 [INFO] src.archive.twitch_source: VOD 取得完了: D:\develop\autoedit\src\settings\archive_work\vod_2829627792.mp4
2026-07-30 13:15:57,078 [INFO] src.archive.twitch_source: twitch-dl 実行: C:\Users\evolu\AppData\Local\Programs\Python\Python312\Scripts\twitch-dl.EXE chat …
2026-07-30 13:16:00,961 [INFO] src.archive.twitch_source: コメント取得完了: D:\develop\autoedit\src\settings\archive_work\chat_2829627792.json
2026-07-30 13:16:00,977 [INFO] src.archive.comment_source: チャット読み込み: 233件 (D:\develop\autoedit\src\settings\archive_work\chat_2829627792.json)
2026-07-30 13:16:00,986 [INFO] src.archive.pipeline: アーカイブ採点開始: D:\develop\autoedit\src\settings\archive_work\vod_2829627792.mp4 (窓180s/スライド45s, コメント233件)
2026-07-30 14:09:24,942 [INFO] src.archive.pipeline: コメント集計: 233件 / 平均1.76件/分
2026-07-30 14:09:24,942 [INFO] src.archive.pipeline: 採点完了: 窓174件 → TOP7抽出
2026-07-30 14:09:24,942 [INFO] src.archive.pipeline:   clip1: 2115.0-2295.0 点=47.4 (感情74.8/コメント14.0)
2026-07-30 14:09:24,947 [INFO] src.archive.pipeline:   clip2: 3150.0-3510.0 点=59.5 (感情100.0/コメント10.0)
2026-07-30 14:09:24,947 [INFO] src.archive.pipeline:   clip3: 3870.0-4050.0 点=47.0 (感情85.5/コメント0.0)
2026-07-30 14:09:24,947 [INFO] src.archive.pipeline:   clip4: 5175.0-5715.0 点=63.1 (感情100.0/コメント18.0)
2026-07-30 14:09:24,947 [INFO] src.archive.pipeline:   clip5: 6255.0-6435.0 点=45.2 (感情66.6/コメント19.0)
2026-07-30 14:09:24,947 [INFO] src.archive.pipeline:   clip6: 6840.0-7020.0 点=55.0 (感情100.0/コメント0.0)
2026-07-30 14:09:24,947 [INFO] src.archive.pipeline:   clip7: 7740.0-7920.0 点=44.6 (感情67.9/コメント16.0)
2026-07-30 14:09:25,485 [INFO] src.modules.silence_cutter: 無音カットスキップ (silence_cut.enabled=false)
2026-07-30 14:09:25,567 [INFO] src.modules.output_profile: 横動画と判定 (入力=2560x1440)
2026-07-30 14:10:40,231 [INFO] src.modules.subtitle_generator: 音声認識開始 (model=large-v3, device=cpu, compute_type=int8, 設定=cpu)
2026-07-30 14:10:40,231 [INFO] src.modules.subtitle_generator: 音声認識実行 (device=cpu, compute_type=int8)
2026-07-30 14:10:50,199 [INFO] src.modules.subtitle_generator: VAD フィルタ有効 (min_silence=500ms, condition_on_previous_text=False)
2026-07-30 14:16:00,494 [INFO] src.modules.subtitle_generator: 音声認識完了 (70 セグメント)
2026-07-30 14:16:00,670 [INFO] src.archive.clip_writer: clip1 prepare 完了 (字幕 70 件)
2026-07-30 14:16:01,251 [INFO] src.modules.silence_cutter: 無音カットスキップ (silence_cut.enabled=false)
2026-07-30 14:16:01,327 [INFO] src.modules.output_profile: 横動画と判定 (入力=2560x1440)
2026-07-30 14:16:01,327 [INFO] src.modules.subtitle_generator: 音声認識開始 (model=large-v3, device=cpu, compute_type=int8, 設定=cpu)
2026-07-30 14:16:01,327 [INFO] src.modules.subtitle_generator: 音声認識実行 (device=cpu, compute_type=int8)
2026-07-30 14:16:09,889 [INFO] src.modules.subtitle_generator: VAD フィルタ有効 (min_silence=500ms, condition_on_previous_text=False)
2026-07-30 14:25:46,203 [INFO] src.modules.subtitle_generator: 音声認識完了 (134 セグメント)
2026-07-30 14:25:46,330 [INFO] src.archive.clip_writer: clip2 prepare 完了 (字幕 134 件)
2026-07-30 14:25:46,739 [INFO] src.modules.silence_cutter: 無音カットスキップ (silence_cut.enabled=false)
2026-07-30 14:25:46,807 [INFO] src.modules.output_profile: 横動画と判定 (入力=2560x1440)
2026-07-30 14:25:46,807 [INFO] src.modules.subtitle_generator: 音声認識開始 (model=large-v3, device=cpu, compute_type=int8, 設定=cpu)
2026-07-30 14:25:46,807 [INFO] src.modules.subtitle_generator: 音声認識実行 (device=cpu, compute_type=int8)
2026-07-30 14:25:53,381 [INFO] src.modules.subtitle_generator: VAD フィルタ有効 (min_silence=500ms, condition_on_previous_text=False)
2026-07-30 14:30:25,224 [INFO] src.modules.subtitle_generator: 音声認識完了 (26 セグメント)
2026-07-30 14:30:25,344 [INFO] src.archive.clip_writer: clip3 prepare 完了 (字幕 26 件)
2026-07-30 14:30:26,248 [INFO] src.modules.silence_cutter: 無音カットスキップ (silence_cut.enabled=false)
2026-07-30 14:30:26,317 [INFO] src.modules.output_profile: 横動画と判定 (入力=2560x1440)
2026-07-30 14:30:26,317 [INFO] src.modules.subtitle_generator: 音声認識開始 (model=large-v3, device=cpu, compute_type=int8, 設定=cpu)
2026-07-30 14:30:26,317 [INFO] src.modules.subtitle_generator: 音声認識実行 (device=cpu, compute_type=int8)
2026-07-30 14:30:32,714 [INFO] src.modules.subtitle_generator: VAD フィルタ有効 (min_silence=500ms, condition_on_previous_text=False)
2026-07-30 14:43:23,155 [INFO] src.modules.subtitle_generator: 音声認識完了 (200 セグメント)
2026-07-30 14:43:23,294 [INFO] src.archive.clip_writer: clip4 prepare 完了 (字幕 200 件)
2026-07-30 14:43:23,681 [INFO] src.modules.silence_cutter: 無音カットスキップ (silence_cut.enabled=false)
2026-07-30 14:43:23,743 [INFO] src.modules.output_profile: 横動画と判定 (入力=2560x1440)
2026-07-30 14:43:23,744 [INFO] src.modules.subtitle_generator: 音声認識開始 (model=large-v3, device=cpu, compute_type=int8, 設定=cpu)
2026-07-30 14:43:23,744 [INFO] src.modules.subtitle_generator: 音声認識実行 (device=cpu, compute_type=int8)
2026-07-30 14:43:31,225 [INFO] src.modules.subtitle_generator: VAD フィルタ有効 (min_silence=500ms, condition_on_previous_text=False)
2026-07-30 14:46:43,444 [INFO] src.modules.subtitle_generator: 音声認識完了 (44 セグメント)
2026-07-30 14:46:43,585 [INFO] src.archive.clip_writer: clip5 prepare 完了 (字幕 44 件)
2026-07-30 14:46:43,949 [INFO] src.modules.silence_cutter: 無音カットスキップ (silence_cut.enabled=false)
2026-07-30 14:46:44,018 [INFO] src.modules.output_profile: 横動画と判定 (入力=2560x1440)
2026-07-30 14:46:44,018 [INFO] src.modules.subtitle_generator: 音声認識開始 (model=large-v3, device=cpu, compute_type=int8, 設定=cpu)
2026-07-30 14:46:44,018 [INFO] src.modules.subtitle_generator: 音声認識実行 (device=cpu, compute_type=int8)
2026-07-30 14:46:51,556 [INFO] src.modules.subtitle_generator: VAD フィルタ有効 (min_silence=500ms, condition_on_previous_text=False)
2026-07-30 14:50:53,998 [INFO] src.modules.subtitle_generator: 音声認識完了 (61 セグメント)
2026-07-30 14:50:54,131 [INFO] src.archive.clip_writer: clip6 prepare 完了 (字幕 61 件)
2026-07-30 14:50:54,540 [INFO] src.modules.silence_cutter: 無音カットスキップ (silence_cut.enabled=false)
2026-07-30 14:50:54,610 [INFO] src.modules.output_profile: 横動画と判定 (入力=2560x1440)
2026-07-30 14:50:54,610 [INFO] src.modules.subtitle_generator: 音声認識開始 (model=large-v3, device=cpu, compute_type=int8, 設定=cpu)
2026-07-30 14:50:54,611 [INFO] src.modules.subtitle_generator: 音声認識実行 (device=cpu, compute_type=int8)
2026-07-30 14:51:01,755 [INFO] src.modules.subtitle_generator: VAD フィルタ有効 (min_silence=500ms, condition_on_previous_text=False)
2026-07-30 14:54:03,485 [INFO] src.modules.subtitle_generator: 音声認識完了 (42 セグメント)
2026-07-30 14:54:03,632 [INFO] src.archive.clip_writer: clip7 prepare 完了 (字幕 42 件)
2026-07-30 14:55:35,844 [INFO] src.modules.output_profile: 横動画と判定 (入力=2560x1440)
2026-07-30 14:55:35,953 [WARNING] src.export.resolve_export: 字幕位置は配置(alignment)＋余白からの近似です。Resolve 取り込み時に位置が中央へ戻る場合があります (フォント/サイズ/色は保持)。
2026-07-30 14:55:35,954 [INFO] src.export.resolve_export: Resolve 出力開始: D:/develop/autoedit/output\archive_vod_2829627792.fcpxml (クリップ 7 件 / 字幕・テーマ 577 件 / 1920x1080 60fps)
2026-07-30 14:55:35,970 [INFO] src.export.resolve_export: Resolve 出力完了: D:/develop/autoedit/output\archive_vod_2829627792.fcpxml (タイムライン尺 1800.00s)
2026-07-30 14:58:38,808 [INFO] src.modules.output_profile: 横動画と判定 (入力=2560x1440)
2026-07-30 14:58:41,785 [INFO] src.export.resolve_export: Resolve 出力開始: D:/develop/autoedit/output\archive_vod_2829627792.fcpxml (クリップ 7 件 / 字幕・テーマ 577 件 / 1920x1080 60fps)
2026-07-30 14:58:41,826 [INFO] src.export.resolve_export: Resolve 出力完了: D:/develop/autoedit/output\archive_vod_2829627792.fcpxml (タイムライン尺 1800.00s)
2026-07-30 17:09:26,949 [INFO] src.archive.clip_writer: 結合出力: D:/develop/autoedit/output\archive_vod_2829627792_combined.mp4 (使用7)
2026-07-30 17:29:02,433 [INFO] src.utils.updater: 非凍結実行のため更新チェックをスキップ
2026-07-30 17:29:09,215 [INFO] src.archive.twitch_auth: Twitch 認証ページを開きます (ポート3737)
2026-07-30 17:29:11,854 [INFO] src.archive.twitch_auth: Twitch ログイン成功
2026-07-30 17:30:02,654 [INFO] src.gui.archive_tab: 無音カット: OFF (アーカイブタブの選択)
2026-07-30 17:30:03,099 [INFO] src.archive.twitch_source: twitch-dl 実行: C:\Users\evolu\AppData\Local\Programs\Python\Python312\Scripts\twitch-dl.EXE download …
2026-07-30 17:30:04,244 [INFO] src.archive.twitch_source: VOD 取得完了: D:\develop\autoedit\src\settings\archive_work\vod_2829627792.mp4
2026-07-30 17:30:04,247 [INFO] src.archive.twitch_source: twitch-dl 実行: C:\Users\evolu\AppData\Local\Programs\Python\Python312\Scripts\twitch-dl.EXE chat …
2026-07-30 17:30:07,399 [INFO] src.archive.twitch_source: コメント取得完了: D:\develop\autoedit\src\settings\archive_work\chat_2829627792.json
2026-07-30 17:30:07,409 [INFO] src.archive.comment_source: チャット読み込み: 233件 (D:\develop\autoedit\src\settings\archive_work\chat_2829627792.json)
2026-07-30 17:30:07,419 [INFO] src.archive.pipeline: アーカイブ採点開始: D:\develop\autoedit\src\settings\archive_work\vod_2829627792.mp4 (窓180s/スライド45s, コメント233件)
2026-07-30 18:23:46,206 [INFO] src.archive.pipeline: コメント集計: 233件 / 平均1.76件/分
2026-07-30 18:23:46,206 [INFO] src.archive.pipeline: 採点完了: 窓174件 → TOP7抽出
2026-07-30 18:23:46,213 [INFO] src.archive.pipeline:   clip1: 2115.0-2295.0 点=47.4 (感情74.8/コメント14.0)
2026-07-30 18:23:46,213 [INFO] src.archive.pipeline:   clip2: 3150.0-3510.0 点=59.5 (感情100.0/コメント10.0)
2026-07-30 18:23:46,213 [INFO] src.archive.pipeline:   clip3: 3870.0-4050.0 点=47.0 (感情85.5/コメント0.0)
2026-07-30 18:23:46,213 [INFO] src.archive.pipeline:   clip4: 5175.0-5715.0 点=63.1 (感情100.0/コメント18.0)
2026-07-30 18:23:46,213 [INFO] src.archive.pipeline:   clip5: 6255.0-6435.0 点=45.2 (感情66.6/コメント19.0)
2026-07-30 18:23:46,213 [INFO] src.archive.pipeline:   clip6: 6840.0-7020.0 点=55.0 (感情100.0/コメント0.0)
2026-07-30 18:23:46,213 [INFO] src.archive.pipeline:   clip7: 7740.0-7920.0 点=44.6 (感情67.9/コメント16.0)
2026-07-30 18:23:46,665 [INFO] src.modules.silence_cutter: 無音カットスキップ (silence_cut.enabled=false)
2026-07-30 18:23:46,738 [INFO] src.modules.output_profile: 横動画と判定 (入力=2560x1440)
2026-07-30 18:24:18,420 [INFO] src.modules.subtitle_generator: 音声認識開始 (model=large-v3, device=cpu, compute_type=int8, 設定=cpu)
2026-07-30 18:24:18,420 [INFO] src.modules.subtitle_generator: 音声認識実行 (device=cpu, compute_type=int8)
2026-07-30 18:24:26,827 [INFO] src.modules.subtitle_generator: VAD フィルタ有効 (min_silence=500ms, condition_on_previous_text=False)
2026-07-30 18:28:33,357 [INFO] src.modules.subtitle_generator: 音声認識完了 (76 セグメント)
2026-07-30 18:28:33,490 [INFO] src.archive.clip_writer: clip1 prepare 完了 (字幕 76 件)
2026-07-30 18:28:34,087 [INFO] src.modules.silence_cutter: 無音カットスキップ (silence_cut.enabled=false)
2026-07-30 18:28:34,152 [INFO] src.modules.output_profile: 横動画と判定 (入力=2560x1440)
2026-07-30 18:28:34,152 [INFO] src.modules.subtitle_generator: 音声認識開始 (model=large-v3, device=cpu, compute_type=int8, 設定=cpu)
2026-07-30 18:28:34,153 [INFO] src.modules.subtitle_generator: 音声認識実行 (device=cpu, compute_type=int8)
2026-07-30 18:28:40,382 [INFO] src.modules.subtitle_generator: VAD フィルタ有効 (min_silence=500ms, condition_on_previous_text=False)
2026-07-30 18:36:22,781 [INFO] src.modules.subtitle_generator: 音声認識完了 (134 セグメント)
2026-07-30 18:36:22,939 [INFO] src.archive.clip_writer: clip2 prepare 完了 (字幕 134 件)
2026-07-30 18:36:23,311 [INFO] src.modules.silence_cutter: 無音カットスキップ (silence_cut.enabled=false)
2026-07-30 18:36:23,380 [INFO] src.modules.output_profile: 横動画と判定 (入力=2560x1440)
2026-07-30 18:36:23,381 [INFO] src.modules.subtitle_generator: 音声認識開始 (model=large-v3, device=cpu, compute_type=int8, 設定=cpu)
2026-07-30 18:36:23,381 [INFO] src.modules.subtitle_generator: 音声認識実行 (device=cpu, compute_type=int8)
2026-07-30 18:36:29,438 [INFO] src.modules.subtitle_generator: VAD フィルタ有効 (min_silence=500ms, condition_on_previous_text=False)
2026-07-30 18:40:26,089 [INFO] src.modules.subtitle_generator: 音声認識完了 (30 セグメント)
2026-07-30 18:40:26,197 [INFO] src.archive.clip_writer: clip3 prepare 完了 (字幕 30 件)
2026-07-30 18:40:27,023 [INFO] src.modules.silence_cutter: 無音カットスキップ (silence_cut.enabled=false)
2026-07-30 18:40:27,088 [INFO] src.modules.output_profile: 横動画と判定 (入力=2560x1440)
2026-07-30 18:40:27,088 [INFO] src.modules.subtitle_generator: 音声認識開始 (model=large-v3, device=cpu, compute_type=int8, 設定=cpu)
2026-07-30 18:40:27,088 [INFO] src.modules.subtitle_generator: 音声認識実行 (device=cpu, compute_type=int8)
2026-07-30 18:40:33,063 [INFO] src.modules.subtitle_generator: VAD フィルタ有効 (min_silence=500ms, condition_on_previous_text=False)
2026-07-30 18:52:10,823 [INFO] src.modules.subtitle_generator: 音声認識完了 (200 セグメント)
2026-07-30 18:52:10,933 [INFO] src.archive.clip_writer: clip4 prepare 完了 (字幕 200 件)
2026-07-30 18:52:11,309 [INFO] src.modules.silence_cutter: 無音カットスキップ (silence_cut.enabled=false)
2026-07-30 18:52:11,376 [INFO] src.modules.output_profile: 横動画と判定 (入力=2560x1440)
2026-07-30 18:52:11,376 [INFO] src.modules.subtitle_generator: 音声認識開始 (model=large-v3, device=cpu, compute_type=int8, 設定=cpu)
2026-07-30 18:52:11,376 [INFO] src.modules.subtitle_generator: 音声認識実行 (device=cpu, compute_type=int8)
2026-07-30 18:52:17,409 [INFO] src.modules.subtitle_generator: VAD フィルタ有効 (min_silence=500ms, condition_on_previous_text=False)
2026-07-30 18:55:07,808 [INFO] src.modules.subtitle_generator: 音声認識完了 (44 セグメント)
2026-07-30 18:55:07,917 [INFO] src.archive.clip_writer: clip5 prepare 完了 (字幕 44 件)
2026-07-30 18:55:08,318 [INFO] src.modules.silence_cutter: 無音カットスキップ (silence_cut.enabled=false)
2026-07-30 18:55:08,381 [INFO] src.modules.output_profile: 横動画と判定 (入力=2560x1440)
2026-07-30 18:55:08,381 [INFO] src.modules.subtitle_generator: 音声認識開始 (model=large-v3, device=cpu, compute_type=int8, 設定=cpu)
2026-07-30 18:55:08,382 [INFO] src.modules.subtitle_generator: 音声認識実行 (device=cpu, compute_type=int8)
2026-07-30 18:55:14,496 [INFO] src.modules.subtitle_generator: VAD フィルタ有効 (min_silence=500ms, condition_on_previous_text=False)
2026-07-30 18:58:49,974 [INFO] src.modules.subtitle_generator: 音声認識完了 (61 セグメント)
2026-07-30 18:58:50,079 [INFO] src.archive.clip_writer: clip6 prepare 完了 (字幕 61 件)
2026-07-30 18:58:50,471 [INFO] src.modules.silence_cutter: 無音カットスキップ (silence_cut.enabled=false)
2026-07-30 18:58:50,534 [INFO] src.modules.output_profile: 横動画と判定 (入力=2560x1440)
2026-07-30 18:58:50,534 [INFO] src.modules.subtitle_generator: 音声認識開始 (model=large-v3, device=cpu, compute_type=int8, 設定=cpu)
2026-07-30 18:58:50,534 [INFO] src.modules.subtitle_generator: 音声認識実行 (device=cpu, compute_type=int8)
2026-07-30 18:58:56,658 [INFO] src.modules.subtitle_generator: VAD フィルタ有効 (min_silence=500ms, condition_on_previous_text=False)
2026-07-30 19:01:38,942 [INFO] src.modules.subtitle_generator: 音声認識完了 (42 セグメント)
2026-07-30 19:01:39,050 [INFO] src.archive.clip_writer: clip7 prepare 完了 (字幕 42 件)
2026-07-31 16:32:07,880 [INFO] src.modules.output_profile: 横動画と判定 (入力=2560x1440)
2026-07-31 16:32:08,041 [INFO] src.export.resolve_export: Resolve 出力開始: D:/develop/autoedit/output\archive_vod_2829627792.fcpxml (クリップ 7 件 / 字幕 caption 587 件 / title・テーマ 0 件 / 1920x1080 60fps)
2026-07-31 16:32:08,081 [INFO] src.export.resolve_export: SRT サイドカー出力: D:/develop/autoedit/output\archive_vod_2829627792.srt (587 件)
2026-07-31 16:32:08,081 [INFO] src.export.resolve_export: 字幕トラックのスタイルは Resolve の字幕トラックヘッダー選択 → インスペクタ → Track Style で一括設定できます (Resolve 19 以降は Text+ スタイルも指定可)。
2026-07-31 16:32:08,081 [INFO] src.export.resolve_export: Resolve 出力完了: D:/develop/autoedit/output\archive_vod_2829627792.fcpxml / D:/develop/autoedit/output\archive_vod_2829627792.srt (タイムライン尺 1800.00s)
2026-07-31 16:37:53,045 [INFO] src.archive.clip_writer: 結果画面でキャンセル → 出力なし
