2026-08-16 17:32:10,056 [INFO] src.utils.updater: 非凍結実行のため更新チェックをスキップ
2026-08-16 17:32:17,446 [INFO] src.archive.twitch_auth: Twitch 認証ページを開きます (ポート3737)
2026-08-16 17:32:22,007 [INFO] src.archive.twitch_auth: Twitch ログイン成功
2026-08-16 17:32:48,705 [INFO] src.gui.archive_tab: 無音カット: ON (アーカイブタブの選択)
2026-08-16 17:32:51,665 [INFO] src.archive.twitch_source: 利用できる画質: 1440p60, 1080p60, 720p60, 360p, Audio Only
2026-08-16 17:32:51,672 [INFO] src.archive.twitch_source: twitch-dl 実行: C:\Users\evolu\AppData\Local\Programs\Python\Python312\Scripts\twitch-dl.EXE download …
2026-08-16 17:36:01,553 [INFO] src.archive.twitch_source: VOD 取得完了: D:\develop\autoedit\src\settings\archive_work\vod_2847676012.mp4 (画質 source)
2026-08-16 17:36:01,569 [INFO] src.archive.twitch_source: twitch-dl 実行: C:\Users\evolu\AppData\Local\Programs\Python\Python312\Scripts\twitch-dl.EXE chat …
2026-08-16 17:36:04,623 [INFO] src.archive.twitch_source: コメント取得完了: D:\develop\autoedit\src\settings\archive_work\chat_2847676012.json
2026-08-16 17:36:04,638 [INFO] src.archive.comment_source: チャット読み込み: 137件 (D:\develop\autoedit\src\settings\archive_work\chat_2847676012.json)
2026-08-16 17:36:04,643 [INFO] src.archive.pipeline: アーカイブ採点開始: D:\develop\autoedit\src\settings\archive_work\vod_2847676012.mp4 (窓180s/スライド45s, コメント137件)
2026-08-16 18:15:25,511 [INFO] src.archive.pipeline: コメント集計: 137件 / 平均1.30件/分
2026-08-16 18:15:25,515 [INFO] src.archive.pipeline: 採点完了: 窓138件 → TOP5抽出
2026-08-16 18:15:25,516 [INFO] src.archive.pipeline:   clip1: 1215.0-1395.0 点=24.3 (感情32.8/コメント14.0)
2026-08-16 18:15:25,517 [INFO] src.archive.pipeline:   clip2: 1935.0-2115.0 点=43.5 (感情70.9/コメント10.0)
2026-08-16 18:15:25,517 [INFO] src.archive.pipeline:   clip3: 2295.0-3375.0 点=41.7 (感情42.2/コメント41.0)
2026-08-16 18:15:25,517 [INFO] src.archive.pipeline:   clip4: 4950.0-5130.0 点=25.8 (感情47.0/コメント0.0)
2026-08-16 18:15:25,517 [INFO] src.archive.pipeline:   clip5: 6165.0-6306.0 点=59.5 (感情100.0/コメント10.0)
2026-08-16 18:15:31,107 [INFO] src.modules.loudness_normalizer: 入力ラウドネス: I=-37.6 LUFS / TP=-14.5 dBTP / LRA=10.6 LU → 目標 I=-14.0 LUFS / TP=-1.0 dBTP (offset 2.0 dB)
2026-08-16 18:15:37,825 [INFO] src.modules.loudness_normalizer: ラウドネス正規化 完了: C:\Users\evolu\AppData\Local\Temp\archive_clips_r83gts04\clip1\normalized.mp4
2026-08-16 18:16:43,134 [INFO] src.modules.volume_analyzer: 発話区間の最低dB=-18 (mean, 測定 1/1 区間)
2026-08-16 18:16:43,135 [INFO] src.archive.clip_writer: clip1: 音量解析によりカット閾値 -18 dB を採用 (測定 1/1 区間・ダイアログ無し)
2026-08-16 18:16:43,220 [INFO] src.modules.output_profile: 横動画と判定 (入力=2560x1440)
2026-08-16 18:17:15,744 [INFO] src.modules.silence_cutter: 編集点検出: 無音 3 件 / 残す区間 4 件 (閾値=-18dB, 最小無音=0.60s, 総尺=180.1s)
2026-08-16 18:17:19,516 [INFO] src.modules.silence_cutter: 認識用音声を抽出: 4 区間 → 177.5s (元 180.1s)
2026-08-16 18:17:55,067 [INFO] src.modules.subtitle_generator: 音声認識開始 (model=large-v3, device=cpu, compute_type=int8, 設定=cpu)
2026-08-16 18:17:55,068 [INFO] src.modules.subtitle_generator: 音声認識実行 (device=cpu, compute_type=int8)
2026-08-16 18:18:02,756 [INFO] src.modules.subtitle_generator: VAD フィルタ有効 (min_silence=500ms, condition_on_previous_text=False)
2026-08-16 18:21:55,631 [INFO] src.modules.subtitle_generator: 音声認識完了 (61 セグメント)
2026-08-16 18:21:55,753 [INFO] src.modules.subtitle_generator: 字幕時刻を Timeline の軸へ写像: 61 → 61 件 (カット区間のため 0 件除外)
2026-08-16 18:21:55,759 [INFO] src.modules.subtitle_generator: テロップ表示タイミング整形: 61 → 61 区間 (max_hold=2.0s, min_dur=0.5s)
2026-08-16 18:21:55,759 [INFO] src.modules.subtitle_generator: 音声認識完了 (Timeline 用 61 件)
2026-08-16 18:21:55,759 [INFO] src.archive.clip_writer: 編集点準備: 残す区間 4 件 / 想定尺 177.45s (素材 180.10s)
2026-08-16 18:21:55,759 [INFO] src.archive.clip_writer: clip1 prepare 完了 (字幕 61 件 / 実カットなし)
2026-08-16 18:22:01,423 [INFO] src.modules.loudness_normalizer: 入力ラウドネス: I=-34.2 LUFS / TP=-14.0 dBTP / LRA=15.1 LU → 目標 I=-14.0 LUFS / TP=-1.0 dBTP (offset 1.7 dB)
2026-08-16 18:22:08,629 [INFO] src.modules.loudness_normalizer: ラウドネス正規化 完了: C:\Users\evolu\AppData\Local\Temp\archive_clips_r83gts04\clip2\normalized.mp4
2026-08-16 18:23:15,981 [INFO] src.modules.volume_analyzer: 発話区間の最低dB=-19 (mean, 測定 1/1 区間)
2026-08-16 18:23:15,981 [INFO] src.archive.clip_writer: clip2: 音量解析によりカット閾値 -19 dB を採用 (測定 1/1 区間・ダイアログ無し)
2026-08-16 18:23:16,069 [INFO] src.modules.output_profile: 横動画と判定 (入力=2560x1440)
2026-08-16 18:23:49,365 [INFO] src.modules.silence_cutter: 編集点検出: 無音 22 件 / 残す区間 23 件 (閾値=-19dB, 最小無音=0.60s, 総尺=180.1s)
2026-08-16 18:23:55,268 [INFO] src.modules.silence_cutter: 認識用音声を抽出: 23 区間 → 161.4s (元 180.1s)
2026-08-16 18:23:55,268 [INFO] src.modules.subtitle_generator: 音声認識開始 (model=large-v3, device=cpu, compute_type=int8, 設定=cpu)
2026-08-16 18:23:55,268 [INFO] src.modules.subtitle_generator: 音声認識実行 (device=cpu, compute_type=int8)
2026-08-16 18:24:01,929 [INFO] src.modules.subtitle_generator: VAD フィルタ有効 (min_silence=500ms, condition_on_previous_text=False)
2026-08-16 18:26:49,627 [INFO] src.modules.subtitle_generator: 音声認識完了 (57 セグメント)
2026-08-16 18:26:49,776 [INFO] src.modules.subtitle_generator: 字幕時刻を Timeline の軸へ写像: 57 → 57 件 (カット区間のため 0 件除外)
2026-08-16 18:26:49,778 [INFO] src.modules.subtitle_generator: テロップ表示タイミング整形: 57 → 57 区間 (max_hold=2.0s, min_dur=0.5s)
2026-08-16 18:26:49,778 [INFO] src.modules.subtitle_generator: 音声認識完了 (Timeline 用 57 件)
2026-08-16 18:26:49,778 [INFO] src.archive.clip_writer: 編集点準備: 残す区間 23 件 / 想定尺 161.42s (素材 180.10s)
2026-08-16 18:26:49,778 [INFO] src.archive.clip_writer: clip2 prepare 完了 (字幕 57 件 / 実カットなし)
2026-08-16 18:27:26,964 [INFO] src.modules.loudness_normalizer: 入力ラウドネス: I=-37.6 LUFS / TP=-13.9 dBTP / LRA=13.4 LU → 目標 I=-14.0 LUFS / TP=-1.0 dBTP (offset 2.2 dB)
2026-08-16 18:28:15,877 [INFO] src.modules.loudness_normalizer: ラウドネス正規化 完了: C:\Users\evolu\AppData\Local\Temp\archive_clips_r83gts04\clip3\normalized.mp4
2026-08-16 18:35:03,544 [INFO] src.modules.volume_analyzer: 発話区間の最低dB=-21 (mean, 測定 5/5 区間)
2026-08-16 18:35:03,545 [INFO] src.archive.clip_writer: clip3: 音量解析によりカット閾値 -21 dB を採用 (測定 5/5 区間・ダイアログ無し)
2026-08-16 18:35:03,644 [INFO] src.modules.output_profile: 横動画と判定 (入力=2560x1440)
2026-08-16 18:38:28,790 [INFO] src.modules.silence_cutter: 編集点検出: 無音 10 件 / 残す区間 11 件 (閾値=-21dB, 最小無音=0.60s, 総尺=1080.1s)
2026-08-16 18:38:51,257 [INFO] src.modules.silence_cutter: 認識用音声を抽出: 11 区間 → 1070.6s (元 1080.1s)
2026-08-16 18:38:51,257 [INFO] src.modules.subtitle_generator: 音声認識開始 (model=large-v3, device=cpu, compute_type=int8, 設定=cpu)
2026-08-16 18:38:51,258 [INFO] src.modules.subtitle_generator: 音声認識実行 (device=cpu, compute_type=int8)
2026-08-16 18:38:59,480 [INFO] src.modules.subtitle_generator: VAD フィルタ有効 (min_silence=500ms, condition_on_previous_text=False)
2026-08-16 18:56:52,664 [INFO] src.modules.subtitle_generator: 音声認識完了 (305 セグメント)
2026-08-16 18:56:52,779 [INFO] src.modules.subtitle_generator: 字幕時刻を Timeline の軸へ写像: 305 → 305 件 (カット区間のため 0 件除外)
2026-08-16 18:56:52,779 [INFO] src.modules.subtitle_generator: テロップ表示タイミング整形: 305 → 305 区間 (max_hold=2.0s, min_dur=0.5s)
2026-08-16 18:56:52,779 [INFO] src.modules.subtitle_generator: 音声認識完了 (Timeline 用 305 件)
2026-08-16 18:56:52,779 [INFO] src.archive.clip_writer: 編集点準備: 残す区間 11 件 / 想定尺 1070.56s (素材 1080.10s)
2026-08-16 18:56:52,779 [INFO] src.archive.clip_writer: clip3 prepare 完了 (字幕 305 件 / 実カットなし)
2026-08-16 18:56:58,426 [INFO] src.modules.loudness_normalizer: 入力ラウドネス: I=-37.5 LUFS / TP=-14.5 dBTP / LRA=9.7 LU → 目標 I=-14.0 LUFS / TP=-1.0 dBTP (offset 1.5 dB)
2026-08-16 18:57:05,171 [INFO] src.modules.loudness_normalizer: ラウドネス正規化 完了: C:\Users\evolu\AppData\Local\Temp\archive_clips_r83gts04\clip4\normalized.mp4
2026-08-16 18:58:09,559 [INFO] src.modules.volume_analyzer: 発話区間の最低dB=-18 (mean, 測定 1/1 区間)
2026-08-16 18:58:09,559 [INFO] src.archive.clip_writer: clip4: 音量解析によりカット閾値 -18 dB を採用 (測定 1/1 区間・ダイアログ無し)
2026-08-16 18:58:09,647 [INFO] src.modules.output_profile: 横動画と判定 (入力=2560x1440)
2026-08-16 18:58:41,791 [INFO] src.modules.silence_cutter: 編集点検出: 無音 5 件 / 残す区間 6 件 (閾値=-18dB, 最小無音=0.60s, 総尺=181.1s)
2026-08-16 18:58:45,950 [INFO] src.modules.silence_cutter: 認識用音声を抽出: 6 区間 → 177.3s (元 181.1s)
2026-08-16 18:58:45,950 [INFO] src.modules.subtitle_generator: 音声認識開始 (model=large-v3, device=cpu, compute_type=int8, 設定=cpu)
2026-08-16 18:58:45,951 [INFO] src.modules.subtitle_generator: 音声認識実行 (device=cpu, compute_type=int8)
2026-08-16 18:58:52,419 [INFO] src.modules.subtitle_generator: VAD フィルタ有効 (min_silence=500ms, condition_on_previous_text=False)
2026-08-16 19:03:54,767 [INFO] src.modules.subtitle_generator: 音声認識完了 (64 セグメント)
2026-08-16 19:03:54,891 [INFO] src.modules.subtitle_generator: 字幕時刻を Timeline の軸へ写像: 64 → 64 件 (カット区間のため 0 件除外)
2026-08-16 19:03:54,891 [INFO] src.modules.subtitle_generator: テロップ表示タイミング整形: 64 → 64 区間 (max_hold=2.0s, min_dur=0.5s)
2026-08-16 19:03:54,891 [INFO] src.modules.subtitle_generator: 音声認識完了 (Timeline 用 64 件)
2026-08-16 19:03:54,898 [INFO] src.archive.clip_writer: 編集点準備: 残す区間 6 件 / 想定尺 177.30s (素材 181.10s)
2026-08-16 19:03:54,898 [INFO] src.archive.clip_writer: clip4 prepare 完了 (字幕 64 件 / 実カットなし)
2026-08-16 19:03:59,077 [INFO] src.modules.loudness_normalizer: 入力ラウドネス: I=-36.3 LUFS / TP=-14.3 dBTP / LRA=9.3 LU → 目標 I=-14.0 LUFS / TP=-1.0 dBTP (offset 0.8 dB)
2026-08-16 19:04:04,393 [INFO] src.modules.loudness_normalizer: ラウドネス正規化 完了: C:\Users\evolu\AppData\Local\Temp\archive_clips_r83gts04\clip5\normalized.mp4
2026-08-16 19:04:57,757 [INFO] src.modules.volume_analyzer: 発話区間の最低dB=-16 (mean, 測定 1/1 区間)
2026-08-16 19:04:57,757 [INFO] src.archive.clip_writer: clip5: 音量解析によりカット閾値 -16 dB を採用 (測定 1/1 区間・ダイアログ無し)
2026-08-16 19:04:57,857 [INFO] src.modules.output_profile: 横動画と判定 (入力=2560x1440)
2026-08-16 19:05:25,239 [INFO] src.modules.silence_cutter: 編集点検出: 無音 0 件 / 残す区間 1 件 (閾値=-16dB, 最小無音=0.60s, 総尺=141.1s)
2026-08-16 19:05:28,210 [INFO] src.modules.silence_cutter: 認識用音声を抽出: 1 区間 → 141.1s (元 141.1s)
2026-08-16 19:05:28,210 [INFO] src.modules.subtitle_generator: 音声認識開始 (model=large-v3, device=cpu, compute_type=int8, 設定=cpu)
2026-08-16 19:05:28,210 [INFO] src.modules.subtitle_generator: 音声認識実行 (device=cpu, compute_type=int8)
2026-08-16 19:05:35,573 [INFO] src.modules.subtitle_generator: VAD フィルタ有効 (min_silence=500ms, condition_on_previous_text=False)
2026-08-16 19:07:29,036 [INFO] src.modules.subtitle_generator: 音声認識完了 (28 セグメント)
2026-08-16 19:07:29,182 [INFO] src.modules.subtitle_generator: 字幕時刻を Timeline の軸へ写像: 28 → 28 件 (カット区間のため 0 件除外)
2026-08-16 19:07:29,182 [INFO] src.modules.subtitle_generator: テロップ表示タイミング整形: 28 → 28 区間 (max_hold=2.0s, min_dur=0.5s)
2026-08-16 19:07:29,184 [INFO] src.modules.subtitle_generator: 音声認識完了 (Timeline 用 28 件)
2026-08-16 19:07:29,184 [INFO] src.archive.clip_writer: 編集点準備: 残す区間 1 件 / 想定尺 141.10s (素材 141.10s)
2026-08-16 19:07:29,184 [INFO] src.archive.clip_writer: clip5 prepare 完了 (字幕 28 件 / 実カットなし)
2026-08-16 19:07:29,257 [INFO] src.archive.timeline_builder: clip1: クリップ終端で打ち切った字幕 1 件 / 載せなかった字幕 0 件
2026-08-16 19:07:29,336 [INFO] src.archive.timeline_builder: clip2: クリップ終端で打ち切った字幕 1 件 / 載せなかった字幕 0 件
2026-08-16 19:07:29,506 [INFO] src.archive.timeline_builder: clip4: クリップ終端で打ち切った字幕 1 件 / 載せなかった字幕 0 件
2026-08-16 19:07:29,575 [INFO] src.archive.timeline_builder: clip5: クリップ終端で打ち切った字幕 1 件 / 載せなかった字幕 0 件
2026-08-16 19:07:29,576 [INFO] src.archive.timeline_builder: アーカイブ Timeline 構築: 5 クリップ / V1 45 本 / S1 515 件 / 全長 1727.8s
2026-08-16 19:19:15,973 [INFO] src.timeline.commands: リップル: 170.203〜177.453s (7.25s) を除去 / 削除 2 件・短縮 0 件・移動 494 件
2026-08-16 19:20:43,526 [INFO] src.timeline.commands: リップル: 172.925〜175.711s (2.79s) を除去 / 削除 1 件・短縮 0 件・移動 492 件
2026-08-16 19:20:44,635 [INFO] src.timeline.commands: リップル: 171.022〜172.898s (1.88s) を除去 / 削除 1 件・短縮 0 件・移動 492 件
2026-08-16 19:20:45,715 [INFO] src.timeline.commands: リップル: 170.203〜171.022s (0.82s) を除去 / 削除 1 件・短縮 0 件・移動 492 件
2026-08-16 19:22:44,678 [INFO] src.timeline.commands: リップル: 162.202〜167.223s (5.02s) を除去 / 削除 1 件・短縮 0 件・移動 494 件
2026-08-16 19:23:32,163 [INFO] src.timeline.commands: リップル: 150.035〜153.783s (3.75s) を除去 / 削除 1 件・短縮 0 件・移動 499 件
2026-08-16 19:26:12,406 [INFO] src.timeline.commands: リップル: 5.740〜8.080s (2.34s) を除去 / 削除 1 件・短縮 0 件・移動 554 件
2026-08-16 19:29:28,690 [INFO] src.timeline.commands: リップル: 19.260〜22.460s (3.20s) を除去 / 削除 1 件・短縮 0 件・移動 549 件
2026-08-16 19:31:47,848 [INFO] src.timeline.commands: リップル: 48.342〜51.919s (3.58s) を除去 / 削除 0 件・短縮 1 件・移動 534 件
2026-08-16 19:33:40,611 [INFO] src.timeline.commands: リップル: 52.808〜54.528s (1.72s) を除去 / 削除 0 件・短縮 1 件・移動 532 件
2026-08-16 19:35:15,663 [INFO] src.timeline.commands: リップル: 63.134〜64.774s (1.64s) を除去 / 削除 0 件・短縮 1 件・移動 527 件
2026-08-16 19:39:32,121 [INFO] src.timeline.commands: リップル: 87.285〜90.452s (3.17s) を除去 / 削除 0 件・短縮 1 件・移動 518 件
2026-08-16 19:53:08,562 [INFO] src.timeline.commands: リップル: 107.470〜110.525s (3.06s) を除去 / 削除 1 件・短縮 0 件・移動 511 件
2026-08-16 20:07:26,245 [INFO] src.timeline.commands: リップル: 124.881〜127.976s (3.09s) を除去 / 削除 1 件・短縮 0 件・移動 502 件
2026-08-16 20:16:50,596 [INFO] src.timeline.commands: リップル: 143.294〜144.414s (1.12s) を除去 / 削除 1 件・短縮 0 件・移動 490 件
2026-08-16 20:17:11,156 [INFO] src.timeline.commands: リップル: 144.014〜146.317s (2.30s) を除去 / 削除 1 件・短縮 0 件・移動 489 件
2026-08-16 20:42:17,403 [INFO] src.timeline.commands: リップル: 155.722〜156.465s (0.74s) を除去 / 削除 1 件・短縮 1 件・移動 479 件
2026-08-16 20:44:53,569 [INFO] src.timeline.commands: リップル: 157.920〜159.662s (1.74s) を除去 / 削除 1 件・短縮 1 件・移動 476 件
2026-08-16 20:50:47,106 [INFO] src.timeline.commands: リップル: 159.827〜160.282s (0.46s) を除去 / 削除 0 件・短縮 2 件・移動 474 件
2026-08-16 20:57:33,793 [INFO] src.timeline.commands: リップル: 167.222〜168.822s (1.60s) を除去 / 削除 0 件・短縮 1 件・移動 469 件
2026-08-16 21:15:44,626 [INFO] src.timeline.commands: リップル: 187.187〜190.820s (3.63s) を除去 / 削除 1 件・短縮 0 件・移動 451 件
2026-08-16 21:16:03,273 [INFO] src.timeline.commands: リップル: 187.187〜188.760s (1.57s) を除去 / 削除 2 件・短縮 0 件・移動 449 件
2026-08-16 21:16:05,076 [INFO] src.timeline.commands: リップル: 187.187〜190.161s (2.97s) を除去 / 削除 1 件・短縮 1 件・移動 447 件
2026-08-16 21:16:06,657 [INFO] src.timeline.commands: リップル: 187.187〜192.216s (5.03s) を除去 / 削除 2 件・短縮 0 件・移動 446 件
2026-08-16 21:16:18,263 [INFO] src.timeline.commands: リップル: 187.187〜217.319s (30.13s) を除去 / 削除 5 件・短縮 0 件・移動 441 件
2026-08-16 21:18:37,444 [INFO] src.timeline.commands: リップル: 187.187〜189.436s (2.25s) を除去 / 削除 1 件・短縮 0 件・移動 439 件
2026-08-16 21:18:38,579 [INFO] src.timeline.commands: リップル: 187.187〜206.583s (19.40s) を除去 / 削除 10 件・短縮 0 件・移動 429 件
2026-08-16 21:19:09,964 [INFO] src.timeline.commands: リップル: 187.187〜189.753s (2.57s) を除去 / 削除 2 件・短縮 0 件・移動 428 件
2026-08-16 21:21:58,111 [INFO] src.timeline.commands: リップル: 195.704〜197.629s (1.93s) を除去 / 削除 0 件・短縮 1 件・移動 422 件
2026-08-16 21:23:24,408 [INFO] src.timeline.commands: リップル: 202.054〜204.606s (2.55s) を除去 / 削除 0 件・短縮 1 件・移動 418 件
2026-08-16 21:23:58,939 [INFO] src.timeline.commands: リップル: 206.154〜215.594s (9.44s) を除去 / 削除 1 件・短縮 0 件・移動 415 件
2026-08-16 21:29:17,777 [INFO] src.timeline.commands: リップル: 216.299〜220.190s (3.89s) を除去 / 削除 0 件・短縮 1 件・移動 408 件
2026-08-16 21:31:04,381 [INFO] src.timeline.commands: リップル: 218.415〜221.165s (2.75s) を除去 / 削除 0 件・短縮 1 件・移動 406 件
2026-08-16 21:34:36,592 [INFO] src.timeline.commands: リップル: 227.239〜235.549s (8.31s) を除去 / 削除 0 件・短縮 1 件・移動 399 件
2026-08-16 21:35:44,130 [INFO] src.timeline.commands: リップル: 232.665〜234.140s (1.47s) を除去 / 削除 0 件・短縮 1 件・移動 397 件
2026-08-16 21:41:38,758 [INFO] src.timeline.commands: リップル: 235.790〜236.734s (0.94s) を除去 / 削除 1 件・短縮 1 件・移動 396 件
2026-08-16 21:48:15,870 [INFO] src.timeline.commands: リップル: 242.570〜243.578s (1.01s) を除去 / 削除 1 件・短縮 0 件・移動 391 件
2026-08-16 21:48:17,117 [INFO] src.timeline.commands: リップル: 242.570〜243.221s (0.65s) を除去 / 削除 1 件・短縮 0 件・移動 390 件
2026-08-16 21:48:17,945 [INFO] src.timeline.commands: リップル: 242.570〜243.191s (0.62s) を除去 / 削除 1 件・短縮 0 件・移動 389 件
2026-08-16 21:48:40,274 [INFO] src.timeline.commands: リップル: 240.530〜242.570s (2.04s) を除去 / 削除 2 件・短縮 0 件・移動 389 件
2026-08-16 21:51:14,021 [INFO] src.timeline.commands: リップル: 254.218〜259.694s (5.48s) を除去 / 削除 0 件・短縮 1 件・移動 381 件
2026-08-16 21:51:58,021 [INFO] src.timeline.commands: リップル: 259.979〜265.344s (5.37s) を除去 / 削除 0 件・短縮 1 件・移動 379 件
2026-08-16 22:03:51,454 [INFO] src.timeline.commands: リップル: 273.804〜277.529s (3.73s) を除去 / 削除 0 件・短縮 1 件・移動 372 件
2026-08-16 22:05:06,551 [INFO] src.timeline.commands: リップル: 283.618〜286.258s (2.64s) を除去 / 削除 1 件・短縮 0 件・移動 369 件
2026-08-16 22:07:46,890 [INFO] src.timeline.commands: リップル: 286.896〜289.021s (2.13s) を除去 / 削除 0 件・短縮 1 件・移動 366 件
2026-08-16 22:16:13,087 [INFO] src.timeline.commands: リップル: 307.543〜309.202s (1.66s) を除去 / 削除 1 件・短縮 1 件・移動 356 件
2026-08-17 19:37:32,479 [INFO] src.timeline.commands: リップル: 297.176〜299.144s (1.97s) を除去 / 削除 0 件・短縮 1 件・移動 362 件
2026-08-17 19:38:00,043 [INFO] src.timeline.commands: リップル: 290.796〜292.962s (2.17s) を除去 / 削除 0 件・短縮 1 件・移動 366 件
2026-08-17 19:39:00,377 [INFO] src.timeline.commands: リップル: 302.066〜303.410s (1.34s) を除去 / 削除 0 件・短縮 1 件・移動 357 件
2026-08-17 19:42:14,418 [INFO] src.timeline.commands: リップル: 303.486〜305.166s (1.68s) を除去 / 削除 0 件・短縮 2 件・移動 355 件
2026-08-17 19:48:31,982 [INFO] src.timeline.commands: リップル: 323.912〜329.872s (5.96s) を除去 / 削除 0 件・短縮 2 件・移動 346 件
2026-08-17 19:50:12,705 [INFO] src.timeline.commands: リップル: 329.412〜330.899s (1.49s) を除去 / 削除 1 件・短縮 0 件・移動 343 件
2026-08-17 19:50:14,917 [INFO] src.timeline.commands: リップル: 329.412〜330.893s (1.48s) を除去 / 削除 1 件・短縮 0 件・移動 342 件
2026-08-17 19:50:53,436 [INFO] src.timeline.commands: リップル: 326.932〜328.032s (1.10s) を除去 / 削除 0 件・短縮 1 件・移動 343 件
2026-08-17 19:51:03,134 [INFO] src.timeline.commands: リップル: 328.312〜328.916s (0.60s) を除去 / 削除 0 件・短縮 1 件・移動 341 件
2026-08-17 19:51:47,147 [INFO] src.timeline.commands: リップル: 330.758〜342.562s (11.80s) を除去 / 削除 0 件・短縮 2 件・移動 339 件
2026-08-17 19:56:13,709 [INFO] src.timeline.commands: リップル: 334.158〜335.018s (0.86s) を除去 / 削除 0 件・短縮 2 件・移動 336 件
2026-08-17 19:58:26,043 [INFO] src.timeline.commands: リップル: 337.778〜339.618s (1.84s) を除去 / 削除 0 件・短縮 2 件・移動 335 件
2026-08-17 20:00:07,915 [INFO] src.timeline.commands: リップル: 339.158〜341.838s (2.68s) を除去 / 削除 0 件・短縮 1 件・移動 334 件
2026-08-17 20:01:54,310 [INFO] src.timeline.commands: リップル: 341.138〜391.358s (50.22s) を除去 / 削除 0 件・短縮 1 件・移動 332 件
2026-08-17 20:06:05,022 [INFO] src.timeline.commands: リップル: 348.301〜349.841s (1.54s) を除去 / 削除 0 件・短縮 1 件・移動 328 件
2026-08-17 20:09:41,106 [INFO] src.timeline.commands: リップル: 348.301〜369.338s (21.04s) を除去 / 削除 8 件・短縮 1 件・移動 320 件
2026-08-17 20:10:04,375 [INFO] src.timeline.commands: リップル: 349.561〜351.401s (1.84s) を除去 / 削除 0 件・短縮 2 件・移動 319 件
2026-08-17 20:12:06,544 [INFO] src.timeline.commands: リップル: 350.581〜354.691s (4.11s) を除去 / 削除 0 件・短縮 2 件・移動 318 件
2026-08-17 20:13:36,868 [INFO] src.timeline.commands: リップル: 352.965〜361.945s (8.98s) を除去 / 削除 0 件・短縮 1 件・移動 315 件
2026-08-17 20:14:28,272 [INFO] src.timeline.commands: リップル: 354.264〜356.364s (2.10s) を除去 / 削除 0 件・短縮 2 件・移動 314 件
2026-08-17 20:21:40,563 [INFO] src.timeline.commands: リップル: 364.564〜366.624s (2.06s) を除去 / 削除 1 件・短縮 1 件・移動 307 件
2026-08-17 20:31:55,118 [INFO] src.timeline.commands: リップル: 375.401〜392.341s (16.94s) を除去 / 削除 5 件・短縮 1 件・移動 289 件
2026-08-17 20:33:43,122 [INFO] src.timeline.commands: リップル: 379.753〜381.953s (2.20s) を除去 / 削除 0 件・短縮 1 件・移動 287 件
2026-08-17 20:34:48,967 [INFO] src.timeline.commands: リップル: 383.633〜384.626s (0.99s) を除去 / 削除 0 件・短縮 2 件・移動 285 件
2026-08-17 20:35:10,033 [INFO] src.timeline.commands: リップル: 381.473〜382.213s (0.74s) を除去 / 削除 1 件・短縮 1 件・移動 287 件
2026-08-17 20:40:44,255 [INFO] src.timeline.commands: リップル: 387.274〜392.854s (5.58s) を除去 / 削除 0 件・短縮 1 件・移動 282 件
2026-08-17 20:44:06,681 [INFO] src.timeline.commands: リップル: 393.938〜406.484s (12.55s) を除去 / 削除 0 件・短縮 1 件・移動 281 件
2026-08-17 20:51:32,917 [INFO] src.timeline.commands: リップル: 413.064〜415.170s (2.11s) を除去 / 削除 0 件・短縮 2 件・移動 275 件
2026-08-17 20:52:29,581 [INFO] src.timeline.commands: リップル: 415.095〜426.547s (11.45s) を除去 / 削除 0 件・短縮 2 件・移動 273 件
2026-08-17 20:53:49,846 [INFO] src.timeline.commands: リップル: 417.214〜419.050s (1.84s) を除去 / 削除 0 件・短縮 2 件・移動 272 件
2026-08-17 20:54:24,859 [INFO] src.timeline.commands: リップル: 418.850〜421.310s (2.46s) を除去 / 削除 0 件・短縮 2 件・移動 272 件
2026-08-17 20:54:44,788 [INFO] src.timeline.commands: リップル: 420.890〜424.310s (3.42s) を除去 / 削除 0 件・短縮 1 件・移動 270 件
2026-08-17 20:57:42,408 [INFO] src.timeline.commands: リップル: 434.522〜436.222s (1.70s) を除去 / 削除 0 件・短縮 2 件・移動 267 件
2026-08-17 20:58:21,191 [INFO] src.timeline.commands: リップル: 436.162〜438.322s (2.16s) を除去 / 削除 0 件・短縮 2 件・移動 266 件
2026-08-17 20:58:57,797 [INFO] src.timeline.commands: リップル: 438.402〜440.242s (1.84s) を除去 / 削除 0 件・短縮 1 件・移動 265 件
2026-08-17 21:00:20,467 [INFO] src.timeline.commands: リップル: 439.802〜444.558s (4.76s) を除去 / 削除 0 件・短縮 2 件・移動 264 件
2026-08-18 12:03:00,722 [INFO] src.timeline.commands: リップル: 443.405〜445.425s (2.02s) を除去 / 削除 1 件・短縮 0 件・移動 263 件
2026-08-18 12:03:15,590 [INFO] src.timeline.commands: リップル: 444.265〜445.905s (1.64s) を除去 / 削除 0 件・短縮 2 件・移動 261 件
2026-08-18 12:05:02,941 [INFO] src.timeline.commands: リップル: 446.342〜464.119s (17.78s) を除去 / 削除 3 件・短縮 1 件・移動 257 件
2026-08-18 12:06:17,614 [INFO] src.timeline.commands: リップル: 453.497〜458.397s (4.90s) を除去 / 削除 0 件・短縮 2 件・移動 253 件
2026-08-18 12:08:00,882 [INFO] src.timeline.commands: リップル: 459.895〜464.725s (4.83s) を除去 / 削除 1 件・短縮 0 件・移動 251 件
2026-08-18 12:09:35,570 [INFO] src.timeline.commands: リップル: 466.281〜471.265s (4.98s) を除去 / 削除 0 件・短縮 2 件・移動 247 件
2026-08-18 12:10:35,033 [INFO] src.timeline.commands: リップル: 471.265〜481.061s (9.80s) を除去 / 削除 0 件・短縮 2 件・移動 244 件
2026-08-18 12:11:50,999 [INFO] src.timeline.commands: リップル: 474.205〜476.745s (2.54s) を除去 / 削除 0 件・短縮 1 件・移動 241 件
2026-08-18 12:12:31,817 [INFO] src.timeline.commands: リップル: 477.385〜479.785s (2.40s) を除去 / 削除 0 件・短縮 1 件・移動 240 件
2026-08-18 12:13:03,644 [INFO] src.timeline.commands: リップル: 478.925〜499.715s (20.79s) を除去 / 削除 0 件・短縮 2 件・移動 239 件
2026-08-18 12:13:43,410 [INFO] src.timeline.commands: リップル: 483.191〜485.575s (2.38s) を除去 / 削除 0 件・短縮 2 件・移動 237 件
2026-08-18 12:14:56,954 [INFO] src.timeline.commands: リップル: 487.648〜491.631s (3.98s) を除去 / 削除 0 件・短縮 1 件・移動 234 件
2026-08-18 12:25:22,753 [INFO] src.modules.subtitle_generator: テロップ個別指定 フォント 0 件 / サイズ 0 件 / 文字色 1 件 / 縁の色 0 件
2026-08-18 12:25:29,313 [INFO] src.modules.subtitle_generator: テロップ個別指定 フォント 0 件 / サイズ 0 件 / 文字色 1 件 / 縁の色 0 件
2026-08-18 12:27:18,356 [INFO] src.timeline.commands: リップル: 518.763〜565.093s (46.33s) を除去 / 削除 5 件・短縮 1 件・移動 219 件
2026-08-18 12:30:19,391 [INFO] src.timeline.commands: リップル: 527.598〜529.198s (1.60s) を除去 / 削除 0 件・短縮 2 件・移動 216 件
2026-08-18 12:31:42,696 [INFO] src.timeline.commands: リップル: 536.823〜539.860s (3.04s) を除去 / 削除 0 件・短縮 2 件・移動 213 件
2026-08-18 12:33:45,667 [INFO] src.timeline.commands: リップル: 540.823〜544.765s (3.94s) を除去 / 削除 0 件・短縮 2 件・移動 209 件
2026-08-18 12:34:58,394 [INFO] src.timeline.commands: リップル: 544.645〜554.451s (9.81s) を除去 / 削除 0 件・短縮 1 件・移動 209 件
2026-08-18 12:41:59,238 [INFO] src.modules.subtitle_generator: テロップ個別指定 フォント 0 件 / サイズ 0 件 / 文字色 1 件 / 縁の色 0 件
2026-08-18 12:42:33,319 [INFO] src.timeline.commands: リップル: 581.581〜584.961s (3.38s) を除去 / 削除 0 件・短縮 2 件・移動 197 件
2026-08-18 12:43:18,905 [INFO] src.timeline.commands: リップル: 583.581〜587.243s (3.66s) を除去 / 削除 0 件・短縮 2 件・移動 196 件
2026-08-18 12:44:16,746 [INFO] src.timeline.commands: リップル: 586.301〜589.873s (3.57s) を除去 / 削除 0 件・短縮 2 件・移動 194 件
2026-08-18 12:44:40,134 [INFO] src.timeline.commands: リップル: 586.941〜588.421s (1.48s) を除去 / 削除 0 件・短縮 2 件・移動 193 件
2026-08-18 12:49:06,085 [INFO] src.timeline.commands: リップル: 593.194〜596.114s (2.92s) を除去 / 削除 0 件・短縮 2 件・移動 191 件
2026-08-18 12:51:49,589 [INFO] src.timeline.commands: リップル: 608.778〜609.681s (0.90s) を除去 / 削除 0 件・短縮 2 件・移動 185 件
2026-08-18 12:54:02,793 [INFO] src.timeline.commands: リップル: 612.098〜669.038s (56.94s) を除去 / 削除 12 件・短縮 1 件・移動 172 件
2026-08-18 12:58:37,680 [INFO] src.timeline.commands: リップル: 627.425〜629.425s (2.00s) を除去 / 削除 0 件・短縮 1 件・移動 166 件
2026-08-18 13:02:13,465 [INFO] src.timeline.commands: リップル: 640.128〜682.028s (41.90s) を除去 / 削除 11 件・短縮 2 件・移動 151 件
2026-08-18 13:04:33,684 [INFO] src.modules.subtitle_generator: テロップ個別指定 フォント 0 件 / サイズ 0 件 / 文字色 1 件 / 縁の色 0 件
2026-08-18 13:08:05,740 [INFO] src.timeline.commands: リップル: 640.128〜659.959s (19.83s) を除去 / 削除 10 件・短縮 1 件・移動 141 件
2026-08-18 13:08:17,970 [INFO] src.timeline.commands: リップル: 659.979〜661.299s (1.32s) を除去 / 削除 0 件・短縮 2 件・移動 140 件
2026-08-18 13:08:49,151 [INFO] src.timeline.commands: リップル: 661.459〜662.279s (0.82s) を除去 / 削除 0 件・短縮 1 件・移動 139 件
2026-08-18 13:21:12,242 [INFO] src.timeline.commands: リップル: 661.459〜685.568s (24.11s) を除去 / 削除 11 件・短縮 1 件・移動 126 件
2026-08-18 13:21:18,139 [INFO] src.timeline.commands: リップル: 685.568〜688.028s (2.46s) を除去 / 削除 0 件・短縮 1 件・移動 126 件
2026-08-18 13:24:28,185 [INFO] src.timeline.commands: リップル: 704.635〜711.328s (6.69s) を除去 / 削除 0 件・短縮 2 件・移動 117 件
2026-08-18 13:24:55,063 [INFO] src.timeline.commands: リップル: 708.358〜711.325s (2.97s) を除去 / 削除 0 件・短縮 1 件・移動 115 件
2026-08-18 13:25:55,846 [INFO] src.timeline.commands: リップル: 710.878〜713.248s (2.37s) を除去 / 削除 0 件・短縮 2 件・移動 113 件
2026-08-18 13:27:01,036 [INFO] src.timeline.commands: リップル: 704.635〜708.358s (3.72s) を除去 / 削除 1 件・短縮 0 件・移動 117 件
2026-08-18 13:27:02,148 [INFO] src.timeline.commands: リップル: 704.635〜707.155s (2.52s) を除去 / 削除 3 件・短縮 0 件・移動 114 件
2026-08-18 13:27:10,748 [INFO] src.timeline.commands: リップル: 704.635〜717.326s (12.69s) を除去 / 削除 2 件・短縮 0 件・移動 113 件
2026-08-18 13:30:45,296 [INFO] src.timeline.commands: リップル: 726.530〜727.790s (1.26s) を除去 / 削除 0 件・短縮 2 件・移動 102 件
2026-08-18 13:30:58,311 [INFO] src.timeline.commands: リップル: 727.230〜728.794s (1.56s) を除去 / 削除 0 件・短縮 2 件・移動 102 件
2026-08-18 13:31:37,290 [INFO] src.timeline.commands: リップル: 718.510〜725.810s (7.30s) を除去 / 削除 0 件・短縮 1 件・移動 105 件
2026-08-18 13:44:43,972 [INFO] src.timeline.commands: リップル: 1032.460〜1039.621s (7.16s) を除去 / 削除 0 件・短縮 1 件・移動 2 件
2026-08-18 13:47:12,353 [INFO] src.timeline.commands: リップル: 908.281〜978.860s (70.58s) を除去 / 削除 9 件・短縮 2 件・移動 19 件
2026-08-18 13:49:55,372 [INFO] src.modules.subtitle_generator: テロップ個別指定 フォント 0 件 / サイズ 0 件 / 文字色 1 件 / 縁の色 0 件
2026-08-18 13:50:18,424 [INFO] src.timeline.commands: リップル: 921.946〜924.403s (2.46s) を除去 / 削除 0 件・短縮 2 件・移動 14 件
2026-08-18 13:51:30,804 [INFO] src.timeline.commands: リップル: 931.856〜934.506s (2.65s) を除去 / 削除 0 件・短縮 1 件・移動 9 件
2026-08-18 13:52:18,199 [INFO] src.timeline.commands: リップル: 936.012〜937.632s (1.62s) を除去 / 削除 0 件・短縮 1 件・移動 8 件
2026-08-18 13:57:12,927 [INFO] src.modules.subtitle_generator: テロップ個別指定 フォント 0 件 / サイズ 1 件 / 文字色 0 件 / 縁の色 0 件
2026-08-18 13:58:59,757 [INFO] src.timeline.commands: リップル: 723.410〜730.960s (7.55s) を除去 / 削除 2 件・短縮 0 件・移動 92 件
2026-08-18 13:59:46,345 [INFO] src.timeline.commands: リップル: 723.410〜759.830s (36.42s) を除去 / 削除 15 件・短縮 0 件・移動 77 件
2026-08-18 14:01:12,980 [INFO] src.timeline.commands: リップル: 733.963〜734.636s (0.67s) を除去 / 削除 0 件・短縮 2 件・移動 72 件
2026-08-18 14:01:58,820 [INFO] src.timeline.commands: リップル: 736.760〜739.559s (2.80s) を除去 / 削除 0 件・短縮 1 件・移動 70 件
2026-08-18 14:03:08,761 [INFO] src.timeline.commands: リップル: 744.942〜748.558s (3.62s) を除去 / 削除 0 件・短縮 1 件・移動 67 件
2026-08-18 14:03:51,078 [INFO] src.timeline.commands: リップル: 746.362〜747.882s (1.52s) を除去 / 削除 0 件・短縮 2 件・移動 66 件
2026-08-18 14:05:14,474 [INFO] src.timeline.commands: リップル: 752.338〜752.956s (0.62s) を除去 / 削除 0 件・短縮 2 件・移動 62 件
2026-08-18 14:05:20,410 [INFO] src.timeline.commands: リップル: 753.566〜754.036s (0.47s) を除去 / 削除 0 件・短縮 2 件・移動 61 件
2026-08-18 14:05:24,729 [INFO] src.timeline.commands: リップル: 753.566〜754.507s (0.94s) を除去 / 削除 0 件・短縮 2 件・移動 60 件
2026-08-18 14:06:24,931 [INFO] src.timeline.commands: リップル: 755.746〜756.506s (0.76s) を除去 / 削除 0 件・短縮 2 件・移動 58 件
2026-08-18 14:06:55,125 [INFO] src.timeline.commands: リップル: 759.050〜761.266s (2.22s) を除去 / 削除 0 件・短縮 2 件・移動 56 件
2026-08-18 14:08:13,275 [INFO] src.timeline.commands: リップル: 816.562〜850.699s (34.14s) を除去 / 削除 11 件・短縮 1 件・移動 21 件
2026-08-18 14:08:38,001 [INFO] src.timeline.commands: リップル: 768.640〜770.490s (1.85s) を除去 / 削除 0 件・短縮 1 件・移動 41 件
2026-08-18 14:16:14,275 [INFO] src.timeline.commands: リップル: 774.052〜814.692s (40.64s) を除去 / 削除 17 件・短縮 0 件・移動 21 件
2026-08-18 14:23:34,078 [INFO] src.timeline.commands: リップル: 26.845〜28.845s (2.00s) を除去 / 削除 0 件・短縮 2 件・移動 486 件
2026-08-18 14:23:43,525 [INFO] src.timeline.commands: リップル: 31.265〜33.425s (2.16s) を除去 / 削除 0 件・短縮 2 件・移動 484 件
2026-08-18 14:24:33,005 [INFO] src.timeline.commands: リップル: 54.315〜56.575s (2.26s) を除去 / 削除 0 件・短縮 2 件・移動 472 件
2026-08-18 14:29:12,075 [INFO] src.timeline.commands: リップル: 80.865〜81.125s (0.26s) を除去 / 削除 0 件・短縮 1 件・移動 462 件
2026-08-18 14:31:44,092 [INFO] src.timeline.commands: リップル: 107.617〜108.657s (1.04s) を除去 / 削除 1 件・短縮 1 件・移動 449 件
2026-08-18 14:31:59,136 [INFO] src.timeline.commands: リップル: 100.790〜106.077s (5.29s) を除去 / 削除 2 件・短縮 1 件・移動 452 件
2026-08-18 14:32:04,224 [INFO] src.timeline.commands: リップル: 106.077〜106.837s (0.76s) を除去 / 削除 0 件・短縮 2 件・移動 451 件
2026-08-18 14:33:43,576 [INFO] src.timeline.commands: リップル: 129.087〜129.767s (0.68s) を除去 / 削除 0 件・短縮 2 件・移動 433 件
2026-08-18 14:36:14,632 [INFO] src.timeline.commands: リップル: 163.224〜166.679s (3.45s) を除去 / 削除 0 件・短縮 2 件・移動 402 件
2026-08-18 14:36:36,365 [INFO] src.timeline.commands: リップル: 169.635〜170.483s (0.85s) を除去 / 削除 0 件・短縮 2 件・移動 393 件
2026-08-18 14:41:30,734 [INFO] src.timeline.commands: リップル: 235.789〜238.531s (2.74s) を除去 / 削除 0 件・短縮 2 件・移動 343 件
2026-08-18 14:52:30,718 [INFO] src.modules.output_profile: 横動画と判定 (入力=2560x1440)
2026-08-18 14:52:30,829 [WARNING] src.export.resolve_export: テーマ演出はテキストと区間のみを出力します (ブラー・黒帯などの映像エフェクトは FCPXML で表現できません)。
2026-08-18 14:52:30,830 [WARNING] src.export.resolve_export: 字幕位置は配置(alignment)＋余白からの近似です。Resolve 取り込み時に位置が中央へ戻る場合があります (フォント/サイズ/色は保持)。
2026-08-18 14:52:30,830 [INFO] src.export.resolve_export: Resolve 出力開始: D:/develop/autoedit/output\archive_vod_2847676012.fcpxml (クリップ 141 件 / 字幕 caption 369 件 / title・テーマ 10 件 / 1920x1080 60fps)
2026-08-18 14:52:30,862 [INFO] src.export.resolve_export: SRT サイドカー出力: D:/develop/autoedit/output\archive_vod_2847676012.srt (369 件)
2026-08-18 14:52:30,863 [INFO] src.export.resolve_export: 字幕トラックのスタイルは Resolve の字幕トラックヘッダー選択 → インスペクタ → Track Style で一括設定できます (Resolve 19 以降は Text+ スタイルも指定可)。
2026-08-18 14:52:30,863 [INFO] src.export.resolve_export: Resolve 出力完了: D:/develop/autoedit/output\archive_vod_2847676012.fcpxml / D:/develop/autoedit/output\archive_vod_2847676012.srt (タイムライン尺 829.46s)
2026-08-18 14:52:36,645 [INFO] src.timeline.renderer: ベース映像構築: 20 クリップ / ギャップ 0 件 / 合計 130.5s
2026-08-18 14:52:36,651 [INFO] src.timeline.renderer: 素材を正規化: normalized.mp4 (2560x1440 60fps → 1920x1080 60fps)
2026-08-18 14:55:54,298 [INFO] src.timeline.renderer: 字幕焼き込み: 56 件
2026-08-18 15:01:04,287 [INFO] src.archive.clip_writer: clip1: 左上テーマタグを焼き込み
2026-08-18 15:01:07,930 [INFO] src.archive.clip_writer: clip1: イントロカード生成 (3.00s, テーマ=〇〇〇選手権)
2026-08-18 15:01:07,933 [INFO] src.timeline.renderer: ベース映像構築: 19 クリップ / ギャップ 0 件 / 合計 62.2s
2026-08-18 15:01:07,938 [INFO] src.timeline.renderer: 素材を正規化: normalized.mp4 (2560x1440 60fps → 1920x1080 60fps)
2026-08-18 15:02:33,145 [INFO] src.timeline.renderer: 字幕焼き込み: 38 件
2026-08-18 15:04:32,292 [INFO] src.archive.clip_writer: clip2: 左上テーマタグを焼き込み
2026-08-18 15:04:35,859 [INFO] src.archive.clip_writer: clip2: イントロカード生成 (3.00s, テーマ=地獄の始まり)
2026-08-18 15:04:35,861 [INFO] src.timeline.renderer: ベース映像構築: 81 クリップ / ギャップ 1 件 / 合計 514.5s
2026-08-18 15:04:35,866 [INFO] src.timeline.renderer: 素材を正規化: normalized.mp4 (2560x1440 60fps → 1920x1080 60fps)
2026-08-18 15:15:39,324 [INFO] src.modules.subtitle_generator: テロップ個別指定 フォント 0 件 / サイズ 0 件 / 文字色 9 件 / 縁の色 0 件
2026-08-18 15:15:39,325 [INFO] src.timeline.renderer: オーバーレイ合成: 7 層 (追加入力 3 件)
2026-08-18 15:34:52,244 [INFO] src.archive.clip_writer: clip3: 左上テーマタグを焼き込み
2026-08-18 15:34:56,012 [INFO] src.archive.clip_writer: clip3: イントロカード生成 (3.00s, テーマ=安価メニューを決めよう)
2026-08-18 15:34:56,014 [INFO] src.timeline.renderer: ベース映像構築: 11 クリップ / ギャップ 0 件 / 合計 50.6s
2026-08-18 15:34:56,020 [INFO] src.timeline.renderer: 素材を正規化: normalized.mp4 (2560x1440 60fps → 1920x1080 60fps)
2026-08-18 15:36:02,176 [INFO] src.timeline.renderer: 字幕焼き込み: 23 件
2026-08-18 15:37:40,629 [INFO] src.archive.clip_writer: clip4: 左上テーマタグを焼き込み
2026-08-18 15:37:44,136 [INFO] src.archive.clip_writer: clip4: イントロカード生成 (3.00s, テーマ=食べきりました)
2026-08-18 15:37:44,138 [INFO] src.timeline.renderer: ベース映像構築: 5 クリップ / ギャップ 0 件 / 合計 56.6s
2026-08-18 15:37:44,143 [INFO] src.timeline.renderer: 素材を正規化: normalized.mp4 (2560x1440 60fps → 1920x1080 60fps)
2026-08-18 15:39:09,137 [INFO] src.modules.subtitle_generator: テロップ個別指定 フォント 0 件 / サイズ 1 件 / 文字色 1 件 / 縁の色 0 件
2026-08-18 15:39:09,139 [INFO] src.timeline.renderer: オーバーレイ合成: 3 層 (追加入力 1 件)
2026-08-18 15:41:29,227 [INFO] src.archive.clip_writer: clip5: 左上テーマタグを焼き込み
2026-08-18 15:41:34,223 [INFO] src.archive.clip_writer: clip5: イントロカード生成 (3.00s, テーマ=さぁて次は？)
2026-08-18 15:54:29,602 [INFO] src.archive.clip_writer: 結合出力: D:/develop/autoedit/output\archive_vod_2847676012_combined.mp4 (使用5)
